Component: ARM Compiler 5.06 update 7 (build 960) Tool: armlink [4d3601]

==============================================================================

Section Cross References

    startup_stm32f40_41xxx.o(STACK) refers (Special) to heapauxi.o(.text) for __use_two_region_memory
    startup_stm32f40_41xxx.o(HEAP) refers (Special) to heapauxi.o(.text) for __use_two_region_memory
    startup_stm32f40_41xxx.o(RESET) refers (Special) to heapauxi.o(.text) for __use_two_region_memory
    startup_stm32f40_41xxx.o(RESET) refers to startup_stm32f40_41xxx.o(STACK) for __initial_sp
    startup_stm32f40_41xxx.o(RESET) refers to startup_stm32f40_41xxx.o(.text) for Reset_Handler
    startup_stm32f40_41xxx.o(RESET) refers to stm32f4xx_it.o(i.NMI_Handler) for NMI_Handler
    startup_stm32f40_41xxx.o(RESET) refers to stm32f4xx_it.o(i.HardFault_Handler) for HardFault_Handler
    startup_stm32f40_41xxx.o(RESET) refers to stm32f4xx_it.o(i.MemManage_Handler) for MemManage_Handler
    startup_stm32f40_41xxx.o(RESET) refers to stm32f4xx_it.o(i.BusFault_Handler) for BusFault_Handler
    startup_stm32f40_41xxx.o(RESET) refers to stm32f4xx_it.o(i.UsageFault_Handler) for UsageFault_Handler
    startup_stm32f40_41xxx.o(RESET) refers to port.o(.emb_text) for SVC_Handler
    startup_stm32f40_41xxx.o(RESET) refers to stm32f4xx_it.o(i.DebugMon_Handler) for DebugMon_Handler
    startup_stm32f40_41xxx.o(RESET) refers to delay.o(i.SysTick_Handler) for SysTick_Handler
    startup_stm32f40_41xxx.o(RESET) refers to can_1_receive.o(i.CAN1_RX0_IRQHandler) for CAN1_RX0_IRQHandler
    startup_stm32f40_41xxx.o(RESET) refers to time.o(i.TIM2_IRQHandler) for TIM2_IRQHandler
    startup_stm32f40_41xxx.o(RESET) refers to capacitor_control.o(i.USART2_IRQHandler) for USART2_IRQHandler
    startup_stm32f40_41xxx.o(RESET) refers to time.o(i.TIM6_DAC_IRQHandler) for TIM6_DAC_IRQHandler
    startup_stm32f40_41xxx.o(RESET) refers to can_2_receive.o(i.CAN2_RX0_IRQHandler) for CAN2_RX0_IRQHandler
    startup_stm32f40_41xxx.o(RESET) refers to remotecontrol.o(i.DMA2_Stream5_IRQHandler) for DMA2_Stream5_IRQHandler
    startup_stm32f40_41xxx.o(RESET) refers to usart.o(i.DMA2_Stream6_IRQHandler) for DMA2_Stream6_IRQHandler
    startup_stm32f40_41xxx.o(RESET) refers to usart.o(i.USART6_IRQHandler) for USART6_IRQHandler
    startup_stm32f40_41xxx.o(.text) refers (Special) to heapauxi.o(.text) for __use_two_region_memory
    startup_stm32f40_41xxx.o(.text) refers to system_stm32f4xx.o(i.SystemInit) for SystemInit
    startup_stm32f40_41xxx.o(.text) refers to __main.o(!!!main) for __main
    startup_stm32f40_41xxx.o(.text) refers to startup_stm32f40_41xxx.o(HEAP) for Heap_Mem
    startup_stm32f40_41xxx.o(.text) refers to startup_stm32f40_41xxx.o(STACK) for Stack_Mem
    main.o(i.main) refers to sysinit.o(i.System_Init) for System_Init
    main.o(i.main) refers to task_start.o(i.StartTask) for StartTask
    main.o(i.main) refers to tasks.o(i.vTaskStartScheduler) for vTaskStartScheduler
    system_stm32f4xx.o(i.SystemCoreClockUpdate) refers to system_stm32f4xx.o(.data) for .data
    system_stm32f4xx.o(i.SystemInit) refers to system_stm32f4xx.o(i.SetSysClock) for SetSysClock
    stm32f4xx_adc.o(i.ADC_DeInit) refers to stm32f4xx_rcc.o(i.RCC_APB2PeriphResetCmd) for RCC_APB2PeriphResetCmd
    stm32f4xx_can.o(i.CAN_DeInit) refers to stm32f4xx_rcc.o(i.RCC_APB1PeriphResetCmd) for RCC_APB1PeriphResetCmd
    stm32f4xx_can.o(i.CAN_GetITStatus) refers to stm32f4xx_can.o(i.CheckITStatus) for CheckITStatus
    stm32f4xx_cryp.o(i.CRYP_DeInit) refers to stm32f4xx_rcc.o(i.RCC_AHB2PeriphResetCmd) for RCC_AHB2PeriphResetCmd
    stm32f4xx_cryp_aes.o(i.CRYP_AES_CBC) refers to stm32f4xx_cryp.o(i.CRYP_KeyStructInit) for CRYP_KeyStructInit
    stm32f4xx_cryp_aes.o(i.CRYP_AES_CBC) refers to stm32f4xx_cryp.o(i.CRYP_KeyInit) for CRYP_KeyInit
    stm32f4xx_cryp_aes.o(i.CRYP_AES_CBC) refers to stm32f4xx_cryp.o(i.CRYP_Init) for CRYP_Init
    stm32f4xx_cryp_aes.o(i.CRYP_AES_CBC) refers to stm32f4xx_cryp.o(i.CRYP_IVInit) for CRYP_IVInit
    stm32f4xx_cryp_aes.o(i.CRYP_AES_CBC) refers to stm32f4xx_cryp.o(i.CRYP_FIFOFlush) for CRYP_FIFOFlush
    stm32f4xx_cryp_aes.o(i.CRYP_AES_CBC) refers to stm32f4xx_cryp.o(i.CRYP_Cmd) for CRYP_Cmd
    stm32f4xx_cryp_aes.o(i.CRYP_AES_CBC) refers to stm32f4xx_cryp.o(i.CRYP_GetCmdStatus) for CRYP_GetCmdStatus
    stm32f4xx_cryp_aes.o(i.CRYP_AES_CBC) refers to stm32f4xx_cryp.o(i.CRYP_GetFlagStatus) for CRYP_GetFlagStatus
    stm32f4xx_cryp_aes.o(i.CRYP_AES_CBC) refers to stm32f4xx_cryp.o(i.CRYP_DataIn) for CRYP_DataIn
    stm32f4xx_cryp_aes.o(i.CRYP_AES_CBC) refers to stm32f4xx_cryp.o(i.CRYP_DataOut) for CRYP_DataOut
    stm32f4xx_cryp_aes.o(i.CRYP_AES_CCM) refers to stm32f4xx_cryp.o(i.CRYP_KeyStructInit) for CRYP_KeyStructInit
    stm32f4xx_cryp_aes.o(i.CRYP_AES_CCM) refers to stm32f4xx_cryp.o(i.CRYP_FIFOFlush) for CRYP_FIFOFlush
    stm32f4xx_cryp_aes.o(i.CRYP_AES_CCM) refers to stm32f4xx_cryp.o(i.CRYP_KeyInit) for CRYP_KeyInit
[...]
    .bss                                     0x200134ec   Section      151  refereedeal.o(.bss)
    .bss                                     0x20013584   Section      144  can_1_receive.o(.bss)
    motor_chassis                            0x20013584   Data          96  can_1_receive.o(.bss)
    motor_fire                               0x200135e4   Data          24  can_1_receive.o(.bss)
    motor_yaw                                0x200135fc   Data          24  can_1_receive.o(.bss)
    .bss                                     0x20013614   Section       20  can_2_receive.o(.bss)
    rx2_message                              0x20013614   Data          20  can_2_receive.o(.bss)
    .bss                                     0x20013628   Section       40  remotecontrol.o(.bss)
    Usart1_Rx                                0x20013628   Data          18  remotecontrol.o(.bss)
    .bss                                     0x20013650   Section       25  capacitor_control.o(.bss)
    GyroDataBuffer_rx                        0x20013650   Data          25  capacitor_control.o(.bss)
    .bss                                     0x2001366c   Section      716  task_chassis.o(.bss)
    .bss                                     0x20013938   Section       92  task_fire.o(.bss)
    .bss                                     0x20013994   Section       96  libspace.o(.bss)
    HEAP                                     0x200139f8   Section      512  startup_stm32f40_41xxx.o(HEAP)
    Heap_Mem                                 0x200139f8   Data         512  startup_stm32f40_41xxx.o(HEAP)
    STACK                                    0x20013bf8   Section     1024  startup_stm32f40_41xxx.o(STACK)
    Stack_Mem                                0x20013bf8   Data        1024  startup_stm32f40_41xxx.o(STACK)
    __initial_sp                             0x20013ff8   Data           0  startup_stm32f40_41xxx.o(STACK)

    Global Symbols

    Symbol Name                              Value     Ov Type        Size  Object(Section)

    BuildAttributes$$THM_ISAv4$E$P$D$K$B$S$7EM$VFPi3$EXTD16$VFPS$VFMA$PE$A:L22UL41UL21$X:L11$S22US41US21$IEEE1$IW$USESV6$~STKCKD$USESV7$~SHL$OTIME$ROPI$EBA8$UX$STANDARDLIB$REQ8$PRES8$EABIv2 0x00000000   Number         0  anon$$obj.o ABSOLUTE
    __ARM_use_no_argv                        0x00000000   Number         0  main.o ABSOLUTE
    __ARM_exceptions_init                     - Undefined Weak Reference
    __alloca_initialize                       - Undefined Weak Reference
    __arm_fini_                               - Undefined Weak Reference
    __arm_preinit_                            - Undefined Weak Reference
    __cpp_initialize__aeabi_                  - Undefined Weak Reference
    __cxa_finalize                            - Undefined Weak Reference
    __rt_locale                               - Undefined Weak Reference
    __sigvec_lookup                           - Undefined Weak Reference
    __user_heap_extent                        - Undefined Weak Reference
    _atexit_init                              - Undefined Weak Reference
    _call_atexit_fns                          - Undefined Weak Reference
    _clock_init                               - Undefined Weak Reference
    _fp_trap_init                             - Undefined Weak Reference
    _fp_trap_shutdown                         - Undefined Weak Reference
    _get_lc_collate                           - Undefined Weak Reference
    _get_lc_ctype                             - Undefined Weak Reference
    _get_lc_monetary                          - Undefined Weak Reference
    _get_lc_numeric                           - Undefined Weak Reference
    _get_lc_time                              - Undefined Weak Reference
    _getenv_init                              - Undefined Weak Reference
    _handle_redirection                       - Undefined Weak Reference
    _initio                                   - Undefined Weak Reference
    _mutex_acquire                            - Undefined Weak Reference
    _mutex_free                               - Undefined Weak Reference
    _mutex_release                            - Undefined Weak Reference
    _rand_init                                - Undefined Weak Reference
    _signal_finish                            - Undefined Weak Reference
    _signal_init                              - Undefined Weak Reference
    _terminateio                              - Undefined Weak Reference
    __Vectors_Size                           0x00000188   Number         0  startup_stm32f40_41xxx.o ABSOLUTE
    __Vectors                                0x08000000   Data           4  startup_stm32f40_41xxx.o(RESET)
    __Vectors_End                            0x08000188   Data           0  startup_stm32f40_41xxx.o(RESET)
    __main                                   0x08000189   Thumb Code     8  __main.o(!!!main)
    __scatterload                            0x08000191   Thumb Code     0  __scatter.o(!!!scatter)
    __scatterload_rt2                        0x08000191   Thumb Code    44  __scatter.o(!!!scatter)
    __scatterload_rt2_thumb_only             0x08000191   Thumb Code     0  __scatter.o(!!!scatter)
    __scatterload_null                       0x0800019f   Thumb Code     0  __scatter.o(!!!scatter)
    __decompress                             0x080001c5   Thumb Code    90  __dczerorl2.o(!!dczerorl2)
    __decompress1                            0x080001c5   Thumb Code     0  __dczerorl2.o(!!dczerorl2)
    __scatterload_zeroinit                   0x08000221   Thumb Code    28  __scatter_zi.o(!!handler_zi)
    __rt_lib_init                            0x0800023d   Thumb Code     0  libinit.o(.ARM.Collect$$libinit$$00000000)
    __rt_lib_init_fp_1                       0x0800023f   Thumb Code     0  libinit2.o(.ARM.Collect$$libinit$$00000001)
    __rt_lib_init_alloca_1                   0x08000243   Thumb Code     0  libinit2.o(.ARM.Collect$$libinit$$0000002E)
    __rt_lib_init_argv_1                     0x08000243   Thumb Code     0  libinit2.o(.ARM.Collect$$libinit$$0000002C)
    __rt_lib_init_atexit_1                   0x08000243   Thumb Code     0  libinit2.o(.ARM.Collect$$libinit$$0000001B)
    __rt_lib_init_clock_1                    0x08000243   Thumb Code     0  libinit2.o(.ARM.Collect$$libinit$$00000021)
    __rt_lib_init_cpp_1                      0x08000243   Thumb Code     0  libinit2.o(.ARM.Collect$$libinit$$00000032)
    __rt_lib_init_exceptions_1               0x08000243   Thumb Code     0  libinit2.o(.ARM.Collect$$libinit$$00000030)
    __rt_lib_init_fp_trap_1                  0x08000243   Thumb Code     0  libinit2.o(.ARM.Collect$$libinit$$0000001F)
    __rt_lib_init_getenv_1                   0x08000243   Thumb Code     0  libinit2.o(.ARM.Collect$$libinit$$00000023)
    __rt_lib_init_heap_1                     0x08000243   Thumb Code     0  libinit2.o(.ARM.Collect$$libinit$$0000000A)
    __rt_lib_init_lc_collate_1               0x08000243   Thumb Code     0  libinit2.o(.ARM.Collect$$libinit$$00000011)
    __rt_lib_init_lc_ctype_1                 0x08000243   Thumb Code     0  libinit2.o(.ARM.Collect$$libinit$$00000013)
    __rt_lib_init_lc_monetary_1              0x08000243   Thumb Code     0  libinit2.o(.ARM.Collect$$libinit$$00000015)
    __rt_lib_init_lc_numeric_1               0x08000243   Thumb Code     0  libinit2.o(.ARM.Collect$$libinit$$00000017)
    __rt_lib_init_lc_time_1                  0x08000243   Thumb Code     0  libinit2.o(.ARM.Collect$$libinit$$00000019)
    __rt_lib_init_preinit_1                  0x08000243   Thumb Code     0  libinit2.o(.ARM.Collect$$libinit$$00000004)
    __rt_lib_init_rand_1                     0x08000243   Thumb Code     0  libinit2.o(.ARM.Collect$$libinit$$0000000E)
    __rt_lib_init_return                     0x08000243   Thumb Code     0  libinit2.o(.ARM.Collect$$libinit$$00000033)
    __rt_lib_init_signal_1                   0x08000243   Thumb Code     0  libinit2.o(.ARM.Collect$$libinit$$0000001D)
    __rt_lib_init_stdio_1                    0x08000243   Thumb Code     0  libinit2.o(.ARM.Collect$$libinit$$00000025)
    __rt_lib_init_user_alloc_1               0x08000243   Thumb Code     0  libinit2.o(.ARM.Collect$$libinit$$0000000C)
    __rt_lib_shutdown                        0x08000245   Thumb Code     0  libshutdown.o(.ARM.Collect$$libshutdown$$00000000)
    __rt_lib_shutdown_cpp_1                  0x08000247   Thumb Code     0  libshutdown2.o(.ARM.Collect$$libshutdown$$00000004)
    __rt_lib_shutdown_fini_1                 0x08000247   Thumb Code     0  libshutdown2.o(.ARM.Collect$$libshutdown$$00000002)
    __rt_lib_shutdown_fp_trap_1              0x08000247   Thumb Code     0  libshutdown2.o(.ARM.Collect$$libshutdown$$00000009)
    __rt_lib_shutdown_heap_1                 0x08000247   Thumb Code     0  libshutdown2.o(.ARM.Collect$$libshutdown$$00000011)
    __rt_lib_shutdown_return                 0x08000247   Thumb Code     0  libshutdown2.o(.ARM.Collect$$libshutdown$$00000012)
    __rt_lib_shutdown_signal_1               0x08000247   Thumb Code     0  libshutdown2.o(.ARM.Collect$$libshutdown$$0000000C)
    __rt_lib_shutdown_stdio_1                0x08000247   Thumb Code     0  libshutdown2.o(.ARM.Collect$$libshutdown$$00000006)
    __rt_lib_shutdown_user_alloc_1           0x08000247   Thumb Code     0  libshutdown2.o(.ARM.Collect$$libshutdown$$0000000E)
    __rt_entry                               0x08000249   Thumb Code     0  __rtentry.o(.ARM.Collect$$rtentry$$00000000)
    __rt_entry_presh_1                       0x08000249   Thumb Code     0  __rtentry2.o(.ARM.Collect$$rtentry$$00000002)
    __rt_entry_sh                            0x08000249   Thumb Code     0  __rtentry4.o(.ARM.Collect$$rtentry$$00000004)
    __rt_entry_li                            0x0800024f   Thumb Code     0  __rtentry2.o(.ARM.Collect$$rtentry$$0000000A)
    __rt_entry_postsh_1                      0x0800024f   Thumb Code     0  __rtentry2.o(.ARM.Collect$$rtentry$$00000009)
    __rt_entry_main                          0x08000253   Thumb Code     0  __rtentry2.o(.ARM.Collect$$rtentry$$0000000D)
    __rt_entry_postli_1                      0x08000253   Thumb Code     0  __rtentry2.o(.ARM.Collect$$rtentry$$0000000C)
    __rt_exit                                0x0800025b   Thumb Code     0  rtexit.o(.ARM.Collect$$rtexit$$00000000)
    __rt_exit_ls                             0x0800025d   Thumb Code     0  rtexit2.o(.ARM.Collect$$rtexit$$00000003)
    __rt_exit_prels_1                        0x0800025d   Thumb Code     0  rtexit2.o(.ARM.Collect$$rtexit$$00000002)
    __rt_exit_exit                           0x08000261   Thumb Code     0  rtexit2.o(.ARM.Collect$$rtexit$$00000004)
    SVC_Handler                              0x08000269   Thumb Code    28  port.o(.emb_text)
    __asm___6_port_c_39a90d8d__prvStartFirstTask 0x08000289   Thumb Code    28  port.o(.emb_text)
    __asm___6_port_c_39a90d8d__prvEnableVFP  0x080002a9   Thumb Code    16  port.o(.emb_text)
    PendSV_Handler                           0x080002bd   Thumb Code    88  port.o(.emb_text)
    vPortGetIPSR                             0x08000319   Thumb Code     6  port.o(.emb_text)
    Reset_Handler                            0x08000321   Thumb Code     8  startup_stm32f40_41xxx.o(.text)
    ADC_IRQHandler                           0x0800033b   Thumb Code     0  startup_stm32f40_41xxx.o(.text)
    CAN1_RX1_IRQHandler                      0x0800033b   Thumb Code     0  startup_stm32f40_41xxx.o(.text)
    CAN1_SCE_IRQHandler                      0x0800033b   Thumb Code     0  startup_stm32f40_41xxx.o(.text)
    CAN1_TX_IRQHandler                       0x0800033b   Thumb Code     0  startup_stm32f40_41xxx.o(.text)
    CAN2_RX1_IRQHandler                      0x0800033b   Thumb Code     0  startup_stm32f40_41xxx.o(.text)
    CAN2_SCE_IRQHandler                      0x0800033b   Thumb Code     0  startup_stm32f40_41xxx.o(.text)
    CAN2_TX_IRQHandler                       0x0800033b   Thumb Code     0  startup_stm32f40_41xxx.o(.text)
    CRYP_IRQHandler                          0x0800033b   Thumb Code     0  startup_stm32f40_41xxx.o(.text)
    DCMI_IRQHandler                          0x0800033b   Thumb Code     0  startup_stm32f40_41xxx.o(.text)
    DMA1_Stream0_IRQHandler                  0x0800033b   Thumb Code     0  startup_stm32f40_41xxx.o(.text)
    DMA1_Stream1_IRQHandler                  0x0800033b   Thumb Code     0  startup_stm32f40_41xxx.o(.text)
    DMA1_Stream2_IRQHandler                  0x0800033b   Thumb Code     0  startup_stm32f40_41xxx.o(.text)
    DMA1_Stream3_IRQHandler                  0x0800033b   Thumb Code     0  startup_stm32f40_41xxx.o(.text)
    DMA1_Stream4_IRQHandler                  0x0800033b   Thumb Code     0  startup_stm32f40_41xxx.o(.text)
    DMA1_Stream5_IRQHandler                  0x0800033b   Thumb Code     0  startup_stm32f40_41xxx.o(.text)
    DMA1_Stream6_IRQHandler                  0x0800033b   Thumb Code     0  startup_stm32f40_41xxx.o(.text)
    DMA1_Stream7_IRQHandler                  0x0800033b   Thumb Code     0  startup_stm32f40_41xxx.o(.text)
    DMA2_Stream0_IRQHandler                  0x0800033b   Thumb Code     0  startup_stm32f40_41xxx.o(.text)
    DMA2_Stream1_IRQHandler                  0x0800033b   Thumb Code     0  startup_stm32f40_41xxx.o(.text)
    DMA2_Stream2_IRQHandler                  0x0800033b   Thumb Code     0  startup_stm32f40_41xxx.o(.text)
    DMA2_Stream3_IRQHandler                  0x0800033b   Thumb Code     0  startup_stm32f40_41xxx.o(.text)
    DMA2_Stream4_IRQHandler                  0x0800033b   Thumb Code     0  startup_stm32f40_41xxx.o(.text)
    DMA2_Stream7_IRQHandler                  0x0800033b   Thumb Code     0  startup_stm32f40_41xxx.o(.text)
    ETH_IRQHandler                           0x0800033b   Thumb Code     0  startup_stm32f40_41xxx.o(.text)
    ETH_WKUP_IRQHandler                      0x0800033b   Thumb Code     0  startup_stm32f40_41xxx.o(.text)
    EXTI0_IRQHandler                         0x0800033b   Thumb Code     0  startup_stm32f40_41xxx.o(.text)
    EXTI15_10_IRQHandler                     0x0800033b   Thumb Code     0  startup_stm32f40_41xxx.o(.text)
    EXTI1_IRQHandler                         0x0800033b   Thumb Code     0  startup_stm32f40_41xxx.o(.text)
    EXTI2_IRQHandler                         0x0800033b   Thumb Code     0  startup_stm32f40_41xxx.o(.text)
    EXTI3_IRQHandler                         0x0800033b   Thumb Code     0  startup_stm32f40_41xxx.o(.text)
    EXTI4_IRQHandler                         0x0800033b   Thumb Code     0  startup_stm32f40_41xxx.o(.text)
    EXTI9_5_IRQHandler                       0x0800033b   Thumb Code     0  startup_stm32f40_41xxx.o(.text)
    FLASH_IRQHandler                         0x0800033b   Thumb Code     0  startup_stm32f40_41xxx.o(.text)
    FPU_IRQHandler                           0x0800033b   Thumb Code     0  startup_stm32f40_41xxx.o(.text)
    FSMC_IRQHandler                          0x0800033b   Thumb Code     0  startup_stm32f40_41xxx.o(.text)
    HASH_RNG_IRQHandler                      0x0800033b   Thumb Code     0  startup_stm32f40_41xxx.o(.text)
    I2C1_ER_IRQHandler                       0x0800033b   Thumb Code     0  startup_stm32f40_41xxx.o(.text)
    I2C1_EV_IRQHandler                       0x0800033b   Thumb Code     0  startup_stm32f40_41xxx.o(.text)
    I2C2_ER_IRQHandler                       0x0800033b   Thumb Code     0  startup_stm32f40_41xxx.o(.text)
    I2C2_EV_IRQHandler                       0x0800033b   Thumb Code     0  startup_stm32f40_41xxx.o(.text)
    I2C3_ER_IRQHandler                       0x0800033b   Thumb Code     0  startup_stm32f40_41xxx.o(.text)
    I2C3_EV_IRQHandler                       0x0800033b   Thumb Code     0  startup_stm32f40_41xxx.o(.text)
    OTG_FS_IRQHandler                        0x0800033b   Thumb Code     0  startup_stm32f40_41xxx.o(.text)
    OTG_FS_WKUP_IRQHandler                   0x0800033b   Thumb Code     0  startup_stm32f40_41xxx.o(.text)
    OTG_HS_EP1_IN_IRQHandler                 0x0800033b   Thumb Code     0  startup_stm32f40_41xxx.o(.text)
    OTG_HS_EP1_OUT_IRQHandler                0x0800033b   Thumb Code     0  startup_stm32f40_41xxx.o(.text)
    OTG_HS_IRQHandler                        0x0800033b   Thumb Code     0  startup_stm32f40_41xxx.o(.text)
    OTG_HS_WKUP_IRQHandler                   0x0800033b   Thumb Code     0  startup_stm32f40_41xxx.o(.text)
    PVD_IRQHandler                           0x0800033b   Thumb Code     0  startup_stm32f40_41xxx.o(.text)
    RCC_IRQHandler                           0x0800033b   Thumb Code     0  startup_stm32f40_41xxx.o(.text)
    RTC_Alarm_IRQHandler                     0x0800033b   Thumb Code     0  startup_stm32f40_41xxx.o(.text)
    RTC_WKUP_IRQHandler                      0x0800033b   Thumb Code     0  startup_stm32f40_41xxx.o(.text)
    SDIO_IRQHandler                          0x0800033b   Thumb Code     0  startup_stm32f40_41xxx.o(.text)
    SPI1_IRQHandler                          0x0800033b   Thumb Code     0  startup_stm32f40_41xxx.o(.text)
    SPI2_IRQHandler                          0x0800033b   Thumb Code     0  startup_stm32f40_41xxx.o(.text)
    SPI3_IRQHandler                          0x0800033b   Thumb Code     0  startup_stm32f40_41xxx.o(.text)
    TAMP_STAMP_IRQHandler                    0x0800033b   Thumb Code     0  startup_stm32f40_41xxx.o(.text)
    TIM1_BRK_TIM9_IRQHandler                 0x0800033b   Thumb Code     0  startup_stm32f40_41xxx.o(.text)
    TIM1_CC_IRQHandler                       0x0800033b   Thumb Code     0  startup_stm32f40_41xxx.o(.text)
    TIM1_TRG_COM_TIM11_IRQHandler            0x0800033b   Thumb Code     0  startup_stm32f40_41xxx.o(.text)
    TIM1_UP_TIM10_IRQHandler                 0x0800033b   Thumb Code     0  startup_stm32f40_41xxx.o(.text)
    TIM3_IRQHandler                          0x0800033b   Thumb Code     0  startup_stm32f40_41xxx.o(.text)
    TIM4_IRQHandler                          0x0800033b   Thumb Code     0  startup_stm32f40_41xxx.o(.text)
    TIM5_IRQHandler                          0x0800033b   Thumb Code     0  startup_stm32f40_41xxx.o(.text)
    TIM7_IRQHandler                          0x0800033b   Thumb Code     0  startup_stm32f40_41xxx.o(.text)
    TIM8_BRK_TIM12_IRQHandler                0x0800033b   Thumb Code     0  startup_stm32f40_41xxx.o(.text)
    TIM8_CC_IRQHandler                       0x0800033b   Thumb Code     0  startup_stm32f40_41xxx.o(.text)
    TIM8_TRG_COM_TIM14_IRQHandler            0x0800033b   Thumb Code     0  startup_stm32f40_41xxx.o(.text)
    TIM8_UP_TIM13_IRQHandler                 0x0800033b   Thumb Code     0  startup_stm32f40_41xxx.o(.text)
    UART4_IRQHandler                         0x0800033b   Thumb Code     0  startup_stm32f40_41xxx.o(.text)
    UART5_IRQHandler                         0x0800033b   Thumb Code     0  startup_stm32f40_41xxx.o(.text)
    USART1_IRQHandler                        0x0800033b   Thumb Code     0  startup_stm32f40_41xxx.o(.text)
    USART3_IRQHandler                        0x0800033b   Thumb Code     0  startup_stm32f40_41xxx.o(.text)
    WWDG_IRQHandler                          0x0800033b   Thumb Code     0  startup_stm32f40_41xxx.o(.text)
    __user_initial_stackheap                 0x0800033d   Thumb Code     0  startup_stm32f40_41xxx.o(.text)
    __aeabi_memcpy                           0x08000361   Thumb Code     0  rt_memcpy_v6.o(.text)
    __rt_memcpy                              0x08000361   Thumb Code   138  rt_memcpy_v6.o(.text)
    _memcpy_lastbytes                        0x080003c7   Thumb Code     0  rt_memcpy_v6.o(.text)
    __aeabi_memset                           0x080003eb   Thumb Code    16  aeabi_memset.o(.text)
    __aeabi_memclr4                          0x080003fb   Thumb Code     0  rt_memclr_w.o(.text)
    __aeabi_memclr8                          0x080003fb   Thumb Code     0  rt_memclr_w.o(.text)
    __rt_memclr_w                            0x080003fb   Thumb Code    78  rt_memclr_w.o(.text)
    _memset_w                                0x080003ff   Thumb Code     0  rt_memclr_w.o(.text)
    __use_two_region_memory                  0x08000449   Thumb Code     2  heapauxi.o(.text)
    __rt_heap_escrow                         0x0800044b   Thumb Code     2  heapauxi.o(.text)
    __rt_heap_expand                         0x0800044d   Thumb Code     2  heapauxi.o(.text)
    __aeabi_memcpy4                          0x0800044f   Thumb Code     0  rt_memcpy_w.o(.text)
    __aeabi_memcpy8                          0x0800044f   Thumb Code     0  rt_memcpy_w.o(.text)
    __rt_memcpy_w                            0x0800044f   Thumb Code   100  rt_memcpy_w.o(.text)
    _memcpy_lastbytes_aligned                0x08000497   Thumb Code     0  rt_memcpy_w.o(.text)
    __aeabi_memclr                           0x080004b3   Thumb Code     0  rt_memclr.o(.text)
    __rt_memclr                              0x080004b3   Thumb Code    68  rt_memclr.o(.text)
    _memset                                  0x080004b7   Thumb Code     0  rt_memclr.o(.text)
    __user_libspace                          0x080004f9   Thumb Code     8  libspace.o(.text)
    __user_perproc_libspace                  0x080004f9   Thumb Code     0  libspace.o(.text)
    __user_perthread_libspace                0x080004f9   Thumb Code     0  libspace.o(.text)
    __I$use$semihosting                      0x08000501   Thumb Code     0  use_no_semi.o(.text)
    __use_no_semihosting_swi                 0x08000501   Thumb Code     2  use_no_semi.o(.text)
    __semihosting_library_function           0x08000503   Thumb Code     0  indicate_semi.o(.text)
    __user_setup_stackheap                   0x08000503   Thumb Code    74  sys_stackheap_outer.o(.text)
    exit                                     0x0800054d   Thumb Code    18  exit.o(.text)
    _sys_exit                                0x08000561   Thumb Code     8  sys_exit.o(.text)
    ADC_Cmd                                  0x0800056d   Thumb Code    24  stm32f4xx_adc.o(i.ADC_Cmd)
    ADC_CommonInit                           0x08000585   Thumb Code    30  stm32f4xx_adc.o(i.ADC_CommonInit)
    ADC_Init                                 0x080005ad   Thumb Code    66  stm32f4xx_adc.o(i.ADC_Init)
    Adc_Init                                 0x080005f9   Thumb Code   118  adc.o(i.Adc_Init)
    Angle_Limiting_Int16                     0x08000679   Thumb Code    32  rmmotor.o(i.Angle_Limiting_Int16)
    BusFault_Handler                         0x08000699   Thumb Code     2  stm32f4xx_it.o(i.BusFault_Handler)
    CAN1_RX0_IRQHandler                      0x0800069d   Thumb Code    54  can_1_receive.o(i.CAN1_RX0_IRQHandler)
    CAN1_mode_init                           0x08000725   Thumb Code   232  can.o(i.CAN1_mode_init)
    CAN2_Chassis_RC_SetMsg                   0x08000815   Thumb Code   124  can_2_receive.o(i.CAN2_Chassis_RC_SetMsg)
    CAN2_Enemy_color_SetMsg                  0x08000895   Thumb Code   110  can_2_receive.o(i.CAN2_Enemy_color_SetMsg)
    CAN2_RX0_IRQHandler                      0x08000909   Thumb Code    54  can_2_receive.o(i.CAN2_RX0_IRQHandler)
    CAN2_mode_init                           0x08000965   Thumb Code   242  can.o(i.CAN2_mode_init)
    CAN_ClearFlag                            0x08000a61   Thumb Code    44  stm32f4xx_can.o(i.CAN_ClearFlag)
    CAN_ClearITPendingBit                    0x08000a91   Thumb Code   132  stm32f4xx_can.o(i.CAN_ClearITPendingBit)
    CAN_DeInit                               0x08000b19   Thumb Code    52  stm32f4xx_can.o(i.CAN_DeInit)
    CAN_FilterInit                           0x08000b51   Thumb Code   202  stm32f4xx_can.o(i.CAN_FilterInit)
    CAN_GetITStatus                          0x08000c25   Thumb Code   200  stm32f4xx_can.o(i.CAN_GetITStatus)
    CAN_ITConfig                             0x08000cf1   Thumb Code    20  stm32f4xx_can.o(i.CAN_ITConfig)
    CAN_Init                                 0x08000d05   Thumb Code   260  stm32f4xx_can.o(i.CAN_Init)
    CAN_Receive                              0x08000e09   Thumb Code   130  stm32f4xx_can.o(i.CAN_Receive)
    CAN_StructInit                           0x08000e8b   Thumb Code    32  stm32f4xx_can.o(i.CAN_StructInit)
    CAN_Transmit                             0x08000eab   Thumb Code   182  stm32f4xx_can.o(i.CAN_Transmit)
    CAN_TransmitStatus                       0x08000f61   Thumb Code   116  stm32f4xx_can.o(i.CAN_TransmitStatus)
    CHASSIS_Task                             0x08000fe9   Thumb Code    46  task_chassis.o(i.CHASSIS_Task)
    Capacitance_Power_Send                   0x0800101d   Thumb Code    98  capacitor_control.o(i.Capacitance_Power_Send)
    Capacitance_usart_iwdg                   0x08001085   Thumb Code    42  capacitor_control.o(i.Capacitance_usart_iwdg)
    Chassis_Stop                             0x080013e9   Thumb Code    40  chassis_behaviour.o(i.Chassis_Stop)
    Check_CodeValue                          0x08001759   Thumb Code    36  rmmotor.o(i.Check_CodeValue)
    DETECT_Task                              0x0800177d   Thumb Code    42  task_detect.o(i.DETECT_Task)
    DMA2_Stream5_IRQHandler                  0x080017ad   Thumb Code    54  remotecontrol.o(i.DMA2_Stream5_IRQHandler)
    DMA2_Stream6_IRQHandler                  0x080017f1   Thumb Code    52  usart.o(i.DMA2_Stream6_IRQHandler)
    DMA_ClearFlag                            0x08001831   Thumb Code    32  stm32f4xx_dma.o(i.DMA_ClearFlag)
    DMA_ClearITPendingBit                    0x0800185d   Thumb Code    32  stm32f4xx_dma.o(i.DMA_ClearITPendingBit)
    DMA_Cmd                                  0x08001889   Thumb Code    24  stm32f4xx_dma.o(i.DMA_Cmd)
    DMA_DeInit                               0x080018a1   Thumb Code   278  stm32f4xx_dma.o(i.DMA_DeInit)
    DMA_GetCmdStatus                         0x080019cd   Thumb Code    14  stm32f4xx_dma.o(i.DMA_GetCmdStatus)
    DMA_GetCurrDataCounter                   0x080019db   Thumb Code     6  stm32f4xx_dma.o(i.DMA_GetCurrDataCounter)
    DMA_GetFlagStatus                        0x080019e1   Thumb Code    40  stm32f4xx_dma.o(i.DMA_GetFlagStatus)
    DMA_GetITStatus                          0x08001a15   Thumb Code    68  stm32f4xx_dma.o(i.DMA_GetITStatus)
    DMA_ITConfig                             0x08001a69   Thumb Code    50  stm32f4xx_dma.o(i.DMA_ITConfig)
    DMA_Init                                 0x08001a9d   Thumb Code    80  stm32f4xx_dma.o(i.DMA_Init)
    DMA_SetCurrDataCounter                   0x08001af1   Thumb Code     4  stm32f4xx_dma.o(i.DMA_SetCurrDataCounter)
    DMA_StructInit                           0x08001af5   Thumb Code    34  stm32f4xx_dma.o(i.DMA_StructInit)
    DebugMon_Handler                         0x08001b17   Thumb Code     2  stm32f4xx_it.o(i.DebugMon_Handler)
    FIRE_Task                                0x08001b19   Thumb Code   112  task_fire.o(i.FIRE_Task)
    GPIO_Init                                0x08001c91   Thumb Code   124  stm32f4xx_gpio.o(i.GPIO_Init)
    GPIO_PinAFConfig                         0x08001d0d   Thumb Code    32  stm32f4xx_gpio.o(i.GPIO_PinAFConfig)
    GPIO_ReadInputDataBit                    0x08001d2d   Thumb Code    14  stm32f4xx_gpio.o(i.GPIO_ReadInputDataBit)
    GPIO_ResetBits                           0x08001d3b   Thumb Code     4  stm32f4xx_gpio.o(i.GPIO_ResetBits)
    GPIO_SetBits                             0x08001d3f   Thumb Code     4  stm32f4xx_gpio.o(i.GPIO_SetBits)
    Get_CRC16_Check_Sum                      0x08001d45   Thumb Code    44  crc.o(i.Get_CRC16_Check_Sum)
    Get_CRC8_Check_Sum                       0x08001d75   Thumb Code    24  crc.o(i.Get_CRC8_Check_Sum)
    Get_Laser_Back                           0x08001d91   Thumb Code    18  sensor.o(i.Get_Laser_Back)
    Get_Laser_Forward                        0x08001dad   Thumb Code    18  sensor.o(i.Get_Laser_Forward)
    HardFault_Handler                        0x08001dc9   Thumb Code     2  stm32f4xx_it.o(i.HardFault_Handler)
    IWDG_Feed                                0x08001dcb   Thumb Code     4  iwdg.o(i.IWDG_Feed)
    IWDG_ReloadCounter                       0x08001dd1   Thumb Code    10  stm32f4xx_iwdg.o(i.IWDG_ReloadCounter)
    LED_Init                                 0x08001ebd   Thumb Code   248  led.o(i.LED_Init)
    Laser_GPIO_Init                          0x08001fbd   Thumb Code    56  sensor.o(i.Laser_GPIO_Init)
    Laser_OFF                                0x08001ff9   Thumb Code    10  led.o(i.Laser_OFF)
    Laser_ON                                 0x08002009   Thumb Code    10  led.o(i.Laser_ON)
    Location_Pid_Int32                       0x08002019   Thumb Code   166  pid.o(i.Location_Pid_Int32)
    MemManage_Handler                        0x080020c5   Thumb Code     2  stm32f4xx_it.o(i.MemManage_Handler)
    Motor_Actual_Position                    0x080020c7   Thumb Code    58  rmmotor.o(i.Motor_Actual_Position)
    Motor_Position_Speed_Control             0x08002101   Thumb Code    72  rmmotor.o(i.Motor_Position_Speed_Control)
    NMI_Handler                              0x08002149   Thumb Code     2  stm32f4xx_it.o(i.NMI_Handler)
    NVIC_Init                                0x0800214d   Thumb Code    98  misc.o(i.NVIC_Init)
    NVIC_PriorityGroupConfig                 0x080021b5   Thumb Code    10  misc.o(i.NVIC_PriorityGroupConfig)
    RCC_AHB1PeriphClockCmd                   0x080021c9   Thumb Code    22  stm32f4xx_rcc.o(i.RCC_AHB1PeriphClockCmd)
    RCC_AHB2PeriphClockCmd                   0x080021e5   Thumb Code    22  stm32f4xx_rcc.o(i.RCC_AHB2PeriphClockCmd)
    RCC_APB1PeriphClockCmd                   0x08002201   Thumb Code    22  stm32f4xx_rcc.o(i.RCC_APB1PeriphClockCmd)
    RCC_APB1PeriphResetCmd                   0x0800221d   Thumb Code    22  stm32f4xx_rcc.o(i.RCC_APB1PeriphResetCmd)
    RCC_APB2PeriphClockCmd                   0x08002239   Thumb Code    22  stm32f4xx_rcc.o(i.RCC_APB2PeriphClockCmd)
    RCC_APB2PeriphResetCmd                   0x08002255   Thumb Code    22  stm32f4xx_rcc.o(i.RCC_APB2PeriphResetCmd)
    RCC_GetClocksFreq                        0x08002271   Thumb Code   148  stm32f4xx_rcc.o(i.RCC_GetClocksFreq)
    RC_data_is_error                         0x08002421   Thumb Code   114  remotecontrol.o(i.RC_data_is_error)
    RC_restart                               0x08002499   Thumb Code    78  remotecontrol.o(i.RC_restart)
    REMOTE_Task                              0x080024f5   Thumb Code    14  task_remote.o(i.REMOTE_Task)
    RNG_Cmd                                  0x08002505   Thumb Code    26  stm32f4xx_rng.o(i.RNG_Cmd)
    RNG_GetFlagStatus                        0x08002525   Thumb Code    16  stm32f4xx_rng.o(i.RNG_GetFlagStatus)
    RNG_GetRandomNumber                      0x08002539   Thumb Code     6  stm32f4xx_rng.o(i.RNG_GetRandomNumber)
    RNG_Get_RandomNum                        0x08002545   Thumb Code    20  rng.o(i.RNG_Get_RandomNum)
    RNG_Get_RandomRange                      0x08002559   Thumb Code    26  rng.o(i.RNG_Get_RandomRange)
    RNG_Init                                 0x08002573   Thumb Code    58  rng.o(i.RNG_Init)
    Remote_Control_Init                      0x080025ad   Thumb Code     8  remotecontrol.o(i.Remote_Control_Init)
    Remote_reload                            0x080025b9   Thumb Code    28  remotecontrol.o(i.Remote_reload)
    Return_Chassis_Mode                      0x080025d9   Thumb Code    26  task_chassis.o(i.Return_Chassis_Mode)
    Return_Fire_Mode                         0x080025f9   Thumb Code    40  chassis_behaviour.o(i.Return_Fire_Mode)
    Return_Friction_Wheel_Mode               0x08002625   Thumb Code    32  chassis_behaviour.o(i.Return_Friction_Wheel_Mode)
    Return_RC_S1num                          0x08002649   Thumb Code     6  remotecontrol.o(i.Return_RC_S1num)
    Rmmotor_Speed_control                    0x08002655   Thumb Code    44  rmmotor.o(i.Rmmotor_Speed_control)
    START_Task                               0x08002681   Thumb Code   108  task_start.o(i.START_Task)
    StartTask                                0x080027ed   Thumb Code    24  task_start.o(i.StartTask)
    SuperCap_Send                            0x08002835   Thumb Code    24  capacitor_control.o(i.SuperCap_Send)
    SysTick_Handler                          0x08002851   Thumb Code    20  delay.o(i.SysTick_Handler)
    SystemInit                               0x08002865   Thumb Code    74  system_stm32f4xx.o(i.SystemInit)
    System_Init                              0x080028c1   Thumb Code    94  sysinit.o(i.System_Init)
    TIM2_IRQHandler                          0x08002925   Thumb Code    24  time.o(i.TIM2_IRQHandler)
    TIM6_DAC_IRQHandler                      0x0800293d   Thumb Code    52  time.o(i.TIM6_DAC_IRQHandler)
    TIM_ClearFlag                            0x08002979   Thumb Code     6  stm32f4xx_tim.o(i.TIM_ClearFlag)
    TIM_ClearITPendingBit                    0x0800297f   Thumb Code     6  stm32f4xx_tim.o(i.TIM_ClearITPendingBit)
    TIM_GetITStatus                          0x08002985   Thumb Code    24  stm32f4xx_tim.o(i.TIM_GetITStatus)
    USART2_IRQHandler                        0x0800299d   Thumb Code   110  capacitor_control.o(i.USART2_IRQHandler)
    USART6_IRQHandler                        0x08002a21   Thumb Code   142  usart.o(i.USART6_IRQHandler)
    USART_ClearFlag                          0x08002abd   Thumb Code     8  stm32f4xx_usart.o(i.USART_ClearFlag)
    USART_ClearITPendingBit                  0x08002ac5   Thumb Code    16  stm32f4xx_usart.o(i.USART_ClearITPendingBit)
    USART_Cmd                                0x08002ad5   Thumb Code    24  stm32f4xx_usart.o(i.USART_Cmd)
    USART_DMACmd                             0x08002aed   Thumb Code    20  stm32f4xx_usart.o(i.USART_DMACmd)
    USART_DeInit                             0x08002b01   Thumb Code   224  stm32f4xx_usart.o(i.USART_DeInit)
    USART_GetFlagStatus                      0x08002c01   Thumb Code    14  stm32f4xx_usart.o(i.USART_GetFlagStatus)
    USART_GetITStatus                        0x08002c0f   Thumb Code    64  stm32f4xx_usart.o(i.USART_GetITStatus)
    USART_ITConfig                           0x08002c4f   Thumb Code    54  stm32f4xx_usart.o(i.USART_ITConfig)
    USART_Init                               0x08002c85   Thumb Code   180  stm32f4xx_usart.o(i.USART_Init)
    USART_SendData                           0x08002d41   Thumb Code     8  stm32f4xx_usart.o(i.USART_SendData)
    UsageFault_Handler                       0x08002d49   Thumb Code     2  stm32f4xx_it.o(i.UsageFault_Handler)
    Usart1_Init                              0x08002d4d   Thumb Code   258  usart.o(i.Usart1_Init)
    Verify_CRC16_Check_Sum                   0x08002e65   Thumb Code    60  crc.o(i.Verify_CRC16_Check_Sum)
    Verify_CRC8_Check_Sum                    0x08002ea5   Thumb Code    46  crc.o(i.Verify_CRC8_Check_Sum)
    automatic_Enemy_color                    0x08002ed5   Thumb Code    30  task_chassis.o(i.automatic_Enemy_color)
    bullet_speed                             0x08002ef9   Thumb Code    12  refereedeal.o(i.bullet_speed)
    chassis_behaviour_mode_set               0x08002f09   Thumb Code   118  chassis_behaviour.o(i.chassis_behaviour_mode_set)
    chassis_set_remote                       0x08003329   Thumb Code   160  task_chassis.o(i.chassis_set_remote)
    delay_ms                                 0x080033cd   Thumb Code    10  delay.o(i.delay_ms)
    delay_us                                 0x080033d7   Thumb Code   156  delay.o(i.delay_us)
    fifo_init                                0x08003473   Thumb Code    32  fifo_buff.o(i.fifo_init)
    fifo_read_buff                           0x08003493   Thumb Code    82  fifo_buff.o(i.fifo_read_buff)
    first_order_filter                       0x080034e5   Thumb Code    56  maths.o(i.first_order_filter)
    first_order_filter_init                  0x0800351d   Thumb Code    20  maths.o(i.first_order_filter_init)
    float_abs                                0x08003531   Thumb Code    16  maths.o(i.float_abs)
    get_Chassis_Motor_Measure_Point          0x08003541   Thumb Code    16  can_1_receive.o(i.get_Chassis_Motor_Measure_Point)
    get_Enemy_status                         0x08003555   Thumb Code     6  can_2_receive.o(i.get_Enemy_status)
    get_Fire_Motor_Measure_Point             0x08003561   Thumb Code     4  can_1_receive.o(i.get_Fire_Motor_Measure_Point)
    get_Fire_control_point                   0x08003569   Thumb Code     4  task_fire.o(i.get_Fire_control_point)
    get_Yaw_Gimbal_Motor_Measure_Point       0x08003571   Thumb Code     4  can_1_receive.o(i.get_Yaw_Gimbal_Motor_Measure_Point)
    get_remote_control_point                 0x08003579   Thumb Code     4  remotecontrol.o(i.get_remote_control_point)
    int16_t_abs                              0x08003581   Thumb Code    10  maths.o(i.int16_t_abs)
    int32_limit                              0x0800358b   Thumb Code    16  maths.o(i.int32_limit)
    main                                     0x0800359b   Thumb Code    14  main.o(i.main)
    max_abs                                  0x080035a9   Thumb Code    42  maths.o(i.max_abs)
    pid_init                                 0x080035dd   Thumb Code    70  pid.o(i.pid_init)
    pvPortMalloc                             0x08003dd5   Thumb Code   208  heap_4.o(i.pvPortMalloc)
    pvTaskIncrementMutexHeldCount            0x08003ea9   Thumb Code    20  tasks.o(i.pvTaskIncrementMutexHeldCount)
    pxPortInitialiseStack                    0x08003ec1   Thumb Code    30  port.o(i.pxPortInitialiseStack)
    referee_blue_outpost_HP                  0x08003ee5   Thumb Code     6  refereedeal.o(i.referee_blue_outpost_HP)
    referee_chassis_power                    0x08003ef1   Thumb Code    10  refereedeal.o(i.referee_chassis_power)
    referee_chassis_power_buffer             0x08003f01   Thumb Code     8  refereedeal.o(i.referee_chassis_power_buffer)
    referee_hurt_type                        0x08003f0d   Thumb Code    10  refereedeal.o(i.referee_hurt_type)
    referee_read_data                        0x08003f1d   Thumb Code   322  refereedeal.o(i.referee_read_data)
    referee_red_outpost_HP                   0x08004069   Thumb Code     6  refereedeal.o(i.referee_red_outpost_HP)
    referee_remain_HP                        0x08004075   Thumb Code     8  refereedeal.o(i.referee_remain_HP)
    referee_robot_id                         0x08004081   Thumb Code     8  refereedeal.o(i.referee_robot_id)
    referee_shooter_id1_17mm_cooling_heat    0x0800408d   Thumb Code     8  refereedeal.o(i.referee_shooter_id1_17mm_cooling_heat)
    referee_shooter_id1_17mm_cooling_limit   0x08004099   Thumb Code     8  refereedeal.o(i.referee_shooter_id1_17mm_cooling_limit)
    referee_shooter_id2_17mm_cooling_heat    0x080040a5   Thumb Code     8  refereedeal.o(i.referee_shooter_id2_17mm_cooling_heat)
    referee_system_init                      0x080040b1   Thumb Code     6  refereedeal.o(i.referee_system_init)
    usart6_init                              0x080040b9   Thumb Code   460  usart.o(i.usart6_init)
    uxListRemove                             0x0800429d   Thumb Code    36  list.o(i.uxListRemove)
    vListInitialise                          0x080042c1   Thumb Code    22  list.o(i.vListInitialise)
    vListInitialiseItem                      0x080042d7   Thumb Code     6  list.o(i.vListInitialiseItem)
    vListInsert                              0x080042dd   Thumb Code    48  list.o(i.vListInsert)
    vListInsertEnd                           0x0800430d   Thumb Code    24  list.o(i.vListInsertEnd)
    vPortEnterCritical                       0x08004325   Thumb Code    54  port.o(i.vPortEnterCritical)
    vPortExitCritical                        0x08004365   Thumb Code    38  port.o(i.vPortExitCritical)
    vPortFree                                0x08004391   Thumb Code    88  heap_4.o(i.vPortFree)
    vPortSetupTimerInterrupt                 0x080043ed   Thumb Code    26  port.o(i.vPortSetupTimerInterrupt)
    vPortValidateInterruptPriority           0x0800440d   Thumb Code    74  port.o(i.vPortValidateInterruptPriority)
    vQueueAddToRegistry                      0x08004461   Thumb Code    32  queue.o(i.vQueueAddToRegistry)
    vQueueWaitForMessageRestricted           0x08004485   Thumb Code    70  queue.o(i.vQueueWaitForMessageRestricted)
    vTaskDelay                               0x080044cd   Thumb Code    70  tasks.o(i.vTaskDelay)
    vTaskDelete                              0x0800451d   Thumb Code   158  tasks.o(i.vTaskDelete)
    vTaskMissedYield                         0x080045c9   Thumb Code     8  tasks.o(i.vTaskMissedYield)
    vTaskPlaceOnEventList                    0x080045d5   Thumb Code    46  tasks.o(i.vTaskPlaceOnEventList)
    vTaskPlaceOnEventListRestricted          0x08004609   Thumb Code    54  tasks.o(i.vTaskPlaceOnEventListRestricted)
    vTaskPriorityInherit                     0x08004645   Thumb Code   126  tasks.o(i.vTaskPriorityInherit)
    vTaskSetTimeOutState                     0x080046cd   Thumb Code    32  tasks.o(i.vTaskSetTimeOutState)
    vTaskStartScheduler                      0x080046f1   Thumb Code    94  tasks.o(i.vTaskStartScheduler)
    vTaskSuspendAll                          0x08004761   Thumb Code    10  tasks.o(i.vTaskSuspendAll)
    vTaskSwitchContext                       0x08004771   Thumb Code    86  tasks.o(i.vTaskSwitchContext)
    xPortStartScheduler                      0x080047d1   Thumb Code   204  port.o(i.xPortStartScheduler)
    xPortSysTickHandler                      0x080048b1   Thumb Code    38  port.o(i.xPortSysTickHandler)
    xQueueGenericCreate                      0x080048dd   Thumb Code    68  queue.o(i.xQueueGenericCreate)
    xQueueGenericReceive                     0x08004921   Thumb Code   388  queue.o(i.xQueueGenericReceive)
    xQueueGenericReset                       0x08004aa9   Thumb Code   134  queue.o(i.xQueueGenericReset)
    xQueueGenericSend                        0x08004b35   Thumb Code   352  queue.o(i.xQueueGenericSend)
    xQueueGenericSendFromISR                 0x08004c99   Thumb Code   190  queue.o(i.xQueueGenericSendFromISR)
    xTaskCheckForTimeOut                     0x08004d59   Thumb Code   112  tasks.o(i.xTaskCheckForTimeOut)
    xTaskCreate                              0x08004dcd   Thumb Code    96  tasks.o(i.xTaskCreate)
    xTaskGetSchedulerState                   0x08004e2d   Thumb Code    24  tasks.o(i.xTaskGetSchedulerState)
    xTaskGetTickCount                        0x08004e49   Thumb Code     6  tasks.o(i.xTaskGetTickCount)
    xTaskIncrementTick                       0x08004e55   Thumb Code   196  tasks.o(i.xTaskIncrementTick)
    xTaskPriorityDisinherit                  0x08004f21   Thumb Code   144  tasks.o(i.xTaskPriorityDisinherit)
    xTaskRemoveFromEventList                 0x08004fb9   Thumb Code   114  tasks.o(i.xTaskRemoveFromEventList)
    xTaskResumeAll                           0x08005035   Thumb Code   192  tasks.o(i.xTaskResumeAll)
    xTimerCreateTimerTask                    0x08005101   Thumb Code    62  timers.o(i.xTimerCreateTimerTask)
    xTimerGenericCommand                     0x08005151   Thumb Code    98  timers.o(i.xTimerGenericCommand)
    _fp_init                                 0x080051b9   Thumb Code    10  fpinit.o(x$fpl$fpinit)
    __fplib_config_fpu_vfp                   0x080051c1   Thumb Code     0  fpinit.o(x$fpl$fpinit)
    __fplib_config_pureend_doubles           0x080051c1   Thumb Code     0  fpinit.o(x$fpl$fpinit)
    CRC8_TAB                                 0x080051c2   Data         256  crc.o(.constdata)
    wCRC_Table                               0x080052c2   Data         512  crc.o(.constdata)
    Region$$Table$$Base                      0x080054c4   Number         0  anon$$obj.o(Region$$Table)
    Region$$Table$$Limit                     0x080054e4   Number         0  anon$$obj.o(Region$$Table)
    SystemCoreClock                          0x20000000   Data           4  system_stm32f4xx.o(.data)
    AHBPrescTable                            0x20000004   Data          16  system_stm32f4xx.o(.data)
    pxCurrentTCB                             0x20000024   Data           4  tasks.o(.data)
    ms_count                                 0x20000098   Data           2  time.o(.data)
    DMA2_Stream6_working                     0x2000009c   Data           1  usart.o(.data)
    pfifo_6                                  0x200000a0   Data           4  usart.o(.data)
    CRC_INIT                                 0x200000a6   Data           2  crc.o(.data)
    pfifo_referee                            0x200000a8   Data           4  refereedeal.o(.data)
    FrameHeader                              0x200000ac   Data           5  refereedeal.o(.data)
    Friction_wheel_mode                      0x200000b4   Data           1  chassis_behaviour.o(.data)
    Fire_mode                                0x200000b5   Data           1  chassis_behaviour.o(.data)
    Enemy_status                             0x200000b6   Data           1  chassis_behaviour.o(.data)
    speed_status_count3                      0x200000be   Data           2  chassis_behaviour.o(.data)
    chassis_flag                             0x200000c0   Data           2  chassis_behaviour.o(.data)
    speed_time_back_flag                     0x200000c2   Data           2  chassis_behaviour.o(.data)
    speed_time_forward_flag                  0x200000c4   Data           2  chassis_behaviour.o(.data)
    last_remain_HP                           0x200000c6   Data           2  chassis_behaviour.o(.data)
    speed_status_count4                      0x200000c8   Data           2  chassis_behaviour.o(.data)
    changed_HP                               0x200000cc   Data           2  chassis_behaviour.o(.data)
    Chassis_ch0                              0x200000d4   Data           4  chassis_behaviour.o(.data)
    Chassis_ch1                              0x200000d8   Data           4  chassis_behaviour.o(.data)
    Chassis_ch2                              0x200000dc   Data           4  chassis_behaviour.o(.data)
    ChassisTask_Handler                      0x20000104   Data           4  task_start.o(.data)
    lowfilt_ch1_jscope                       0x20000128   Data           4  task_chassis.o(.data)
    lowfilt_ch0_jscope                       0x2000012c   Data           4  task_chassis.o(.data)
    id1_17mm_cooling_heat                    0x20000130   Data           4  task_chassis.o(.data)
    id2_17mm_cooling_heat                    0x20000134   Data           4  task_chassis.o(.data)
    fire_heart                               0x20000140   Data           4  task_fire.o(.data)
    Safecheck                                0x20000144   Data           6  task_safecheck.o(.data)
    xQueueRegistry                           0x2000014c   Data          64  queue.o(.bss)
    Usart2_Rx                                0x20012e90   Data          25  usart.o(.bss)
    Usart2_Tx                                0x20012ea9   Data          25  usart.o(.bss)
    Usart3_Rx                                0x20012ec2   Data         256  usart.o(.bss)
    Usart3_Tx                                0x20012fc2   Data         256  usart.o(.bss)
    Usart6_Rx                                0x200130c2   Data         512  usart.o(.bss)
    Usart6_Tx                                0x200132c2   Data         256  usart.o(.bss)
    Usart6_Tx_Buffer                         0x200133c2   Data         256  usart.o(.bss)
    fifo_usart_rx_6                          0x200134c4   Data          20  usart.o(.bss)
    fifo_usart_tx_6                          0x200134d8   Data          20  usart.o(.bss)
    Referee                                  0x200134ec   Data         151  refereedeal.o(.bss)
    rc_ctrl                                  0x2001363a   Data          22  remotecontrol.o(.bss)
    chassis_control                          0x2001366c   Data         716  task_chassis.o(.bss)
    Fire_param                               0x20013938   Data          92  task_fire.o(.bss)
    __libspace_start                         0x20013994   Data          96  libspace.o(.bss)
    __temporary_stack_top$libspace           0x200139f4   Data           0  libspace.o(.bss)



==============================================================================

Memory Map of the image

  Image Entry point : 0x08000189

  Load Region LR_IROM1 (Base: 0x08000000, Size: 0x00005630, Max: 0x00080000, ABSOLUTE, COMPRESSED[0x00005520])

    Execution Region ER_IROM1 (Exec base: 0x08000000, Load base: 0x08000000, Size: 0x000054e4, Max: 0x00080000, ABSOLUTE)

    Exec Addr    Load Addr    Size         Type   Attr      Idx    E Section Name        Object

    0x08000000   0x08000000   0x00000188   Data   RO            3    RESET               startup_stm32f40_41xxx.o
    0x08000188   0x08000188   0x00000008   Code   RO         8966  * !!!main             c_w.l(__main.o)
    0x08000190   0x08000190   0x00000034   Code   RO         9196    !!!scatter          c_w.l(__scatter.o)
    0x080001c4   0x080001c4   0x0000005a   Code   RO         9194    !!dczerorl2         c_w.l(__dczerorl2.o)
    0x0800021e   0x0800021e   0x00000002   PAD
    0x08000220   0x08000220   0x0000001c   Code   RO         9198    !!handler_zi        c_w.l(__scatter_zi.o)
    0x0800023c   0x0800023c   0x00000002   Code   RO         9131    .ARM.Collect$$libinit$$00000000  c_w.l(libinit.o)
    0x0800023e   0x0800023e   0x00000004   Code   RO         9016    .ARM.Collect$$libinit$$00000001  c_w.l(libinit2.o)
    0x08000242   0x08000242   0x00000000   Code   RO         9019    .ARM.Collect$$libinit$$00000004  c_w.l(libinit2.o)
    0x08000242   0x08000242   0x00000000   Code   RO         9022    .ARM.Collect$$libinit$$0000000A  c_w.l(libinit2.o)
    0x08000242   0x08000242   0x00000000   Code   RO         9024    .ARM.Collect$$libinit$$0000000C  c_w.l(libinit2.o)
    0x08000242   0x08000242   0x00000000   Code   RO         9026    .ARM.Collect$$libinit$$0000000E  c_w.l(libinit2.o)
    0x08000242   0x08000242   0x00000000   Code   RO         9029    .ARM.Collect$$libinit$$00000011  c_w.l(libinit2.o)
    0x08000242   0x08000242   0x00000000   Code   RO         9031    .ARM.Collect$$libinit$$00000013  c_w.l(libinit2.o)
    0x08000242   0x08000242   0x00000000   Code   RO         9033    .ARM.Collect$$libinit$$00000015  c_w.l(libinit2.o)
    0x08000242   0x08000242   0x00000000   Code   RO         9035    .ARM.Collect$$libinit$$00000017  c_w.l(libinit2.o)
    0x08000242   0x08000242   0x00000000   Code   RO         9037    .ARM.Collect$$libinit$$00000019  c_w.l(libinit2.o)
    0x08000242   0x08000242   0x00000000   Code   RO         9039    .ARM.Collect$$libinit$$0000001B  c_w.l(libinit2.o)
    0x08000242   0x08000242   0x00000000   Code   RO         9041    .ARM.Collect$$libinit$$0000001D  c_w.l(libinit2.o)
    0x08000242   0x08000242   0x00000000   Code   RO         9043    .ARM.Collect$$libinit$$0000001F  c_w.l(libinit2.o)
    0x08000242   0x08000242   0x00000000   Code   RO         9045    .ARM.Collect$$libinit$$00000021  c_w.l(libinit2.o)
    0x08000242   0x08000242   0x00000000   Code   RO         9047    .ARM.Collect$$libinit$$00000023  c_w.l(libinit2.o)
    0x08000242   0x08000242   0x00000000   Code   RO         9049    .ARM.Collect$$libinit$$00000025  c_w.l(libinit2.o)
    0x08000242   0x08000242   0x00000000   Code   RO         9053    .ARM.Collect$$libinit$$0000002C  c_w.l(libinit2.o)
    0x08000242   0x08000242   0x00000000   Code   RO         9055    .ARM.Collect$$libinit$$0000002E  c_w.l(libinit2.o)
    0x08000242   0x08000242   0x00000000   Code   RO         9057    .ARM.Collect$$libinit$$00000030  c_w.l(libinit2.o)
    0x08000242   0x08000242   0x00000000   Code   RO         9059    .ARM.Collect$$libinit$$00000032  c_w.l(libinit2.o)
    0x08000242   0x08000242   0x00000002   Code   RO         9060    .ARM.Collect$$libinit$$00000033  c_w.l(libinit2.o)
    0x08000244   0x08000244   0x00000002   Code   RO         9191    .ARM.Collect$$libshutdown$$00000000  c_w.l(libshutdown.o)
    0x08000246   0x08000246   0x00000000   Code   RO         9145    .ARM.Collect$$libshutdown$$00000002  c_w.l(libshutdown2.o)
    0x08000246   0x08000246   0x00000000   Code   RO         9147    .ARM.Collect$$libshutdown$$00000004  c_w.l(libshutdown2.o)
    0x08000246   0x08000246   0x00000000   Code   RO         9149    .ARM.Collect$$libshutdown$$00000006  c_w.l(libshutdown2.o)
    0x08000246   0x08000246   0x00000000   Code   RO         9152    .ARM.Collect$$libshutdown$$00000009  c_w.l(libshutdown2.o)
    0x08000246   0x08000246   0x00000000   Code   RO         9155    .ARM.Collect$$libshutdown$$0000000C  c_w.l(libshutdown2.o)
    0x08000246   0x08000246   0x00000000   Code   RO         9157    .ARM.Collect$$libshutdown$$0000000E  c_w.l(libshutdown2.o)
    0x08000246   0x08000246   0x00000000   Code   RO         9160    .ARM.Collect$$libshutdown$$00000011  c_w.l(libshutdown2.o)
    0x08000246   0x08000246   0x00000002   Code   RO         9161    .ARM.Collect$$libshutdown$$00000012  c_w.l(libshutdown2.o)
    0x08000248   0x08000248   0x00000000   Code   RO         8984    .ARM.Collect$$rtentry$$00000000  c_w.l(__rtentry.o)
    0x08000248   0x08000248   0x00000000   Code   RO         9074    .ARM.Collect$$rtentry$$00000002  c_w.l(__rtentry2.o)
    0x08000248   0x08000248   0x00000006   Code   RO         9086    .ARM.Collect$$rtentry$$00000004  c_w.l(__rtentry4.o)
    0x0800024e   0x0800024e   0x00000000   Code   RO         9076    .ARM.Collect$$rtentry$$00000009  c_w.l(__rtentry2.o)
    0x0800024e   0x0800024e   0x00000004   Code   RO         9077    .ARM.Collect$$rtentry$$0000000A  c_w.l(__rtentry2.o)
    0x08000252   0x08000252   0x00000000   Code   RO         9079    .ARM.Collect$$rtentry$$0000000C  c_w.l(__rtentry2.o)
    0x08000252   0x08000252   0x00000008   Code   RO         9080    .ARM.Collect$$rtentry$$0000000D  c_w.l(__rtentry2.o)
    0x0800025a   0x0800025a   0x00000002   Code   RO         9134    .ARM.Collect$$rtexit$$00000000  c_w.l(rtexit.o)
    0x0800025c   0x0800025c   0x00000000   Code   RO         9165    .ARM.Collect$$rtexit$$00000002  c_w.l(rtexit2.o)
    0x0800025c   0x0800025c   0x00000004   Code   RO         9166    .ARM.Collect$$rtexit$$00000003  c_w.l(rtexit2.o)
    0x08000260   0x08000260   0x00000006   Code   RO         9167    .ARM.Collect$$rtexit$$00000004  c_w.l(rtexit2.o)
    0x08000266   0x08000266   0x00000002   PAD
    0x08000268   0x08000268   0x000000b6   Code   RO         6341    .emb_text           port.o
    0x0800031e   0x0800031e   0x00000002   PAD
    0x08000320   0x08000320   0x00000040   Code   RO            4    .text               startup_stm32f40_41xxx.o
    0x08000360   0x08000360   0x0000008a   Code   RO         8958    .text               c_w.l(rt_memcpy_v6.o)
    0x080003ea   0x080003ea   0x00000010   Code   RO         8960    .text               c_w.l(aeabi_memset.o)
    0x080003fa   0x080003fa   0x0000004e   Code   RO         8962    .text               c_w.l(rt_memclr_w.o)
    0x08000448   0x08000448   0x00000006   Code   RO         8964    .text               c_w.l(heapauxi.o)
    0x0800044e   0x0800044e   0x00000064   Code   RO         9010    .text               c_w.l(rt_memcpy_w.o)
    0x080004b2   0x080004b2   0x00000044   Code   RO         9012    .text               c_w.l(rt_memclr.o)
    0x080004f6   0x080004f6   0x00000002   PAD
    0x080004f8   0x080004f8   0x00000008   Code   RO         9070    .text               c_w.l(libspace.o)
    0x08000500   0x08000500   0x00000002   Code   RO         9107    .text               c_w.l(use_no_semi.o)
    0x08000502   0x08000502   0x00000000   Code   RO         9109    .text               c_w.l(indicate_semi.o)
    0x08000502   0x08000502   0x0000004a   Code   RO         9110    .text               c_w.l(sys_stackheap_outer.o)
    0x0800054c   0x0800054c   0x00000012   Code   RO         9116    .text               c_w.l(exit.o)
    0x0800055e   0x0800055e   0x00000002   PAD
    0x08000560   0x08000560   0x0000000c   Code   RO         9132    .text               c_w.l(sys_exit.o)
    0x0800056c   0x0800056c   0x00000018   Code   RO          510    i.ADC_Cmd           stm32f4xx_adc.o
    0x08000584   0x08000584   0x00000028   Code   RO          511    i.ADC_CommonInit    stm32f4xx_adc.o
    0x080005ac   0x080005ac   0x0000004c   Code   RO          530    i.ADC_Init          stm32f4xx_adc.o
    0x080005f8   0x080005f8   0x00000080   Code   RO         7028    i.Adc_Init          adc.o
    0x08000678   0x08000678   0x00000020   Code   RO         7884    i.Angle_Limiting_Int16  rmmotor.o
    0x08000698   0x08000698   0x00000002   Code   RO          228    i.BusFault_Handler  stm32f4xx_it.o
    0x0800069a   0x0800069a   0x00000002   PAD
    0x0800069c   0x0800069c   0x00000040   Code   RO         8207    i.CAN1_RX0_IRQHandler  can_1_receive.o
    0x080006dc   0x080006dc   0x00000048   Code   RO         8208    i.CAN1_chassis_receive  can_1_receive.o
    0x08000724   0x08000724   0x000000f0   Code   RO         6621    i.CAN1_mode_init    can.o
    0x08000814   0x08000814   0x00000080   Code   RO         8265    i.CAN2_Chassis_RC_SetMsg  can_2_receive.o
    0x08000894   0x08000894   0x00000074   Code   RO         8266    i.CAN2_Enemy_color_SetMsg  can_2_receive.o
    0x08000908   0x08000908   0x00000044   Code   RO         8267    i.CAN2_RX0_IRQHandler  can_2_receive.o
    0x0800094c   0x0800094c   0x00000018   Code   RO         8268    i.CAN2_gimbal_receive  can_2_receive.o
    0x08000964   0x08000964   0x000000fc   Code   RO         6622    i.CAN2_mode_init    can.o
    0x08000a60   0x08000a60   0x00000030   Code   RO          751    i.CAN_ClearFlag     stm32f4xx_can.o
    0x08000a90   0x08000a90   0x00000088   Code   RO          752    i.CAN_ClearITPendingBit  stm32f4xx_can.o
    0x08000b18   0x08000b18   0x00000038   Code   RO          754    i.CAN_DeInit        stm32f4xx_can.o
    0x08000b50   0x08000b50   0x000000d4   Code   RO          756    i.CAN_FilterInit    stm32f4xx_can.o
    0x08000c24   0x08000c24   0x000000cc   Code   RO          758    i.CAN_GetITStatus   stm32f4xx_can.o
    0x08000cf0   0x08000cf0   0x00000014   Code   RO          762    i.CAN_ITConfig      stm32f4xx_can.o
    0x08000d04   0x08000d04   0x00000104   Code   RO          763    i.CAN_Init          stm32f4xx_can.o
    0x08000e08   0x08000e08   0x00000082   Code   RO          766    i.CAN_Receive       stm32f4xx_can.o
    0x08000e8a   0x08000e8a   0x00000020   Code   RO          769    i.CAN_StructInit    stm32f4xx_can.o
    0x08000eaa   0x08000eaa   0x000000b6   Code   RO          771    i.CAN_Transmit      stm32f4xx_can.o
    0x08000f60   0x08000f60   0x00000088   Code   RO          772    i.CAN_TransmitStatus  stm32f4xx_can.o
    0x08000fe8   0x08000fe8   0x00000034   Code   RO         8617    i.CHASSIS_Task      task_chassis.o
    0x0800101c   0x0800101c   0x00000068   Code   RO         8472    i.Capacitance_Power_Send  capacitor_control.o
    0x08001084   0x08001084   0x00000030   Code   RO         8473    i.Capacitance_usart_iwdg  capacitor_control.o
    0x080010b4   0x080010b4   0x000001d4   Code   RO         8319    i.Chassis_Auto      chassis_behaviour.o
    0x08001288   0x08001288   0x0000010c   Code   RO         8320    i.Chassis_Blocking  chassis_behaviour.o
    0x08001394   0x08001394   0x00000054   Code   RO         8321    i.Chassis_RemoteControl  chassis_behaviour.o
    0x080013e8   0x080013e8   0x00000030   Code   RO         8322    i.Chassis_Stop      chassis_behaviour.o
    0x08001418   0x08001418   0x00000248   Code   RO         8619    i.Chassis_accelerated_Control  task_chassis.o
    0x08001660   0x08001660   0x00000090   Code   RO         8620    i.Chassis_power_limit  task_chassis.o
    0x080016f0   0x080016f0   0x0000005c   Code   RO         8621    i.Chassis_to_Gimbal  task_chassis.o
    0x0800174c   0x0800174c   0x0000000c   Code   RO          774    i.CheckITStatus     stm32f4xx_can.o
    0x08001758   0x08001758   0x00000024   Code   RO         7886    i.Check_CodeValue   rmmotor.o
    0x0800177c   0x0800177c   0x00000030   Code   RO         8783    i.DETECT_Task       task_detect.o
    0x080017ac   0x080017ac   0x00000044   Code   RO         8392    i.DMA2_Stream5_IRQHandler  remotecontrol.o
    0x080017f0   0x080017f0   0x00000040   Code   RO         6889    i.DMA2_Stream6_IRQHandler  usart.o
    0x08001830   0x08001830   0x0000002c   Code   RO         1529    i.DMA_ClearFlag     stm32f4xx_dma.o
    0x0800185c   0x0800185c   0x0000002c   Code   RO         1530    i.DMA_ClearITPendingBit  stm32f4xx_dma.o
    0x08001888   0x08001888   0x00000018   Code   RO         1531    i.DMA_Cmd           stm32f4xx_dma.o
    0x080018a0   0x080018a0   0x0000012c   Code   RO         1532    i.DMA_DeInit        stm32f4xx_dma.o
    0x080019cc   0x080019cc   0x0000000e   Code   RO         1536    i.DMA_GetCmdStatus  stm32f4xx_dma.o
    0x080019da   0x080019da   0x00000006   Code   RO         1537    i.DMA_GetCurrDataCounter  stm32f4xx_dma.o
    0x080019e0   0x080019e0   0x00000034   Code   RO         1540    i.DMA_GetFlagStatus  stm32f4xx_dma.o
    0x08001a14   0x08001a14   0x00000054   Code   RO         1541    i.DMA_GetITStatus   stm32f4xx_dma.o
    0x08001a68   0x08001a68   0x00000032   Code   RO         1542    i.DMA_ITConfig      stm32f4xx_dma.o
    0x08001a9a   0x08001a9a   0x00000002   PAD
    0x08001a9c   0x08001a9c   0x00000054   Code   RO         1543    i.DMA_Init          stm32f4xx_dma.o
    0x08001af0   0x08001af0   0x00000004   Code   RO         1546    i.DMA_SetCurrDataCounter  stm32f4xx_dma.o
    0x08001af4   0x08001af4   0x00000022   Code   RO         1547    i.DMA_StructInit    stm32f4xx_dma.o
    0x08001b16   0x08001b16   0x00000002   Code   RO          229    i.DebugMon_Handler  stm32f4xx_it.o
    0x08001b18   0x08001b18   0x00000080   Code   RO         8723    i.FIRE_Task         task_fire.o
    0x08001b98   0x08001b98   0x000000b8   Code   RO         8724    i.Fire_Control      task_fire.o
    0x08001c50   0x08001c50   0x00000040   Code   RO         8726    i.Fire_param_init   task_fire.o
    0x08001c90   0x08001c90   0x0000007c   Code   RO         2331    i.GPIO_Init         stm32f4xx_gpio.o
    0x08001d0c   0x08001d0c   0x00000020   Code   RO         2332    i.GPIO_PinAFConfig  stm32f4xx_gpio.o
    0x08001d2c   0x08001d2c   0x0000000e   Code   RO         2335    i.GPIO_ReadInputDataBit  stm32f4xx_gpio.o
    0x08001d3a   0x08001d3a   0x00000004   Code   RO         2338    i.GPIO_ResetBits    stm32f4xx_gpio.o
    0x08001d3e   0x08001d3e   0x00000004   Code   RO         2339    i.GPIO_SetBits      stm32f4xx_gpio.o
    0x08001d42   0x08001d42   0x00000002   PAD
    0x08001d44   0x08001d44   0x00000030   Code   RO         7392    i.Get_CRC16_Check_Sum  crc.o
    0x08001d74   0x08001d74   0x0000001c   Code   RO         7393    i.Get_CRC8_Check_Sum  crc.o
    0x08001d90   0x08001d90   0x0000001c   Code   RO         7118    i.Get_Laser_Back    sensor.o
    0x08001dac   0x08001dac   0x0000001c   Code   RO         7119    i.Get_Laser_Forward  sensor.o
    0x08001dc8   0x08001dc8   0x00000002   Code   RO          230    i.HardFault_Handler  stm32f4xx_it.o
    0x08001dca   0x08001dca   0x00000004   Code   RO         6655    i.IWDG_Feed         iwdg.o
    0x08001dce   0x08001dce   0x00000002   PAD
    0x08001dd0   0x08001dd0   0x00000010   Code   RO         2848    i.IWDG_ReloadCounter  stm32f4xx_iwdg.o
    0x08001de0   0x08001de0   0x000000dc   Code   RO         8622    i.Keep_Driv_Track   task_chassis.o
    0x08001ebc   0x08001ebc   0x00000100   Code   RO         6723    i.LED_Init          led.o
    0x08001fbc   0x08001fbc   0x0000003c   Code   RO         7120    i.Laser_GPIO_Init   sensor.o
    0x08001ff8   0x08001ff8   0x00000010   Code   RO         6726    i.Laser_OFF         led.o
    0x08002008   0x08002008   0x00000010   Code   RO         6727    i.Laser_ON          led.o
    0x08002018   0x08002018   0x000000ac   Code   RO         7800    i.Location_Pid_Int32  pid.o
    0x080020c4   0x080020c4   0x00000002   Code   RO          231    i.MemManage_Handler  stm32f4xx_it.o
    0x080020c6   0x080020c6   0x0000003a   Code   RO         7890    i.Motor_Actual_Position  rmmotor.o
    0x08002100   0x08002100   0x00000048   Code   RO         7891    i.Motor_Position_Speed_Control  rmmotor.o
    0x08002148   0x08002148   0x00000002   Code   RO          232    i.NMI_Handler       stm32f4xx_it.o
    0x0800214a   0x0800214a   0x00000002   PAD
    0x0800214c   0x0800214c   0x00000068   Code   RO          430    i.NVIC_Init         misc.o
    0x080021b4   0x080021b4   0x00000014   Code   RO          431    i.NVIC_PriorityGroupConfig  misc.o
    0x080021c8   0x080021c8   0x0000001c   Code   RO         3257    i.RCC_AHB1PeriphClockCmd  stm32f4xx_rcc.o
    0x080021e4   0x080021e4   0x0000001c   Code   RO         3260    i.RCC_AHB2PeriphClockCmd  stm32f4xx_rcc.o
    0x08002200   0x08002200   0x0000001c   Code   RO         3266    i.RCC_APB1PeriphClockCmd  stm32f4xx_rcc.o
    0x0800221c   0x0800221c   0x0000001c   Code   RO         3268    i.RCC_APB1PeriphResetCmd  stm32f4xx_rcc.o
    0x08002238   0x08002238   0x0000001c   Code   RO         3269    i.RCC_APB2PeriphClockCmd  stm32f4xx_rcc.o
    0x08002254   0x08002254   0x0000001c   Code   RO         3271    i.RCC_APB2PeriphResetCmd  stm32f4xx_rcc.o
    0x08002270   0x08002270   0x000000a4   Code   RO         3278    i.RCC_GetClocksFreq  stm32f4xx_rcc.o
    0x08002314   0x08002314   0x0000010c   Code   RO         8393    i.RC_Deal           remotecontrol.o
    0x08002420   0x08002420   0x00000078   Code   RO         8394    i.RC_data_is_error  remotecontrol.o
    0x08002498   0x08002498   0x0000005c   Code   RO         8395    i.RC_restart        remotecontrol.o
    0x080024f4   0x080024f4   0x0000000e   Code   RO         8868    i.REMOTE_Task       task_remote.o
    0x08002502   0x08002502   0x00000002   PAD
    0x08002504   0x08002504   0x00000020   Code   RO         3597    i.RNG_Cmd           stm32f4xx_rng.o
    0x08002524   0x08002524   0x00000014   Code   RO         3599    i.RNG_GetFlagStatus  stm32f4xx_rng.o
    0x08002538   0x08002538   0x0000000c   Code   RO         3601    i.RNG_GetRandomNumber  stm32f4xx_rng.o
    0x08002544   0x08002544   0x00000014   Code   RO         7078    i.RNG_Get_RandomNum  rng.o
    0x08002558   0x08002558   0x0000001a   Code   RO         7079    i.RNG_Get_RandomRange  rng.o
    0x08002572   0x08002572   0x0000003a   Code   RO         7080    i.RNG_Init          rng.o
    0x080025ac   0x080025ac   0x0000000c   Code   RO         8396    i.Remote_Control_Init  remotecontrol.o
    0x080025b8   0x080025b8   0x00000020   Code   RO         8397    i.Remote_reload     remotecontrol.o
    0x080025d8   0x080025d8   0x00000020   Code   RO         8623    i.Return_Chassis_Mode  task_chassis.o
    0x080025f8   0x080025f8   0x0000002c   Code   RO         8323    i.Return_Fire_Mode  chassis_behaviour.o
    0x08002624   0x08002624   0x00000024   Code   RO         8324    i.Return_Friction_Wheel_Mode  chassis_behaviour.o
    0x08002648   0x08002648   0x0000000c   Code   RO         8398    i.Return_RC_S1num   remotecontrol.o
    0x08002654   0x08002654   0x0000002c   Code   RO         7892    i.Rmmotor_Speed_control  rmmotor.o
    0x08002680   0x08002680   0x000000b4   Code   RO         8577    i.START_Task        task_start.o
    0x08002734   0x08002734   0x000000b8   Code   RO          389    i.SetSysClock       system_stm32f4xx.o
    0x080027ec   0x080027ec   0x0000002c   Code   RO         8578    i.StartTask         task_start.o
    0x08002818   0x08002818   0x0000001c   Code   RO         8474    i.SupeCap_receive   capacitor_control.o
    0x08002834   0x08002834   0x0000001c   Code   RO         8476    i.SuperCap_Send     capacitor_control.o
    0x08002850   0x08002850   0x00000014   Code   RO         6554    i.SysTick_Handler   delay.o
    0x08002864   0x08002864   0x0000005c   Code   RO          391    i.SystemInit        system_stm32f4xx.o
    0x080028c0   0x080028c0   0x00000064   Code   RO         6422    i.System_Init       sysinit.o
    0x08002924   0x08002924   0x00000018   Code   RO         6831    i.TIM2_IRQHandler   time.o
    0x0800293c   0x0800293c   0x0000003c   Code   RO         6834    i.TIM6_DAC_IRQHandler  time.o
    0x08002978   0x08002978   0x00000006   Code   RO         4647    i.TIM_ClearFlag     stm32f4xx_tim.o
    0x0800297e   0x0800297e   0x00000006   Code   RO         4648    i.TIM_ClearITPendingBit  stm32f4xx_tim.o
    0x08002984   0x08002984   0x00000018   Code   RO         4674    i.TIM_GetITStatus   stm32f4xx_tim.o
    0x0800299c   0x0800299c   0x00000084   Code   RO         8477    i.USART2_IRQHandler  capacitor_control.o
    0x08002a20   0x08002a20   0x0000009c   Code   RO         6890    i.USART6_IRQHandler  usart.o
    0x08002abc   0x08002abc   0x00000008   Code   RO         5203    i.USART_ClearFlag   stm32f4xx_usart.o
    0x08002ac4   0x08002ac4   0x00000010   Code   RO         5204    i.USART_ClearITPendingBit  stm32f4xx_usart.o
    0x08002ad4   0x08002ad4   0x00000018   Code   RO         5207    i.USART_Cmd         stm32f4xx_usart.o
    0x08002aec   0x08002aec   0x00000014   Code   RO         5208    i.USART_DMACmd      stm32f4xx_usart.o
    0x08002b00   0x08002b00   0x00000100   Code   RO         5209    i.USART_DeInit      stm32f4xx_usart.o
    0x08002c00   0x08002c00   0x0000000e   Code   RO         5210    i.USART_GetFlagStatus  stm32f4xx_usart.o
    0x08002c0e   0x08002c0e   0x00000040   Code   RO         5211    i.USART_GetITStatus  stm32f4xx_usart.o
    0x08002c4e   0x08002c4e   0x00000036   Code   RO         5213    i.USART_ITConfig    stm32f4xx_usart.o
    0x08002c84   0x08002c84   0x000000bc   Code   RO         5214    i.USART_Init        stm32f4xx_usart.o
    0x08002d40   0x08002d40   0x00000008   Code   RO         5224    i.USART_SendData    stm32f4xx_usart.o
    0x08002d48   0x08002d48   0x00000002   Code   RO          233    i.UsageFault_Handler  stm32f4xx_it.o
    0x08002d4a   0x08002d4a   0x00000002   PAD
    0x08002d4c   0x08002d4c   0x00000118   Code   RO         6891    i.Usart1_Init       usart.o
    0x08002e64   0x08002e64   0x00000040   Code   RO         7394    i.Verify_CRC16_Check_Sum  crc.o
    0x08002ea4   0x08002ea4   0x0000002e   Code   RO         7395    i.Verify_CRC8_Check_Sum  crc.o
    0x08002ed2   0x08002ed2   0x00000002   PAD
    0x08002ed4   0x08002ed4   0x00000024   Code   RO         8624    i.automatic_Enemy_color  task_chassis.o
    0x08002ef8   0x08002ef8   0x00000010   Code   RO         7459    i.bullet_speed      refereedeal.o
    0x08002f08   0x08002f08   0x0000007c   Code   RO         8325    i.chassis_behaviour_mode_set  chassis_behaviour.o
    0x08002f84   0x08002f84   0x00000024   Code   RO         8625    i.chassis_controlwork  task_chassis.o
    0x08002fa8   0x08002fa8   0x00000058   Code   RO         8626    i.chassis_data_update  task_chassis.o
    0x08003000   0x08003000   0x00000138   Code   RO         8627    i.chassis_init      task_chassis.o
    0x08003138   0x08003138   0x00000024   Code   RO         8628    i.chassis_jscope_print_curve  task_chassis.o
    0x0800315c   0x0800315c   0x0000008e   Code   RO         8326    i.chassis_mode_choose  chassis_behaviour.o
    0x080031ea   0x080031ea   0x0000013a   Code   RO         8629    i.chassis_pid_calc  task_chassis.o
    0x08003324   0x08003324   0x00000004   Code   RO         8630    i.chassis_remote_mode_choose  task_chassis.o
    0x08003328   0x08003328   0x000000a4   Code   RO         8631    i.chassis_set_remote  task_chassis.o
    0x080033cc   0x080033cc   0x0000000a   Code   RO         6555    i.delay_ms          delay.o
    0x080033d6   0x080033d6   0x0000009c   Code   RO         6556    i.delay_us          delay.o
    0x08003472   0x08003472   0x00000020   Code   RO         8125    i.fifo_init         fifo_buff.o
    0x08003492   0x08003492   0x00000052   Code   RO         8128    i.fifo_read_buff    fifo_buff.o
    0x080034e4   0x080034e4   0x00000038   Code   RO         7978    i.first_order_filter  maths.o
    0x0800351c   0x0800351c   0x00000014   Code   RO         7979    i.first_order_filter_init  maths.o
    0x08003530   0x08003530   0x00000010   Code   RO         7980    i.float_abs         maths.o
    0x08003540   0x08003540   0x00000014   Code   RO         8209    i.get_Chassis_Motor_Measure_Point  can_1_receive.o
    0x08003554   0x08003554   0x0000000c   Code   RO         8269    i.get_Enemy_status  can_2_receive.o
    0x08003560   0x08003560   0x00000008   Code   RO         8210    i.get_Fire_Motor_Measure_Point  can_1_receive.o
    0x08003568   0x08003568   0x00000008   Code   RO         8727    i.get_Fire_control_point  task_fire.o
    0x08003570   0x08003570   0x00000008   Code   RO         8211    i.get_Yaw_Gimbal_Motor_Measure_Point  can_1_receive.o
    0x08003578   0x08003578   0x00000008   Code   RO         8400    i.get_remote_control_point  remotecontrol.o
    0x08003580   0x08003580   0x0000000a   Code   RO         7983    i.int16_t_abs       maths.o
    0x0800358a   0x0800358a   0x00000010   Code   RO         7984    i.int32_limit       maths.o
    0x0800359a   0x0800359a   0x0000000e   Code   RO           13    i.main              main.o
    0x080035a8   0x080035a8   0x0000002a   Code   RO         7989    i.max_abs           maths.o
    0x080035d2   0x080035d2   0x00000008   Code   RO         8130    i.min_fifo          fifo_buff.o
    0x080035da   0x080035da   0x00000002   PAD
    0x080035dc   0x080035dc   0x0000004c   Code   RO         7803    i.pid_init          pid.o
    0x08003628   0x08003628   0x00000070   Code   RO         5825    i.prvAddCurrentTaskToDelayedList  tasks.o
    0x08003698   0x08003698   0x0000008c   Code   RO         5826    i.prvAddNewTaskToReadyList  tasks.o
    0x08003724   0x08003724   0x00000050   Code   RO         6162    i.prvCheckForValidListAndQueue  timers.o
    0x08003774   0x08003774   0x00000054   Code   RO         5827    i.prvCheckTasksWaitingTermination  tasks.o
    0x080037c8   0x080037c8   0x00000028   Code   RO         5627    i.prvCopyDataFromQueue  queue.o
    0x080037f0   0x080037f0   0x0000006e   Code   RO         5628    i.prvCopyDataToQueue  queue.o
    0x0800385e   0x0800385e   0x00000014   Code   RO         5828    i.prvDeleteTCB      tasks.o
    0x08003872   0x08003872   0x00000002   PAD
    0x08003874   0x08003874   0x00000024   Code   RO         6163    i.prvGetNextExpireTime  timers.o
    0x08003898   0x08003898   0x0000004c   Code   RO         6292    i.prvHeapInit       heap_4.o
    0x080038e4   0x080038e4   0x00000028   Code   RO         5829    i.prvIdleTask       tasks.o
    0x0800390c   0x0800390c   0x00000022   Code   RO         5630    i.prvInitialiseNewQueue  queue.o
    0x0800392e   0x0800392e   0x0000009a   Code   RO         5830    i.prvInitialiseNewTask  tasks.o
    0x080039c8   0x080039c8   0x00000058   Code   RO         5831    i.prvInitialiseTaskLists  tasks.o
    0x08003a20   0x08003a20   0x00000054   Code   RO         6293    i.prvInsertBlockIntoFreeList  heap_4.o
    0x08003a74   0x08003a74   0x00000040   Code   RO         6165    i.prvInsertTimerInActiveList  timers.o
    0x08003ab4   0x08003ab4   0x0000001a   Code   RO         5631    i.prvIsQueueEmpty   queue.o
    0x08003ace   0x08003ace   0x0000001e   Code   RO         5632    i.prvIsQueueFull    queue.o
    0x08003aec   0x08003aec   0x0000005c   Code   RO         6166    i.prvProcessExpiredTimer  timers.o
    0x08003b48   0x08003b48   0x000000b8   Code   RO         6167    i.prvProcessReceivedCommands  timers.o
    0x08003c00   0x08003c00   0x0000006c   Code   RO         6168    i.prvProcessTimerOrBlockTask  timers.o
    0x08003c6c   0x08003c6c   0x00000024   Code   RO         5833    i.prvResetNextTaskUnblockTime  tasks.o
    0x08003c90   0x08003c90   0x0000002c   Code   RO         6169    i.prvSampleTimeNow  timers.o
    0x08003cbc   0x08003cbc   0x0000006c   Code   RO         6170    i.prvSwitchTimerLists  timers.o
    0x08003d28   0x08003d28   0x0000002c   Code   RO         6342    i.prvTaskExitError  port.o
    0x08003d54   0x08003d54   0x00000014   Code   RO         6171    i.prvTimerTask      timers.o
    0x08003d68   0x08003d68   0x0000006a   Code   RO         5633    i.prvUnlockQueue    queue.o
    0x08003dd2   0x08003dd2   0x00000002   PAD
    0x08003dd4   0x08003dd4   0x000000d4   Code   RO         6294    i.pvPortMalloc      heap_4.o
    0x08003ea8   0x08003ea8   0x00000018   Code   RO         5836    i.pvTaskIncrementMutexHeldCount  tasks.o
    0x08003ec0   0x08003ec0   0x00000024   Code   RO         6343    i.pxPortInitialiseStack  port.o
    0x08003ee4   0x08003ee4   0x0000000c   Code   RO         7464    i.referee_blue_outpost_HP  refereedeal.o
    0x08003ef0   0x08003ef0   0x00000010   Code   RO         7466    i.referee_chassis_power  refereedeal.o
    0x08003f00   0x08003f00   0x0000000c   Code   RO         7467    i.referee_chassis_power_buffer  refereedeal.o
    0x08003f0c   0x08003f0c   0x00000010   Code   RO         7470    i.referee_hurt_type  refereedeal.o
    0x08003f1c   0x08003f1c   0x0000014c   Code   RO         7472    i.referee_read_data  refereedeal.o
    0x08004068   0x08004068   0x0000000c   Code   RO         7473    i.referee_red_outpost_HP  refereedeal.o
    0x08004074   0x08004074   0x0000000c   Code   RO         7474    i.referee_remain_HP  refereedeal.o
    0x08004080   0x08004080   0x0000000c   Code   RO         7475    i.referee_robot_id  refereedeal.o
    0x0800408c   0x0800408c   0x0000000c   Code   RO         7477    i.referee_shooter_id1_17mm_cooling_heat  refereedeal.o
    0x08004098   0x08004098   0x0000000c   Code   RO         7478    i.referee_shooter_id1_17mm_cooling_limit  refereedeal.o
    0x080040a4   0x080040a4   0x0000000c   Code   RO         7485    i.referee_shooter_id2_17mm_cooling_heat  refereedeal.o
    0x080040b0   0x080040b0   0x00000006   Code   RO         7493    i.referee_system_init  refereedeal.o
    0x080040b6   0x080040b6   0x00000002   PAD
    0x080040b8   0x080040b8   0x000001e4   Code   RO         6895    i.usart6_init       usart.o
    0x0800429c   0x0800429c   0x00000024   Code   RO         5590    i.uxListRemove      list.o
    0x080042c0   0x080042c0   0x00000016   Code   RO         5591    i.vListInitialise   list.o
    0x080042d6   0x080042d6   0x00000006   Code   RO         5592    i.vListInitialiseItem  list.o
    0x080042dc   0x080042dc   0x00000030   Code   RO         5593    i.vListInsert       list.o
    0x0800430c   0x0800430c   0x00000018   Code   RO         5594    i.vListInsertEnd    list.o
    0x08004324   0x08004324   0x00000040   Code   RO         6345    i.vPortEnterCritical  port.o
    0x08004364   0x08004364   0x0000002c   Code   RO         6346    i.vPortExitCritical  port.o
    0x08004390   0x08004390   0x0000005c   Code   RO         6295    i.vPortFree         heap_4.o
    0x080043ec   0x080043ec   0x00000020   Code   RO         6347    i.vPortSetupTimerInterrupt  port.o
    0x0800440c   0x0800440c   0x00000054   Code   RO         6348    i.vPortValidateInterruptPriority  port.o
    0x08004460   0x08004460   0x00000024   Code   RO         5639    i.vQueueAddToRegistry  queue.o
    0x08004484   0x08004484   0x00000046   Code   RO         5643    i.vQueueWaitForMessageRestricted  queue.o
    0x080044ca   0x080044ca   0x00000002   PAD
    0x080044cc   0x080044cc   0x00000050   Code   RO         5844    i.vTaskDelay        tasks.o
    0x0800451c   0x0800451c   0x000000ac   Code   RO         5846    i.vTaskDelete       tasks.o
    0x080045c8   0x080045c8   0x0000000c   Code   RO         5849    i.vTaskMissedYield  tasks.o
    0x080045d4   0x080045d4   0x00000034   Code   RO         5851    i.vTaskPlaceOnEventList  tasks.o
    0x08004608   0x08004608   0x0000003c   Code   RO         5852    i.vTaskPlaceOnEventListRestricted  tasks.o
    0x08004644   0x08004644   0x00000088   Code   RO         5854    i.vTaskPriorityInherit  tasks.o
    0x080046cc   0x080046cc   0x00000024   Code   RO         5858    i.vTaskSetTimeOutState  tasks.o
    0x080046f0   0x080046f0   0x00000070   Code   RO         5859    i.vTaskStartScheduler  tasks.o
    0x08004760   0x08004760   0x00000010   Code   RO         5861    i.vTaskSuspendAll   tasks.o
    0x08004770   0x08004770   0x00000060   Code   RO         5862    i.vTaskSwitchContext  tasks.o
    0x080047d0   0x080047d0   0x000000e0   Code   RO         6349    i.xPortStartScheduler  port.o
    0x080048b0   0x080048b0   0x0000002c   Code   RO         6350    i.xPortSysTickHandler  port.o
    0x080048dc   0x080048dc   0x00000044   Code   RO         5646    i.xQueueGenericCreate  queue.o
    0x08004920   0x08004920   0x00000188   Code   RO         5647    i.xQueueGenericReceive  queue.o
    0x08004aa8   0x08004aa8   0x0000008c   Code   RO         5648    i.xQueueGenericReset  queue.o
    0x08004b34   0x08004b34   0x00000164   Code   RO         5649    i.xQueueGenericSend  queue.o
    0x08004c98   0x08004c98   0x000000be   Code   RO         5650    i.xQueueGenericSendFromISR  queue.o
    0x08004d56   0x08004d56   0x00000002   PAD
    0x08004d58   0x08004d58   0x00000074   Code   RO         5863    i.xTaskCheckForTimeOut  tasks.o
    0x08004dcc   0x08004dcc   0x00000060   Code   RO         5864    i.xTaskCreate       tasks.o
    0x08004e2c   0x08004e2c   0x0000001c   Code   RO         5868    i.xTaskGetSchedulerState  tasks.o
    0x08004e48   0x08004e48   0x0000000c   Code   RO         5869    i.xTaskGetTickCount  tasks.o
    0x08004e54   0x08004e54   0x000000cc   Code   RO         5871    i.xTaskIncrementTick  tasks.o
    0x08004f20   0x08004f20   0x00000098   Code   RO         5874    i.xTaskPriorityDisinherit  tasks.o
    0x08004fb8   0x08004fb8   0x0000007c   Code   RO         5875    i.xTaskRemoveFromEventList  tasks.o
    0x08005034   0x08005034   0x000000cc   Code   RO         5877    i.xTaskResumeAll    tasks.o
    0x08005100   0x08005100   0x00000050   Code   RO         6175    i.xTimerCreateTimerTask  timers.o
    0x08005150   0x08005150   0x00000068   Code   RO         6176    i.xTimerGenericCommand  timers.o
    0x080051b8   0x080051b8   0x0000000a   Code   RO         9105    x$fpl$fpinit        fz_wm.l(fpinit.o)
    0x080051c2   0x080051c2   0x00000300   Data   RO         7397    .constdata          crc.o
    0x080054c2   0x080054c2   0x00000002   PAD
    0x080054c4   0x080054c4   0x00000020   Data   RO         9192    Region$$Table       anon$$obj.o


    Execution Region RW_IRAM1 (Exec base: 0x20000000, Load base: 0x080054e4, Size: 0x00013ff8, Max: 0x00020000, ABSOLUTE, COMPRESSED[0x0000003c])

    Exec Addr    Load Addr    Size         Type   Attr      Idx    E Section Name        Object

    0x20000000   COMPRESSED   0x00000014   Data   RW          392    .data               system_stm32f4xx.o
    0x20000014   COMPRESSED   0x00000010   Data   RW         3310    .data               stm32f4xx_rcc.o
    0x20000024   COMPRESSED   0x0000003c   Data   RW         5880    .data               tasks.o
    0x20000060   COMPRESSED   0x00000014   Data   RW         6182    .data               timers.o
    0x20000074   COMPRESSED   0x00000018   Data   RW         6300    .data               heap_4.o
    0x2000008c   COMPRESSED   0x0000000c   Data   RW         6351    .data               port.o
    0x20000098   COMPRESSED   0x00000002   Data   RW         6836    .data               time.o
    0x2000009a   COMPRESSED   0x00000002   PAD
    0x2000009c   COMPRESSED   0x00000008   Data   RW         6897    .data               usart.o
    0x200000a4   COMPRESSED   0x00000002   Data   RW         7121    .data               sensor.o
    0x200000a6   COMPRESSED   0x00000002   Data   RW         7398    .data               crc.o
    0x200000a8   COMPRESSED   0x00000009   Data   RW         7498    .data               refereedeal.o
    0x200000b1   COMPRESSED   0x00000001   Data   RW         8271    .data               can_2_receive.o
    0x200000b2   COMPRESSED   0x00000002   PAD
    0x200000b4   COMPRESSED   0x00000048   Data   RW         8327    .data               chassis_behaviour.o
    0x200000fc   COMPRESSED   0x00000006   Data   RW         8480    .data               capacitor_control.o
    0x20000102   COMPRESSED   0x00000002   PAD
    0x20000104   COMPRESSED   0x00000014   Data   RW         8579    .data               task_start.o
    0x20000118   COMPRESSED   0x00000026   Data   RW         8633    .data               task_chassis.o
    0x2000013e   COMPRESSED   0x00000002   PAD
    0x20000140   COMPRESSED   0x00000004   Data   RW         8729    .data               task_fire.o
    0x20000144   COMPRESSED   0x00000006   Data   RW         8812    .data               task_safecheck.o
    0x2000014a   COMPRESSED   0x00000002   PAD
    0x2000014c        -       0x00000040   Zero   RW         5658    .bss                queue.o
    0x2000018c        -       0x000000dc   Zero   RW         5879    .bss                tasks.o
    0x20000268        -       0x00000028   Zero   RW         6181    .bss                timers.o
    0x20000290        -       0x00012c00   Zero   RW         6299    .bss                heap_4.o
    0x20012e90        -       0x0000065c   Zero   RW         6896    .bss                usart.o
    0x200134ec        -       0x00000097   Zero   RW         7497    .bss                refereedeal.o
    0x20013583   COMPRESSED   0x00000001   PAD
    0x20013584        -       0x00000090   Zero   RW         8212    .bss                can_1_receive.o
    0x20013614        -       0x00000014   Zero   RW         8270    .bss                can_2_receive.o
    0x20013628        -       0x00000028   Zero   RW         8401    .bss                remotecontrol.o
    0x20013650        -       0x00000019   Zero   RW         8479    .bss                capacitor_control.o
    0x20013669   COMPRESSED   0x00000003   PAD
    0x2001366c        -       0x000002cc   Zero   RW         8632    .bss                task_chassis.o
    0x20013938        -       0x0000005c   Zero   RW         8728    .bss                task_fire.o
    0x20013994        -       0x00000060   Zero   RW         9071    .bss                c_w.l(libspace.o)
    0x200139f4   COMPRESSED   0x00000004   PAD
    0x200139f8        -       0x00000200   Zero   RW            2    HEAP                startup_stm32f40_41xxx.o
    0x20013bf8        -       0x00000400   Zero   RW            1    STACK               startup_stm32f40_41xxx.o


==============================================================================

Image component sizes


      Code (inc. data)   RO Data    RW Data    ZI Data      Debug   Object Name

       128         10          0          0          0        735   adc.o
       492         18          0          0          0       2234   can.o
       172         30          0          0        144       4364   can_1_receive.o
       348         36          0          1         20       4636   can_2_receive.o
       340         42          0          6         25       4638   capacitor_control.o
      1214         52          0         72          0       8727   chassis_behaviour.o
       186         12        768          2          0       4217   crc.o
         0          0          0          0          0       7424   croutine.o
       186          0          0          0          0       1960   delay.o
         0          0          0          0          0      10632   event_groups.o
       122          0          0          0          0       3461   fifo_buff.o
       464         22          0         24      76800       5051   heap_4.o
         4          0          0          0          0        516   iwdg.o
       288         20          0          0          0       1758   led.o
       136          0          0          0          0       3710   list.o
        14          0          0          0          0      44539   main.o
       160          0          0          0          0       5461   maths.o
       124         16          0          0          0     262583   misc.o
       248         12          0          0          0       2052   pid.o
       754         84          0         12          0      12169   port.o
      1598         18          0          0         64      17693   queue.o
       482         62          0          9        151       8967   refereedeal.o
       612         58          0          0         40       6335   remotecontrol.o
       242          0          0          0          0       4460   rmmotor.o
       104          0          0          0          0       1953   rng.o
       116         24          0          2          0       1819   sensor.o
        64         26        392          0       1536        964   startup_stm32f40_41xxx.o
       140         20          0          0          0       3406   stm32f4xx_adc.o
      1428         46          0          0          0      10529   stm32f4xx_can.o
       740         78          0          0          0      10133   stm32f4xx_dma.o
       178          0          0          0          0       4031   stm32f4xx_gpio.o
        12          0          0          0          0      64089   stm32f4xx_it.o
        16          6          0          0          0        553   stm32f4xx_iwdg.o
       332         52          0         16          0       7358   stm32f4xx_rcc.o
        64         16          0          0          0       1852   stm32f4xx_rng.o
        36          0          0          0          0       2786   stm32f4xx_tim.o
       652         40          0          0          0       8891   stm32f4xx_usart.o
       100          6          0          0          0     273714   sysinit.o
       276         34          0         20          0       2125   system_stm32f4xx.o
      2114        100          0         38        716      11326   task_chassis.o
        48          6          0          0          0        618   task_detect.o
       384         44          0          4         92       4621   task_fire.o
        14          0          0          0          0        606   task_remote.o
         0          0          0          6          0        812   task_safecheck.o
       224         92          0         20          0       1643   task_start.o
      2406        202          0         60        220      25655   tasks.o
        84          8          0          2          0       2037   time.o
       920         88          0         20         40      18823   timers.o
       984         72          0          8       1628       5442   usart.o

    ----------------------------------------------------------------------
     19780       1452       1194        332      81480     894108   Object Totals
         0          0         32          0          0          0   (incl. Generated)
        30          0          2         10          4          0   (incl. Padding)

    ----------------------------------------------------------------------

      Code (inc. data)   RO Data    RW Data    ZI Data      Debug   Library Member Name

        90          0          0          0          0          0   __dczerorl2.o
         8          0          0          0          0         68   __main.o
         0          0          0          0          0          0   __rtentry.o
        12          0          0          0          0          0   __rtentry2.o
         6          0          0          0          0          0   __rtentry4.o
        52          8          0          0          0          0   __scatter.o
        28          0          0          0          0          0   __scatter_zi.o
        16          0          0          0          0         68   aeabi_memset.o
        18          0          0          0          0         80   exit.o
         6          0          0          0          0        152   heapauxi.o
         0          0          0          0          0          0   indicate_semi.o
         2          0          0          0          0          0   libinit.o
         6          0          0          0          0          0   libinit2.o
         2          0          0          0          0          0   libshutdown.o
         2          0          0          0          0          0   libshutdown2.o
         8          4          0          0         96         68   libspace.o
        68          0          0          0          0         68   rt_memclr.o
        78          0          0          0          0         80   rt_memclr_w.o
       138          0          0          0          0         68   rt_memcpy_v6.o
       100          0          0          0          0         80   rt_memcpy_w.o
         2          0          0          0          0          0   rtexit.o
        10          0          0          0          0          0   rtexit2.o
        12          4          0          0          0         68   sys_exit.o
        74          0          0          0          0         80   sys_stackheap_outer.o
         2          0          0          0          0         68   use_no_semi.o
        10          0          0          0          0        116   fpinit.o

    ----------------------------------------------------------------------
       758         16          0          0        100       1064   Library Totals
         8          0          0          0          4          0   (incl. Padding)

    ----------------------------------------------------------------------

      Code (inc. data)   RO Data    RW Data    ZI Data      Debug   Library Name

       740         16          0          0         96        948   c_w.l
        10          0          0          0          0        116   fz_wm.l

    ----------------------------------------------------------------------
       758         16          0          0        100       1064   Library Totals

    ----------------------------------------------------------------------

==============================================================================


      Code (inc. data)   RO Data    RW Data    ZI Data      Debug   

     20538       1468       1194        332      81580     871456   Grand Totals
     20538       1468       1194         60      81580     871456   ELF Image Totals (compressed)
     20538       1468       1194         60          0          0   ROM Totals

==============================================================================

    Total RO  Size (Code + RO Data)                21732 (  21.22kB)
    Total RW  Size (RW Data + ZI Data)             81912 (  79.99kB)
    Total ROM Size (Code + RO Data + RW Data)      21792 (  21.28kB)

==============================================================================

