Component: ARM Compiler 5.06 update 7 (build 960) Tool: armlink [4d3601]

==============================================================================

Section Cross References

    startup_stm32f40_41xxx.o(STACK) refers (Special) to heapauxi.o(.text) for __use_two_region_memory
    startup_stm32f40_41xxx.o(HEAP) refers (Special) to heapauxi.o(.text) for __use_two_region_memory
    startup_stm32f40_41xxx.o(RESET) refers (Special) to heapauxi.o(.text) for __use_two_region_memory
    startup_stm32f40_41xxx.o(RESET) refers to startup_stm32f40_41xxx.o(STACK) for __initial_sp
    startup_stm32f40_41xxx.o(RESET) refers to startup_stm32f40_41xxx.o(.text) for Reset_Handler
    startup_stm32f40_41xxx.o(RESET) refers to stm32f4xx_it.o(i.NMI_Handler) for NMI_Handler
    startup_stm32f40_41xxx.o(RESET) refers to stm32f4xx_it.o(i.HardFault_Handler) for HardFault_Handler
    startup_stm32f40_41xxx.o(RESET) refers to stm32f4xx_it.o(i.MemManage_Handler) for MemManage_Handler
    startup_stm32f40_41xxx.o(RESET) refers to stm32f4xx_it.o(i.BusFault_Handler) for BusFault_Handler
    startup_stm32f40_41xxx.o(RESET) refers to stm32f4xx_it.o(i.UsageFault_Handler) for UsageFault_Handler
    startup_stm32f40_41xxx.o(RESET) refers to port.o(.emb_text) for SVC_Handler
    startup_stm32f40_41xxx.o(RESET) refers to stm32f4xx_it.o(i.DebugMon_Handler) for DebugMon_Handler
    startup_stm32f40_41xxx.o(RESET) refers to delay.o(i.SysTick_Handler) for SysTick_Handler
    startup_stm32f40_41xxx.o(RESET) refers to can_1_receive.o(i.CAN1_RX0_IRQHandler) for CAN1_RX0_IRQHandler
    startup_stm32f40_41xxx.o(RESET) refers to time.o(i.TIM2_IRQHandler) for TIM2_IRQHandler
    startup_stm32f40_41xxx.o(RESET) refers to usart2.o(i.USART2_IRQHandler) for USART2_IRQHandler
    startup_stm32f40_41xxx.o(RESET) refers to automatic_strike.o(i.USART3_IRQHandler) for USART3_IRQHandler
    startup_stm32f40_41xxx.o(RESET) refers to time.o(i.TIM6_DAC_IRQHandler) for TIM6_DAC_IRQHandler
    startup_stm32f40_41xxx.o(RESET) refers to can_2_receive.o(i.CAN2_RX0_IRQHandler) for CAN2_RX0_IRQHandler
    startup_stm32f40_41xxx.o(RESET) refers to remotecontrol.o(i.DMA2_Stream5_IRQHandler) for DMA2_Stream5_IRQHandler
    startup_stm32f40_41xxx.o(RESET) refers to refereedeal.o(i.USART6_IRQHandler) for USART6_IRQHandler
    startup_stm32f40_41xxx.o(.text) refers (Special) to heapauxi.o(.text) for __use_two_region_memory
    startup_stm32f40_41xxx.o(.text) refers to system_stm32f4xx.o(i.SystemInit) for SystemInit
    startup_stm32f40_41xxx.o(.text) refers to __main.o(!!!main) for __main
    startup_stm32f40_41xxx.o(.text) refers to startup_stm32f40_41xxx.o(HEAP) for Heap_Mem
    startup_stm32f40_41xxx.o(.text) refers to startup_stm32f40_41xxx.o(STACK) for Stack_Mem
    main.o(i.main) refers to sysinit.o(i.System_Init) for System_Init
    main.o(i.main) refers to task_start.o(i.StartTask) for StartTask
    main.o(i.main) refers to tasks.o(i.vTaskStartScheduler) for vTaskStartScheduler
    system_stm32f4xx.o(i.SystemCoreClockUpdate) refers to system_stm32f4xx.o(.data) for SystemCoreClock
    system_stm32f4xx.o(i.SystemInit) refers to system_stm32f4xx.o(i.SetSysClock) for SetSysClock
    stm32f4xx_adc.o(i.ADC_DeInit) refers to stm32f4xx_rcc.o(i.RCC_APB2PeriphResetCmd) for RCC_APB2PeriphResetCmd
    stm32f4xx_can.o(i.CAN_DeInit) refers to stm32f4xx_rcc.o(i.RCC_APB1PeriphResetCmd) for RCC_APB1PeriphResetCmd
    stm32f4xx_can.o(i.CAN_GetITStatus) refers to stm32f4xx_can.o(i.CheckITStatus) for CheckITStatus
    stm32f4xx_cryp.o(i.CRYP_DeInit) refers to stm32f4xx_rcc.o(i.RCC_AHB2PeriphResetCmd) for RCC_AHB2PeriphResetCmd
    stm32f4xx_cryp_aes.o(i.CRYP_AES_CBC) refers to stm32f4xx_cryp.o(i.CRYP_KeyStructInit) for CRYP_KeyStructInit
    stm32f4xx_cryp_aes.o(i.CRYP_AES_CBC) refers to stm32f4xx_cryp.o(i.CRYP_FIFOFlush) for CRYP_FIFOFlush
    stm32f4xx_cryp_aes.o(i.CRYP_AES_CBC) refers to stm32f4xx_cryp.o(i.CRYP_Init) for CRYP_Init
    stm32f4xx_cryp_aes.o(i.CRYP_AES_CBC) refers to stm32f4xx_cryp.o(i.CRYP_KeyInit) for CRYP_KeyInit
    stm32f4xx_cryp_aes.o(i.CRYP_AES_CBC) refers to stm32f4xx_cryp.o(i.CRYP_Cmd) for CRYP_Cmd
    stm32f4xx_cryp_aes.o(i.CRYP_AES_CBC) refers to stm32f4xx_cryp.o(i.CRYP_GetFlagStatus) for CRYP_GetFlagStatus
    stm32f4xx_cryp_aes.o(i.CRYP_AES_CBC) refers to stm32f4xx_cryp.o(i.CRYP_IVInit) for CRYP_IVInit
    stm32f4xx_cryp_aes.o(i.CRYP_AES_CBC) refers to stm32f4xx_cryp.o(i.CRYP_GetCmdStatus) for CRYP_GetCmdStatus
    stm32f4xx_cryp_aes.o(i.CRYP_AES_CBC) refers to stm32f4xx_cryp.o(i.CRYP_DataIn) for CRYP_DataIn
    stm32f4xx_cryp_aes.o(i.CRYP_AES_CBC) refers to stm32f4xx_cryp.o(i.CRYP_DataOut) for CRYP_DataOut
    stm32f4xx_cryp_aes.o(i.CRYP_AES_CCM) refers to stm32f4xx_cryp.o(i.CRYP_KeyStructInit) for CRYP_KeyStructInit
    stm32f4xx_cryp_aes.o(i.CRYP_AES_CCM) refers to stm32f4xx_cryp.o(i.CRYP_FIFOFlush) for CRYP_FIFOFlush
    stm32f4xx_cryp_aes.o(i.CRYP_AES_CCM) refers to stm32f4xx_cryp.o(i.CRYP_KeyInit) for CRYP_KeyInit
[...]
    _scanf_really_infnan                     0x080010a1   Thumb Code   292  scanf_infnan.o(.text)
    __aeabi_llsl                             0x080011d5   Thumb Code     0  llshl.o(.text)
    _ll_shift_l                              0x080011d5   Thumb Code    38  llshl.o(.text)
    _chval                                   0x080011fb   Thumb Code    28  _chval.o(.text)
    __btod_div_common                        0x08001217   Thumb Code   696  btod.o(CL$$btod_div_common)
    _e2d                                     0x08001551   Thumb Code   122  btod.o(CL$$btod_e2d)
    _e2e                                     0x080015d5   Thumb Code   220  btod.o(CL$$btod_e2e)
    _btod_ediv                               0x080016b1   Thumb Code    42  btod.o(CL$$btod_ediv)
    _btod_edivd                              0x080016db   Thumb Code    42  btod.o(CL$$btod_edivd)
    _btod_emul                               0x08001705   Thumb Code    42  btod.o(CL$$btod_emul)
    _btod_emuld                              0x0800172f   Thumb Code    42  btod.o(CL$$btod_emuld)
    __btod_mult_common                       0x08001759   Thumb Code   580  btod.o(CL$$btod_mult_common)
    Angle_Limiting_Int16                     0x0800199d   Thumb Code    36  rmmotor.o(i.Angle_Limiting_Int16)
    BusFault_Handler                         0x080019c1   Thumb Code     4  stm32f4xx_it.o(i.BusFault_Handler)
    CAN1_Gimbal_Fire                         0x080019c5   Thumb Code   134  can_1_receive.o(i.CAN1_Gimbal_Fire)
    CAN1_RX0_IRQHandler                      0x08001a51   Thumb Code    50  can_1_receive.o(i.CAN1_RX0_IRQHandler)
    CAN1_mode_init                           0x08001b91   Thumb Code   246  can.o(i.CAN1_mode_init)
    CAN2_RX0_IRQHandler                      0x08001c91   Thumb Code    46  can_2_receive.o(i.CAN2_RX0_IRQHandler)
    CAN2_mode_init                           0x08001db5   Thumb Code   256  can.o(i.CAN2_mode_init)
    CAN2_yaw_Setmsg                          0x08001ebd   Thumb Code   108  can_2_receive.o(i.CAN2_yaw_Setmsg)
    CAN_ClearFlag                            0x08001f2d   Thumb Code    52  stm32f4xx_can.o(i.CAN_ClearFlag)
    CAN_ClearITPendingBit                    0x08001f65   Thumb Code   162  stm32f4xx_can.o(i.CAN_ClearITPendingBit)
    CAN_DeInit                               0x0800200d   Thumb Code    50  stm32f4xx_can.o(i.CAN_DeInit)
    CAN_FilterInit                           0x08002045   Thumb Code   258  stm32f4xx_can.o(i.CAN_FilterInit)
    CAN_GetITStatus                          0x0800214d   Thumb Code   284  stm32f4xx_can.o(i.CAN_GetITStatus)
    CAN_ITConfig                             0x0800226d   Thumb Code    18  stm32f4xx_can.o(i.CAN_ITConfig)
    CAN_Init                                 0x0800227f   Thumb Code   276  stm32f4xx_can.o(i.CAN_Init)
    CAN_Receive                              0x08002393   Thumb Code   240  stm32f4xx_can.o(i.CAN_Receive)
    CAN_StructInit                           0x08002483   Thumb Code    32  stm32f4xx_can.o(i.CAN_StructInit)
    CAN_Transmit                             0x080024a3   Thumb Code   294  stm32f4xx_can.o(i.CAN_Transmit)
    CAN_TransmitStatus                       0x080025c9   Thumb Code   138  stm32f4xx_can.o(i.CAN_TransmitStatus)
    Check_CodeValue                          0x0800267b   Thumb Code    44  rmmotor.o(i.Check_CodeValue)
    DETECT_Task                              0x080026a9   Thumb Code   174  task_detect.o(i.DETECT_Task)
    DMA2_Stream5_IRQHandler                  0x08002761   Thumb Code    76  remotecontrol.o(i.DMA2_Stream5_IRQHandler)
    DMA_ClearFlag                            0x080027c5   Thumb Code    38  stm32f4xx_dma.o(i.DMA_ClearFlag)
    DMA_ClearITPendingBit                    0x080027f9   Thumb Code    38  stm32f4xx_dma.o(i.DMA_ClearITPendingBit)
    DMA_Cmd                                  0x0800282d   Thumb Code    22  stm32f4xx_dma.o(i.DMA_Cmd)
    DMA_DeInit                               0x08002845   Thumb Code   324  stm32f4xx_dma.o(i.DMA_DeInit)
    DMA_GetCmdStatus                         0x0800299d   Thumb Code    20  stm32f4xx_dma.o(i.DMA_GetCmdStatus)
    DMA_GetCurrDataCounter                   0x080029b1   Thumb Code     8  stm32f4xx_dma.o(i.DMA_GetCurrDataCounter)
    DMA_GetFlagStatus                        0x080029b9   Thumb Code    54  stm32f4xx_dma.o(i.DMA_GetFlagStatus)
    DMA_ITConfig                             0x080029fd   Thumb Code    58  stm32f4xx_dma.o(i.DMA_ITConfig)
    DMA_Init                                 0x08002a39   Thumb Code    82  stm32f4xx_dma.o(i.DMA_Init)
    DMA_SetCurrDataCounter                   0x08002a91   Thumb Code     4  stm32f4xx_dma.o(i.DMA_SetCurrDataCounter)
    DebugMon_Handler                         0x08002a95   Thumb Code     2  stm32f4xx_it.o(i.DebugMon_Handler)
    FIRE_Task                                0x08002a99   Thumb Code   102  task_fire.o(i.FIRE_Task)
    Friction_Init                            0x08002e45   Thumb Code    26  pwm.o(i.Friction_Init)
    GIMBAL_Task                              0x08002e65   Thumb Code   112  task_gimbal.o(i.GIMBAL_Task)
    GPIO_Init                                0x08002ef1   Thumb Code   144  stm32f4xx_gpio.o(i.GPIO_Init)
    GPIO_PinAFConfig                         0x08002f81   Thumb Code    70  stm32f4xx_gpio.o(i.GPIO_PinAFConfig)
    GPIO_ResetBits                           0x08002fc7   Thumb Code     4  stm32f4xx_gpio.o(i.GPIO_ResetBits)
    GPIO_SetBits                             0x08002fcb   Thumb Code     4  stm32f4xx_gpio.o(i.GPIO_SetBits)
    Get_Auto_Control_Point                   0x08002fd1   Thumb Code     4  automatic_strike.o(i.Get_Auto_Control_Point)
    Get_CRC16_Check_Sum                      0x08002fd9   Thumb Code    46  crc.o(i.Get_CRC16_Check_Sum)
    Get_CRC8_Check_Sum                       0x0800300d   Thumb Code    30  crc.o(i.Get_CRC8_Check_Sum)
    Get_Fire_MotorA_Measure_Point            0x08003031   Thumb Code     4  can_1_receive.o(i.Get_Fire_MotorA_Measure_Point)
    Get_Fire_MotorB_Measure_Point            0x08003039   Thumb Code     4  can_1_receive.o(i.Get_Fire_MotorB_Measure_Point)
    Get_Pitch_Gimbal_Motor_Measure_Point     0x08003041   Thumb Code     4  can_1_receive.o(i.Get_Pitch_Gimbal_Motor_Measure_Point)
    Get_Remote_Control_Point                 0x08003049   Thumb Code     4  remotecontrol.o(i.Get_Remote_Control_Point)
    Get_Yaw_Gimbal_Motor_Measure_Point       0x08003051   Thumb Code     4  can_2_receive.o(i.Get_Yaw_Gimbal_Motor_Measure_Point)
    Gimbal_Automatic_Work                    0x080031f5   Thumb Code   138  task_gimbal.o(i.Gimbal_Automatic_Work)
    Gimbal_Manual_Work                       0x08003299   Thumb Code   244  task_gimbal.o(i.Gimbal_Manual_Work)
    Gimbal_Stop                              0x08003685   Thumb Code    62  gimbal_behaviour.o(i.Gimbal_Stop)
    Gimbal_behaviour_mode_set                0x08003711   Thumb Code   102  gimbal_behaviour.o(i.Gimbal_behaviour_mode_set)
    HardFault_Handler                        0x0800393d   Thumb Code     4  stm32f4xx_it.o(i.HardFault_Handler)
    IWDG_Enable                              0x08003941   Thumb Code    10  stm32f4xx_iwdg.o(i.IWDG_Enable)
    IWDG_Feed                                0x08003951   Thumb Code     8  iwdg.o(i.IWDG_Feed)
    IWDG_Init                                0x08003959   Thumb Code    36  iwdg.o(i.IWDG_Init)
    IWDG_ReloadCounter                       0x0800397d   Thumb Code    10  stm32f4xx_iwdg.o(i.IWDG_ReloadCounter)
    IWDG_SetPrescaler                        0x0800398d   Thumb Code     6  stm32f4xx_iwdg.o(i.IWDG_SetPrescaler)
    IWDG_SetReload                           0x08003999   Thumb Code     6  stm32f4xx_iwdg.o(i.IWDG_SetReload)
    IWDG_WriteAccessCmd                      0x080039a5   Thumb Code     6  stm32f4xx_iwdg.o(i.IWDG_WriteAccessCmd)
    LED_Init                                 0x080039b1   Thumb Code   282  led.o(i.LED_Init)
    Laser_Init                               0x08003ad5   Thumb Code    50  led.o(i.Laser_Init)
    Laser_OFF                                0x08003b0d   Thumb Code    14  led.o(i.Laser_OFF)
    Laser_ON                                 0x08003b21   Thumb Code    14  led.o(i.Laser_ON)
    Location_Pid_Int32                       0x08003b35   Thumb Code   218  pid.o(i.Location_Pid_Int32)
    MemManage_Handler                        0x08003c15   Thumb Code     4  stm32f4xx_it.o(i.MemManage_Handler)
    MiniPC_Data_Deal                         0x08003c19   Thumb Code   136  automatic_strike.o(i.MiniPC_Data_Deal)
    MiniPC_Send_Data                         0x08003cb5   Thumb Code    82  automatic_strike.o(i.MiniPC_Send_Data)
    Motor_Actual_Position                    0x08003d15   Thumb Code    62  rmmotor.o(i.Motor_Actual_Position)
    Motor_Position_Speed_Control             0x08003d53   Thumb Code   100  rmmotor.o(i.Motor_Position_Speed_Control)
    NMI_Handler                              0x08003db7   Thumb Code     2  stm32f4xx_it.o(i.NMI_Handler)
    NVIC_Init                                0x08003db9   Thumb Code   106  misc.o(i.NVIC_Init)
    NVIC_PriorityGroupConfig                 0x08003e31   Thumb Code    10  misc.o(i.NVIC_PriorityGroupConfig)
    PWM_Init                                 0x08003e45   Thumb Code   254  pwm.o(i.PWM_Init)
    RCC_AHB1PeriphClockCmd                   0x08003f51   Thumb Code    26  stm32f4xx_rcc.o(i.RCC_AHB1PeriphClockCmd)
    RCC_APB1PeriphClockCmd                   0x08003f71   Thumb Code    26  stm32f4xx_rcc.o(i.RCC_APB1PeriphClockCmd)
    RCC_APB1PeriphResetCmd                   0x08003f91   Thumb Code    26  stm32f4xx_rcc.o(i.RCC_APB1PeriphResetCmd)
    RCC_APB2PeriphClockCmd                   0x08003fb1   Thumb Code    26  stm32f4xx_rcc.o(i.RCC_APB2PeriphClockCmd)
    RCC_APB2PeriphResetCmd                   0x08003fd1   Thumb Code    26  stm32f4xx_rcc.o(i.RCC_APB2PeriphResetCmd)
    RCC_GetClocksFreq                        0x08003ff1   Thumb Code   214  stm32f4xx_rcc.o(i.RCC_GetClocksFreq)
    RC_data_is_error                         0x08004225   Thumb Code   130  remotecontrol.o(i.RC_data_is_error)
    Referee_Read_Data                        0x080042ad   Thumb Code   270  refereedeal.o(i.Referee_Read_Data)
    Remote_reload                            0x080043c1   Thumb Code    36  remotecontrol.o(i.Remote_reload)
    Return_Fire_Mode                         0x080043e9   Thumb Code    44  gimbal_behaviour.o(i.Return_Fire_Mode)
    Return_Friction_Wheel_Mode               0x08004419   Thumb Code    34  gimbal_behaviour.o(i.Return_Friction_Wheel_Mode)
    Return_Gimbal_Mode                       0x08004441   Thumb Code     4  task_gimbal.o(i.Return_Gimbal_Mode)
    Return_Pitch_angle                       0x08004445   Thumb Code    12  task_gimbal.o(i.Return_Pitch_angle)
    Return_RC_S2num                          0x08004451   Thumb Code     6  remotecontrol.o(i.Return_RC_S2num)
    Rmmotor_Speed_control                    0x0800445d   Thumb Code    72  rmmotor.o(i.Rmmotor_Speed_control)
    SAFECHECK_Task                           0x080044a5   Thumb Code    18  task_safecheck.o(i.SAFECHECK_Task)
    START_Task                               0x080044c1   Thumb Code   102  task_start.o(i.START_Task)
    Sliding_Mean_Filter                      0x0800466d   Thumb Code   138  maths.o(i.Sliding_Mean_Filter)
    Sliding_Mean_Filter_Init                 0x080046fd   Thumb Code    70  maths.o(i.Sliding_Mean_Filter_Init)
    StartTask                                0x08004749   Thumb Code    24  task_start.o(i.StartTask)
    SysTick_Handler                          0x08004775   Thumb Code    16  delay.o(i.SysTick_Handler)
    SystemInit                               0x08004785   Thumb Code    88  system_stm32f4xx.o(i.SystemInit)
    System_Init                              0x080047ed   Thumb Code    94  sysinit.o(i.System_Init)
    TIM2_IRQHandler                          0x0800484b   Thumb Code    20  time.o(i.TIM2_IRQHandler)
    TIM6_DAC_IRQHandler                      0x08004861   Thumb Code    54  time.o(i.TIM6_DAC_IRQHandler)
    TIM_ARRPreloadConfig                     0x080048a1   Thumb Code    24  stm32f4xx_tim.o(i.TIM_ARRPreloadConfig)
    TIM_ClearFlag                            0x080048b9   Thumb Code     6  stm32f4xx_tim.o(i.TIM_ClearFlag)
    TIM_ClearITPendingBit                    0x080048bf   Thumb Code     6  stm32f4xx_tim.o(i.TIM_ClearITPendingBit)
    TIM_Cmd                                  0x080048c5   Thumb Code    24  stm32f4xx_tim.o(i.TIM_Cmd)
    TIM_GetITStatus                          0x080048dd   Thumb Code    34  stm32f4xx_tim.o(i.TIM_GetITStatus)
    TIM_OC1Init                              0x08004901   Thumb Code   114  stm32f4xx_tim.o(i.TIM_OC1Init)
    TIM_OC1PreloadConfig                     0x0800497d   Thumb Code    18  stm32f4xx_tim.o(i.TIM_OC1PreloadConfig)
    TIM_OC2Init                              0x08004991   Thumb Code   154  stm32f4xx_tim.o(i.TIM_OC2Init)
    TIM_OC2PreloadConfig                     0x08004a35   Thumb Code    26  stm32f4xx_tim.o(i.TIM_OC2PreloadConfig)
    TIM_OC3Init                              0x08004a51   Thumb Code   150  stm32f4xx_tim.o(i.TIM_OC3Init)
    TIM_OC3PreloadConfig                     0x08004af1   Thumb Code    18  stm32f4xx_tim.o(i.TIM_OC3PreloadConfig)
    TIM_OC4Init                              0x08004b05   Thumb Code   112  stm32f4xx_tim.o(i.TIM_OC4Init)
    TIM_OC4PreloadConfig                     0x08004b7d   Thumb Code    26  stm32f4xx_tim.o(i.TIM_OC4PreloadConfig)
    TIM_TimeBaseInit                         0x08004b99   Thumb Code   104  stm32f4xx_tim.o(i.TIM_TimeBaseInit)
    USART2_IRQHandler                        0x08004c1d   Thumb Code    54  usart2.o(i.USART2_IRQHandler)
    USART3_IRQHandler                        0x08004c65   Thumb Code   110  automatic_strike.o(i.USART3_IRQHandler)
    USART6_IRQHandler                        0x08004ced   Thumb Code   134  refereedeal.o(i.USART6_IRQHandler)
    USART_Cmd                                0x08004d85   Thumb Code    24  stm32f4xx_usart.o(i.USART_Cmd)
    USART_DMACmd                             0x08004d9d   Thumb Code    18  stm32f4xx_usart.o(i.USART_DMACmd)
    USART_DeInit                             0x08004db1   Thumb Code   206  stm32f4xx_usart.o(i.USART_DeInit)
    USART_GetFlagStatus                      0x08004ea1   Thumb Code    26  stm32f4xx_usart.o(i.USART_GetFlagStatus)
    USART_GetITStatus                        0x08004ebb   Thumb Code    84  stm32f4xx_usart.o(i.USART_GetITStatus)
    USART_ITConfig                           0x08004f0f   Thumb Code    74  stm32f4xx_usart.o(i.USART_ITConfig)
    USART_Init                               0x08004f59   Thumb Code   204  stm32f4xx_usart.o(i.USART_Init)
    USART_SendData                           0x0800502d   Thumb Code     8  stm32f4xx_usart.o(i.USART_SendData)
    UsageFault_Handler                       0x08005035   Thumb Code     4  stm32f4xx_it.o(i.UsageFault_Handler)
    Usart1_Init                              0x08005039   Thumb Code   280  usart.o(i.Usart1_Init)
    Usart3_Init                              0x08005165   Thumb Code   370  usart.o(i.Usart3_Init)
    Verify_CRC16_Check_Sum                   0x080052f1   Thumb Code    60  crc.o(i.Verify_CRC16_Check_Sum)
    Verify_CRC8_Check_Sum                    0x08005331   Thumb Code    46  crc.o(i.Verify_CRC8_Check_Sum)
    Yaw_Two_Zero_GPIO_Init                   0x08005361   Thumb Code    42  photoelectric.o(i.Yaw_Two_Zero_GPIO_Init)
    Yaw_Zero_GPIO_Init                       0x08005391   Thumb Code    40  photoelectric.o(i.Yaw_Zero_GPIO_Init)
    __hardfp___mathlib_tofloat               0x080053c1   Thumb Code   232  narrow.o(i.__hardfp___mathlib_tofloat)
    __hardfp_atof                            0x080054b9   Thumb Code    44  atof.o(i.__hardfp_atof)
    __hardfp_fabs                            0x080054f1   Thumb Code    20  fabs.o(i.__hardfp_fabs)
    __hardfp_ldexp                           0x08005509   Thumb Code   200  ldexp.o(i.__hardfp_ldexp)
    __mathlib_dbl_overflow                   0x080055d9   Thumb Code    24  dunder.o(i.__mathlib_dbl_overflow)
    __mathlib_dbl_underflow                  0x080055f9   Thumb Code    24  dunder.o(i.__mathlib_dbl_underflow)
    __mathlib_narrow                         0x08005619   Thumb Code    18  narrow.o(i.__mathlib_narrow)
    __support_ldexp                          0x0800562b   Thumb Code    20  ldexp.o(i.__support_ldexp)
    _is_digit                                0x0800563f   Thumb Code    14  scanf_fp.o(i._is_digit)
    _sys_exit                                0x0800564d   Thumb Code     4  usart2.o(i._sys_exit)
    automatic_aiming_init                    0x08005651   Thumb Code     8  automatic_strike.o(i.automatic_aiming_init)
    delay_ms                                 0x08005659   Thumb Code    20  delay.o(i.delay_ms)
    delay_us                                 0x0800566d   Thumb Code   158  delay.o(i.delay_us)
    fifo_init                                0x0800570b   Thumb Code    32  fifo_buff.o(i.fifo_init)
    fifo_read_buff                           0x0800572b   Thumb Code    86  fifo_buff.o(i.fifo_read_buff)
    first_order_filter                       0x08005781   Thumb Code    66  maths.o(i.first_order_filter)
    first_order_filter_init                  0x080057c5   Thumb Code    44  maths.o(i.first_order_filter_init)
    float_limit                              0x080057f5   Thumb Code    32  maths.o(i.float_limit)
    frexp                                    0x08005819   Thumb Code   118  frexp.o(i.frexp)
    get_Enemy_status                         0x080058a5   Thumb Code     6  can_2_receive.o(i.get_Enemy_status)
    get_Fire_control_point                   0x080058b1   Thumb Code     4  task_fire.o(i.get_Fire_control_point)
    get_bullet_speed_from_chassis            0x080058b9   Thumb Code     8  can_2_receive.o(i.get_bullet_speed_from_chassis)
    get_shooter_cooling_heat                 0x080058c5   Thumb Code     6  can_2_receive.o(i.get_shooter_cooling_heat)
    get_shooter_cooling_limit                0x080058d1   Thumb Code     6  can_2_receive.o(i.get_shooter_cooling_limit)
    gimbal_pitch_init                        0x080058dd   Thumb Code    78  task_gimbal.o(i.gimbal_pitch_init)
    hex2Float                                0x0800593d   Thumb Code    70  automatic_strike.o(i.hex2Float)
    int16_t_abs                              0x0800598d   Thumb Code    10  maths.o(i.int16_t_abs)
    int32_limit                              0x08005997   Thumb Code    16  maths.o(i.int32_limit)
    loop_fp32_constrain                      0x080059a7   Thumb Code    96  maths.o(i.loop_fp32_constrain)
    main                                     0x08005a07   Thumb Code    16  main.o(i.main)
    motor_position_Stepping                  0x08005a25   Thumb Code   102  rmmotor.o(i.motor_position_Stepping)
    pid_init                                 0x08005a8d   Thumb Code   112  pid.o(i.pid_init)
    pid_parameter_receive                    0x08005b01   Thumb Code   628  upper_machine.o(i.pid_parameter_receive)
    pid_regulator                            0x08005dc5   Thumb Code   310  pid.o(i.pid_regulator)
    pvPortMalloc                             0x08006881   Thumb Code   296  heap_4.o(i.pvPortMalloc)
    pvTaskIncrementMutexHeldCount            0x080069bd   Thumb Code    26  tasks.o(i.pvTaskIncrementMutexHeldCount)
    pxPortInitialiseStack                    0x080069dd   Thumb Code    38  port.o(i.pxPortInitialiseStack)
    remote_control_init                      0x08006a09   Thumb Code    12  remotecontrol.o(i.remote_control_init)
    step_in_processing                       0x08006a9d   Thumb Code   188  pid.o(i.step_in_processing)
    upper_machine_communication              0x08006b5d   Thumb Code    10  upper_machine.o(i.upper_machine_communication)
    upper_machine_usart2_callback            0x08006b69   Thumb Code   116  upper_machine.o(i.upper_machine_usart2_callback)
    usart2_init                              0x08006be1   Thumb Code   394  usart2.o(i.usart2_init)
    uxListRemove                             0x08006d89   Thumb Code    40  list.o(i.uxListRemove)
    vListInitialise                          0x08006db1   Thumb Code    26  list.o(i.vListInitialise)
    vListInitialiseItem                      0x08006dcb   Thumb Code     6  list.o(i.vListInitialiseItem)
    vListInsert                              0x08006dd1   Thumb Code    52  list.o(i.vListInsert)
    vListInsertEnd                           0x08006e05   Thumb Code    24  list.o(i.vListInsertEnd)
    vPortEnterCritical                       0x08006e1d   Thumb Code    76  port.o(i.vPortEnterCritical)
    vPortExitCritical                        0x08006e71   Thumb Code    56  port.o(i.vPortExitCritical)
    vPortFree                                0x08006ead   Thumb Code   140  heap_4.o(i.vPortFree)
    vPortSetupTimerInterrupt                 0x08006f41   Thumb Code    26  port.o(i.vPortSetupTimerInterrupt)
    vPortValidateInterruptPriority           0x08006f61   Thumb Code   106  port.o(i.vPortValidateInterruptPriority)
    vQueueAddToRegistry                      0x08006fd9   Thumb Code    38  queue.o(i.vQueueAddToRegistry)
    vQueueWaitForMessageRestricted           0x08007005   Thumb Code    74  queue.o(i.vQueueWaitForMessageRestricted)
    vTaskDelay                               0x08007051   Thumb Code    82  tasks.o(i.vTaskDelay)
    vTaskDelete                              0x080070ad   Thumb Code   202  tasks.o(i.vTaskDelete)
    vTaskMissedYield                         0x080071a1   Thumb Code     8  tasks.o(i.vTaskMissedYield)
    vTaskPlaceOnEventList                    0x080071ad   Thumb Code    52  tasks.o(i.vTaskPlaceOnEventList)
    vTaskPlaceOnEventListRestricted          0x080071e5   Thumb Code    60  tasks.o(i.vTaskPlaceOnEventListRestricted)
    vTaskPriorityInherit                     0x08007225   Thumb Code   164  tasks.o(i.vTaskPriorityInherit)
    vTaskSetTimeOutState                     0x080072d5   Thumb Code    38  tasks.o(i.vTaskSetTimeOutState)
    vTaskStartScheduler                      0x08007305   Thumb Code   118  tasks.o(i.vTaskStartScheduler)
    vTaskSuspendAll                          0x08007399   Thumb Code    12  tasks.o(i.vTaskSuspendAll)
    vTaskSwitchContext                       0x080073a9   Thumb Code   118  tasks.o(i.vTaskSwitchContext)
    xPortStartScheduler                      0x08007435   Thumb Code   288  port.o(i.xPortStartScheduler)
    xPortSysTickHandler                      0x08007571   Thumb Code    46  port.o(i.xPortSysTickHandler)
    xQueueGenericCreate                      0x080075a5   Thumb Code    88  queue.o(i.xQueueGenericCreate)
    xQueueGenericReceive                     0x080075fd   Thumb Code   446  queue.o(i.xQueueGenericReceive)
    xQueueGenericReset                       0x080077c1   Thumb Code   146  queue.o(i.xQueueGenericReset)
    xQueueGenericSend                        0x08007859   Thumb Code   420  queue.o(i.xQueueGenericSend)
    xQueueGenericSendFromISR                 0x08007a01   Thumb Code   248  queue.o(i.xQueueGenericSendFromISR)
    xTaskCheckForTimeOut                     0x08007af9   Thumb Code   132  tasks.o(i.xTaskCheckForTimeOut)
    xTaskCreate                              0x08007b85   Thumb Code    96  tasks.o(i.xTaskCreate)
    xTaskGetSchedulerState                   0x08007be5   Thumb Code    24  tasks.o(i.xTaskGetSchedulerState)
    xTaskGetTickCount                        0x08007c05   Thumb Code     6  tasks.o(i.xTaskGetTickCount)
    xTaskIncrementTick                       0x08007c11   Thumb Code   282  tasks.o(i.xTaskIncrementTick)
    xTaskPriorityDisinherit                  0x08007d59   Thumb Code   188  tasks.o(i.xTaskPriorityDisinherit)
    xTaskRemoveFromEventList                 0x08007e21   Thumb Code   128  tasks.o(i.xTaskRemoveFromEventList)
    xTaskResumeAll                           0x08007eb9   Thumb Code   224  tasks.o(i.xTaskResumeAll)
    xTimerCreateTimerTask                    0x08007fbd   Thumb Code    66  timers.o(i.xTimerCreateTimerTask)
    xTimerGenericCommand                     0x08008015   Thumb Code   126  timers.o(i.xTimerGenericCommand)
    _get_lc_numeric                          0x08008099   Thumb Code    44  lc_numeric_c.o(locale$$code)
    _get_lc_ctype                            0x080080c5   Thumb Code    44  lc_ctype_c.o(locale$$code)
    __aeabi_d2f                              0x080080f1   Thumb Code     0  d2f.o(x$fpl$d2f)
    _d2f                                     0x080080f1   Thumb Code    98  d2f.o(x$fpl$d2f)
    __aeabi_dadd                             0x08008155   Thumb Code     0  daddsub_clz.o(x$fpl$dadd)
    _dadd                                    0x08008155   Thumb Code   332  daddsub_clz.o(x$fpl$dadd)
    __fpl_dcheck_NaN1                        0x080082a5   Thumb Code    10  dcheck1.o(x$fpl$dcheck1)
    __fpl_dcmp_Inf                           0x080082b5   Thumb Code    24  dcmpi.o(x$fpl$dcmpinf)
    __aeabi_ddiv                             0x080082cd   Thumb Code     0  ddiv.o(x$fpl$ddiv)
    _ddiv                                    0x080082cd   Thumb Code   552  ddiv.o(x$fpl$ddiv)
    __aeabi_cdcmpeq                          0x0800857d   Thumb Code     0  deqf.o(x$fpl$deqf)
    _dcmpeq                                  0x0800857d   Thumb Code   120  deqf.o(x$fpl$deqf)
    __aeabi_d2iz                             0x080085f5   Thumb Code     0  dfix.o(x$fpl$dfix)
    _dfix                                    0x080085f5   Thumb Code    94  dfix.o(x$fpl$dfix)
    __aeabi_i2d                              0x08008653   Thumb Code     0  dflt_clz.o(x$fpl$dflt)
    _dflt                                    0x08008653   Thumb Code    46  dflt_clz.o(x$fpl$dflt)
    __aeabi_cdcmple                          0x08008681   Thumb Code     0  dleqf.o(x$fpl$dleqf)
    _dcmple                                  0x08008681   Thumb Code   120  dleqf.o(x$fpl$dleqf)
    __fpl_dcmple_InfNaN                      0x080086e3   Thumb Code     0  dleqf.o(x$fpl$dleqf)
    __aeabi_dmul                             0x080086f9   Thumb Code     0  dmul.o(x$fpl$dmul)
    _dmul                                    0x080086f9   Thumb Code   332  dmul.o(x$fpl$dmul)
    __fpl_dnaninf                            0x0800884d   Thumb Code   156  dnaninf.o(x$fpl$dnaninf)
    __fpl_dretinf                            0x080088e9   Thumb Code    12  dretinf.o(x$fpl$dretinf)
    __aeabi_cdrcmple                         0x080088f5   Thumb Code     0  drleqf.o(x$fpl$drleqf)
    _drcmple                                 0x080088f5   Thumb Code   108  drleqf.o(x$fpl$drleqf)
    __aeabi_dsub                             0x08008961   Thumb Code     0  daddsub_clz.o(x$fpl$dsub)
    _dsub                                    0x08008961   Thumb Code   464  daddsub_clz.o(x$fpl$dsub)
    __aeabi_f2d                              0x08008b35   Thumb Code     0  f2d.o(x$fpl$f2d)
    _f2d                                     0x08008b35   Thumb Code    86  f2d.o(x$fpl$f2d)
    __fpl_fnaninf                            0x08008b8b   Thumb Code   140  fnaninf.o(x$fpl$fnaninf)
    _fp_init                                 0x08008c17   Thumb Code    10  fpinit.o(x$fpl$fpinit)
    __fplib_config_fpu_vfp                   0x08008c1f   Thumb Code     0  fpinit.o(x$fpl$fpinit)
    __fplib_config_pureend_doubles           0x08008c1f   Thumb Code     0  fpinit.o(x$fpl$fpinit)
    __fpl_fretinf                            0x08008c21   Thumb Code    10  fretinf.o(x$fpl$fretinf)
    __ieee_status                            0x08008c2b   Thumb Code     6  istatus.o(x$fpl$ieeestatus)
    __fpl_return_NaN                         0x08008c31   Thumb Code   100  retnan.o(x$fpl$retnan)
    __ARM_scalbn                             0x08008c95   Thumb Code    92  scalbn.o(x$fpl$scalbn)
    _scanf_real                              0x08008cf1   Thumb Code     4  scanf1.o(x$fpl$scanf1)
    _scanf_hex_real                          0x08008cf5   Thumb Code     4  scanf2.o(x$fpl$scanf2)
    _scanf_infnan                            0x08008cf9   Thumb Code     4  scanf2.o(x$fpl$scanf2)
    __fpl_cmpreturn                          0x08008cfd   Thumb Code    48  trapv.o(x$fpl$trapveneer)
    CRC8_INIT                                0x08008d2c   Data           1  crc.o(.constdata)
    __I$use$fp                               0x08008d2c   Number         0  usenofp.o(x$fpl$usenofp)
    CRC8_TAB                                 0x08008d2d   Data         256  crc.o(.constdata)
    wCRC_Table                               0x08008e2e   Data         512  crc.o(.constdata)
    Region$$Table$$Base                      0x080090c4   Number         0  anon$$obj.o(Region$$Table)
    Region$$Table$$Limit                     0x080090e4   Number         0  anon$$obj.o(Region$$Table)
    __aeabi_HUGE_VAL                         0x080090e4   Data           0  fpconst.o(c$$dinf)
    __aeabi_HUGE_VALL                        0x080090e4   Data           0  fpconst.o(c$$dinf)
    __aeabi_INFINITY                         0x080090e4   Data           0  fpconst.o(c$$dinf)
    __dInf                                   0x080090e4   Data           0  fpconst.o(c$$dinf)
    __huge_val                               0x080090e4   Data           0  fpconst.o(c$$dinf)
    __dbl_max                                0x080090ec   Data           0  fpconst.o(c$$dmax)
    __ctype                                  0x0800911d   Data           0  lc_ctype_c.o(locale$$data)
    SystemCoreClock                          0x20000000   Data           4  system_stm32f4xx.o(.data)
    AHBPrescTable                            0x20000004   Data          16  system_stm32f4xx.o(.data)
    pxCurrentTCB                             0x20000024   Data           4  tasks.o(.data)
    counting                                 0x20000098   Data           4  time.o(.data)
    encoder                                  0x200000a0   Data           8  time.o(.data)
    N                                        0x200000a8   Data           4  time.o(.data)
    EncCnt                                   0x200000ac   Data           4  time.o(.data)
    vofa_t                                   0x200000b4   Data           4  upper_machine.o(.data)
    __stdout                                 0x200000b8   Data           4  usart2.o(.data)
    num                                      0x200000bc   Data           4  usart2.o(.data)
    CRC_INIT                                 0x200000c0   Data           2  crc.o(.data)
    FrameHeader                              0x200000c2   Data           5  refereedeal.o(.data)
    Judge_Data_TF                            0x200000c7   Data           1  refereedeal.o(.data)
    Enemy_color                              0x200000c8   Data           1  can_2_receive.o(.data)
    Last_VisionStatus                        0x200000d4   Data           1  gimbal_behaviour.o(.data)
    VisionStatus                             0x200000d5   Data           1  gimbal_behaviour.o(.data)
    GimbalStatus                             0x200000d6   Data           1  gimbal_behaviour.o(.data)
    Now_GimbalMode                           0x200000d7   Data           1  gimbal_behaviour.o(.data)
    Last_GimbalMode                          0x200000d8   Data           1  gimbal_behaviour.o(.data)
    Gimbal_ch2                               0x200000dc   Data           4  gimbal_behaviour.o(.data)
    Gimbal_ch3                               0x200000e0   Data           4  gimbal_behaviour.o(.data)
    Friction_wheel_mode                      0x200000e4   Data           1  gimbal_behaviour.o(.data)
    Fire_mode                                0x200000e5   Data           1  gimbal_behaviour.o(.data)
    Auto_Yaw_Angle_Target                    0x200000f0   Data           4  gimbal_behaviour.o(.data)
    Auto_Pitch_Angle_Target                  0x200000f4   Data           4  gimbal_behaviour.o(.data)
    RC_FLAG                                  0x200000f8   Data           4  remotecontrol.o(.data)
    USART3_Receive_Flag                      0x200000fc   Data           2  automatic_strike.o(.data)
    usart3_dataLen                           0x200000fe   Data           2  automatic_strike.o(.data)
    SendBuff                                 0x20000100   Data           5  automatic_strike.o(.data)
    gimbal_heart                             0x2000011c   Data           4  task_gimbal.o(.data)
    yaw_limit_heart                          0x20000120   Data           4  task_gimbal.o(.data)
    Gimbal_set_position                      0x20000124   Data           4  task_gimbal.o(.data)
    pitch_angle_init_flag                    0x20000130   Data           2  task_gimbal.o(.data)
    pitch_real_jscope                        0x20000134   Data           4  task_gimbal.o(.data)
    pitch_set_jscope                         0x20000138   Data           4  task_gimbal.o(.data)
    yaw_real_jscope                          0x2000013c   Data           4  task_gimbal.o(.data)
    yaw_set_jscope                           0x20000140   Data           4  task_gimbal.o(.data)
    sec_yaw_set_jscope                       0x20000144   Data           4  task_gimbal.o(.data)
    sec_yaw_real_jscope                      0x20000148   Data           4  task_gimbal.o(.data)
    accel_up_jscope                          0x2000014c   Data           4  task_gimbal.o(.data)
    accel_down_jscope                        0x20000150   Data           4  task_gimbal.o(.data)
    Vision_pitch_jscope                      0x20000154   Data           4  task_gimbal.o(.data)
    Vision_yaw_jscope                        0x20000158   Data           4  task_gimbal.o(.data)
    abcde                                    0x2000015c   Data           2  task_gimbal.o(.data)
    fire_heart                               0x20000160   Data           4  task_fire.o(.data)
    loading_A_time                           0x20000168   Data           2  task_fire.o(.data)
    loading_B_time                           0x2000016a   Data           2  task_fire.o(.data)
    RC_data                                  0x20000170   Data           4  task_detect.o(.data)
    safecheck_heart                          0x20000174   Data           4  task_safecheck.o(.data)
    Safecheck_dog                            0x20000178   Data           4  task_safecheck.o(.data)
    Dog                                      0x2000017c   Data           4  task_safecheck.o(.data)
    xQueueRegistry                           0x20000180   Data          64  queue.o(.bss)
    Usart3_Rx                                0x20012eb0   Data         256  usart.o(.bss)
    Usart3_Tx                                0x20012fb0   Data         256  usart.o(.bss)
    Usart6_Rx                                0x200130b0   Data         256  usart.o(.bss)
    Usart6_Tx                                0x200131b0   Data         256  usart.o(.bss)
    buff                                     0x200132b0   Data          16  upper_machine.o(.bss)
    send_frame                               0x200132c0   Data          16  upper_machine.o(.bss)
    data                                     0x200132d0   Data          16  upper_machine.o(.bss)
    Usart2_Rx                                0x200132e0   Data         256  usart2.o(.bss)
    Usart2_Tx                                0x200133e0   Data         256  usart2.o(.bss)
    fifo_usart_rx_2                          0x200134e0   Data          20  usart2.o(.bss)
    REFEREE                                  0x200134f4   Data         450  refereedeal.o(.bss)
    motor_pitch                              0x20013760   Data          28  can_1_receive.o(.bss)
    rc_ctrl                                  0x200137be   Data          22  remotecontrol.o(.bss)
    Vision_Auto_Data                         0x200137d4   Data          48  automatic_strike.o(.bss)
    MSDataBuffer                             0x20013804   Data         256  automatic_strike.o(.bss)
    gimbal_control                           0x20013904   Data        3164  task_gimbal.o(.bss)
    Fire_param                               0x20014560   Data         224  task_fire.o(.bss)
    __libspace_start                         0x20014640   Data          96  libspace.o(.bss)
    __temporary_stack_top$libspace           0x200146a0   Data           0  libspace.o(.bss)



==============================================================================

Memory Map of the image

  Image Entry point : 0x08000189

  Load Region LR_IROM1 (Base: 0x08000000, Size: 0x000093a0, Max: 0x00080000, ABSOLUTE, COMPRESSED[0x00009250])

    Execution Region ER_IROM1 (Exec base: 0x08000000, Load base: 0x08000000, Size: 0x00009220, Max: 0x00080000, ABSOLUTE)

    Exec Addr    Load Addr    Size         Type   Attr      Idx    E Section Name        Object

    0x08000000   0x08000000   0x00000188   Data   RO            3    RESET               startup_stm32f40_41xxx.o
    0x08000188   0x08000188   0x00000008   Code   RO         8716  * !!!main             c_w.l(__main.o)
    0x08000190   0x08000190   0x00000034   Code   RO         9106    !!!scatter          c_w.l(__scatter.o)
    0x080001c4   0x080001c4   0x0000005a   Code   RO         9104    !!dczerorl2         c_w.l(__dczerorl2.o)
    0x0800021e   0x0800021e   0x00000002   PAD
    0x08000220   0x08000220   0x0000001c   Code   RO         9108    !!handler_zi        c_w.l(__scatter_zi.o)
    0x0800023c   0x0800023c   0x00000002   Code   RO         8935    .ARM.Collect$$libinit$$00000000  c_w.l(libinit.o)
    0x0800023e   0x0800023e   0x00000004   Code   RO         8796    .ARM.Collect$$libinit$$00000001  c_w.l(libinit2.o)
    0x08000242   0x08000242   0x00000000   Code   RO         8799    .ARM.Collect$$libinit$$00000004  c_w.l(libinit2.o)
    0x08000242   0x08000242   0x00000000   Code   RO         8802    .ARM.Collect$$libinit$$0000000A  c_w.l(libinit2.o)
    0x08000242   0x08000242   0x00000000   Code   RO         8804    .ARM.Collect$$libinit$$0000000C  c_w.l(libinit2.o)
    0x08000242   0x08000242   0x00000000   Code   RO         8806    .ARM.Collect$$libinit$$0000000E  c_w.l(libinit2.o)
    0x08000242   0x08000242   0x00000006   Code   RO         8807    .ARM.Collect$$libinit$$0000000F  c_w.l(libinit2.o)
    0x08000248   0x08000248   0x00000000   Code   RO         8809    .ARM.Collect$$libinit$$00000011  c_w.l(libinit2.o)
    0x08000248   0x08000248   0x0000000c   Code   RO         8810    .ARM.Collect$$libinit$$00000012  c_w.l(libinit2.o)
    0x08000254   0x08000254   0x00000000   Code   RO         8811    .ARM.Collect$$libinit$$00000013  c_w.l(libinit2.o)
    0x08000254   0x08000254   0x00000000   Code   RO         8813    .ARM.Collect$$libinit$$00000015  c_w.l(libinit2.o)
    0x08000254   0x08000254   0x0000000a   Code   RO         8814    .ARM.Collect$$libinit$$00000016  c_w.l(libinit2.o)
    0x0800025e   0x0800025e   0x00000000   Code   RO         8815    .ARM.Collect$$libinit$$00000017  c_w.l(libinit2.o)
    0x0800025e   0x0800025e   0x00000000   Code   RO         8817    .ARM.Collect$$libinit$$00000019  c_w.l(libinit2.o)
    0x0800025e   0x0800025e   0x00000000   Code   RO         8819    .ARM.Collect$$libinit$$0000001B  c_w.l(libinit2.o)
    0x0800025e   0x0800025e   0x00000000   Code   RO         8821    .ARM.Collect$$libinit$$0000001D  c_w.l(libinit2.o)
    0x0800025e   0x0800025e   0x00000000   Code   RO         8823    .ARM.Collect$$libinit$$0000001F  c_w.l(libinit2.o)
    0x0800025e   0x0800025e   0x00000000   Code   RO         8825    .ARM.Collect$$libinit$$00000021  c_w.l(libinit2.o)
    0x0800025e   0x0800025e   0x00000000   Code   RO         8827    .ARM.Collect$$libinit$$00000023  c_w.l(libinit2.o)
    0x0800025e   0x0800025e   0x00000000   Code   RO         8829    .ARM.Collect$$libinit$$00000025  c_w.l(libinit2.o)
    0x0800025e   0x0800025e   0x00000000   Code   RO         8833    .ARM.Collect$$libinit$$0000002C  c_w.l(libinit2.o)
    0x0800025e   0x0800025e   0x00000000   Code   RO         8835    .ARM.Collect$$libinit$$0000002E  c_w.l(libinit2.o)
    0x0800025e   0x0800025e   0x00000000   Code   RO         8837    .ARM.Collect$$libinit$$00000030  c_w.l(libinit2.o)
    0x0800025e   0x0800025e   0x00000000   Code   RO         8839    .ARM.Collect$$libinit$$00000032  c_w.l(libinit2.o)
    0x0800025e   0x0800025e   0x00000002   Code   RO         8840    .ARM.Collect$$libinit$$00000033  c_w.l(libinit2.o)
    0x08000260   0x08000260   0x00000002   Code   RO         9062    .ARM.Collect$$libshutdown$$00000000  c_w.l(libshutdown.o)
    0x08000262   0x08000262   0x00000000   Code   RO         8980    .ARM.Collect$$libshutdown$$00000002  c_w.l(libshutdown2.o)
    0x08000262   0x08000262   0x00000000   Code   RO         8982    .ARM.Collect$$libshutdown$$00000004  c_w.l(libshutdown2.o)
    0x08000262   0x08000262   0x00000000   Code   RO         8984    .ARM.Collect$$libshutdown$$00000006  c_w.l(libshutdown2.o)
    0x08000262   0x08000262   0x00000000   Code   RO         8987    .ARM.Collect$$libshutdown$$00000009  c_w.l(libshutdown2.o)
    0x08000262   0x08000262   0x00000000   Code   RO         8990    .ARM.Collect$$libshutdown$$0000000C  c_w.l(libshutdown2.o)
    0x08000262   0x08000262   0x00000000   Code   RO         8992    .ARM.Collect$$libshutdown$$0000000E  c_w.l(libshutdown2.o)
    0x08000262   0x08000262   0x00000000   Code   RO         8995    .ARM.Collect$$libshutdown$$00000011  c_w.l(libshutdown2.o)
    0x08000262   0x08000262   0x00000002   Code   RO         8996    .ARM.Collect$$libshutdown$$00000012  c_w.l(libshutdown2.o)
    0x08000264   0x08000264   0x00000000   Code   RO         8764    .ARM.Collect$$rtentry$$00000000  c_w.l(__rtentry.o)
    0x08000264   0x08000264   0x00000000   Code   RO         8858    .ARM.Collect$$rtentry$$00000002  c_w.l(__rtentry2.o)
    0x08000264   0x08000264   0x00000006   Code   RO         8870    .ARM.Collect$$rtentry$$00000004  c_w.l(__rtentry4.o)
    0x0800026a   0x0800026a   0x00000000   Code   RO         8860    .ARM.Collect$$rtentry$$00000009  c_w.l(__rtentry2.o)
    0x0800026a   0x0800026a   0x00000004   Code   RO         8861    .ARM.Collect$$rtentry$$0000000A  c_w.l(__rtentry2.o)
    0x0800026e   0x0800026e   0x00000000   Code   RO         8863    .ARM.Collect$$rtentry$$0000000C  c_w.l(__rtentry2.o)
    0x0800026e   0x0800026e   0x00000008   Code   RO         8864    .ARM.Collect$$rtentry$$0000000D  c_w.l(__rtentry2.o)
    0x08000276   0x08000276   0x00000002   Code   RO         8936    .ARM.Collect$$rtexit$$00000000  c_w.l(rtexit.o)
    0x08000278   0x08000278   0x00000000   Code   RO         9020    .ARM.Collect$$rtexit$$00000002  c_w.l(rtexit2.o)
    0x08000278   0x08000278   0x00000004   Code   RO         9021    .ARM.Collect$$rtexit$$00000003  c_w.l(rtexit2.o)
    0x0800027c   0x0800027c   0x00000006   Code   RO         9022    .ARM.Collect$$rtexit$$00000004  c_w.l(rtexit2.o)
    0x08000282   0x08000282   0x00000002   PAD
    0x08000284   0x08000284   0x000000b6   Code   RO         6211    .emb_text           port.o
    0x0800033a   0x0800033a   0x00000002   PAD
    0x0800033c   0x0800033c   0x00000040   Code   RO            4    .text               startup_stm32f40_41xxx.o
    0x0800037c   0x0800037c   0x00000002   Code   RO         8636    .text               c_w.l(use_no_semi_2.o)
    0x0800037e   0x0800037e   0x00000024   Code   RO         8700    .text               c_w.l(strstr.o)
    0x080003a2   0x080003a2   0x0000008a   Code   RO         8702    .text               c_w.l(rt_memcpy_v6.o)
    0x0800042c   0x0800042c   0x00000064   Code   RO         8704    .text               c_w.l(rt_memcpy_w.o)
    0x08000490   0x08000490   0x00000010   Code   RO         8706    .text               c_w.l(aeabi_memset.o)
    0x080004a0   0x080004a0   0x00000044   Code   RO         8708    .text               c_w.l(rt_memclr.o)
    0x080004e4   0x080004e4   0x0000004e   Code   RO         8710    .text               c_w.l(rt_memclr_w.o)
    0x08000532   0x08000532   0x00000056   Code   RO         8712    .text               c_w.l(strncpy.o)
    0x08000588   0x08000588   0x00000006   Code   RO         8714    .text               c_w.l(heapauxi.o)
    0x0800058e   0x0800058e   0x00000002   Code   RO         8760    .text               c_w.l(use_no_semi.o)
    0x08000590   0x08000590   0x00000016   Code   RO         8790    .text               c_w.l(_rserrno.o)
    0x080005a6   0x080005a6   0x00000002   PAD
    0x080005a8   0x080005a8   0x000000a4   Code   RO         8792    .text               c_w.l(strtod.o)
    0x0800064c   0x0800064c   0x00000008   Code   RO         8854    .text               c_w.l(libspace.o)
    0x08000654   0x08000654   0x00000008   Code   RO         8875    .text               c_w.l(rt_errno_addr_intlibspace.o)
    0x0800065c   0x0800065c   0x00000012   Code   RO         8885    .text               c_w.l(isspace.o)
    0x0800066e   0x0800066e   0x00000040   Code   RO         8887    .text               c_w.l(_sgetc.o)
    0x080006ae   0x080006ae   0x0000004a   Code   RO         8906    .text               c_w.l(sys_stackheap_outer.o)
    0x080006f8   0x080006f8   0x00000010   Code   RO         8908    .text               c_w.l(rt_ctype_table.o)
    0x08000708   0x08000708   0x000004f8   Code   RO         8914    .text               c_w.l(scanf_fp.o)
    0x08000c00   0x08000c00   0x00000012   Code   RO         8918    .text               c_w.l(exit.o)
    0x08000c12   0x08000c12   0x00000002   PAD
    0x08000c14   0x08000c14   0x00000080   Code   RO         8924    .text               c_w.l(strcmpv7m.o)
    0x08000c94   0x08000c94   0x00000008   Code   RO         8941    .text               c_w.l(rt_locale_intlibspace.o)
    0x08000c9c   0x08000c9c   0x000000e4   Code   RO         8947    .text               c_w.l(bigflt0.o)
    0x08000d80   0x08000d80   0x00000320   Code   RO         9026    .text               c_w.l(scanf_hexfp.o)
    0x080010a0   0x080010a0   0x00000134   Code   RO         9028    .text               c_w.l(scanf_infnan.o)
    0x080011d4   0x080011d4   0x00000026   Code   RO         9040    .text               c_w.l(llshl.o)
    0x080011fa   0x080011fa   0x0000001c   Code   RO         9042    .text               c_w.l(_chval.o)
    0x08001216   0x08001216   0x00000338   Code   RO         8960    CL$$btod_div_common  c_w.l(btod.o)
    0x0800154e   0x0800154e   0x00000002   PAD
    0x08001550   0x08001550   0x00000084   Code   RO         8958    CL$$btod_e2d        c_w.l(btod.o)
    0x080015d4   0x080015d4   0x000000dc   Code   RO         8957    CL$$btod_e2e        c_w.l(btod.o)
    0x080016b0   0x080016b0   0x0000002a   Code   RO         8954    CL$$btod_ediv       c_w.l(btod.o)
    0x080016da   0x080016da   0x0000002a   Code   RO         8956    CL$$btod_edivd      c_w.l(btod.o)
    0x08001704   0x08001704   0x0000002a   Code   RO         8953    CL$$btod_emul       c_w.l(btod.o)
    0x0800172e   0x0800172e   0x0000002a   Code   RO         8955    CL$$btod_emuld      c_w.l(btod.o)
    0x08001758   0x08001758   0x00000244   Code   RO         8959    CL$$btod_mult_common  c_w.l(btod.o)
    0x0800199c   0x0800199c   0x00000024   Code   RO         7712    i.Angle_Limiting_Int16  rmmotor.o
    0x080019c0   0x080019c0   0x00000004   Code   RO          226    i.BusFault_Handler  stm32f4xx_it.o
    0x080019c4   0x080019c4   0x0000008c   Code   RO         7946    i.CAN1_Gimbal_Fire  can_1_receive.o
    0x08001a50   0x08001a50   0x0000003c   Code   RO         7947    i.CAN1_RX0_IRQHandler  can_1_receive.o
    0x08001a8c   0x08001a8c   0x00000104   Code   RO         7948    i.CAN1_gimbal_receive  can_1_receive.o
    0x08001b90   0x08001b90   0x00000100   Code   RO         6440    i.CAN1_mode_init    can.o
    0x08001c90   0x08001c90   0x0000003c   Code   RO         8013    i.CAN2_RX0_IRQHandler  can_2_receive.o
    0x08001ccc   0x08001ccc   0x000000e8   Code   RO         8014    i.CAN2_gimbal_receive  can_2_receive.o
    0x08001db4   0x08001db4   0x00000108   Code   RO         6441    i.CAN2_mode_init    can.o
    0x08001ebc   0x08001ebc   0x00000070   Code   RO         8015    i.CAN2_yaw_Setmsg   can_2_receive.o
    0x08001f2c   0x08001f2c   0x00000038   Code   RO          645    i.CAN_ClearFlag     stm32f4xx_can.o
    0x08001f64   0x08001f64   0x000000a8   Code   RO          646    i.CAN_ClearITPendingBit  stm32f4xx_can.o
    0x0800200c   0x0800200c   0x00000038   Code   RO          648    i.CAN_DeInit        stm32f4xx_can.o
    0x08002044   0x08002044   0x00000108   Code   RO          650    i.CAN_FilterInit    stm32f4xx_can.o
    0x0800214c   0x0800214c   0x00000120   Code   RO          652    i.CAN_GetITStatus   stm32f4xx_can.o
    0x0800226c   0x0800226c   0x00000012   Code   RO          656    i.CAN_ITConfig      stm32f4xx_can.o
    0x0800227e   0x0800227e   0x00000114   Code   RO          657    i.CAN_Init          stm32f4xx_can.o
    0x08002392   0x08002392   0x000000f0   Code   RO          660    i.CAN_Receive       stm32f4xx_can.o
    0x08002482   0x08002482   0x00000020   Code   RO          663    i.CAN_StructInit    stm32f4xx_can.o
    0x080024a2   0x080024a2   0x00000126   Code   RO          665    i.CAN_Transmit      stm32f4xx_can.o
    0x080025c8   0x080025c8   0x000000a0   Code   RO          666    i.CAN_TransmitStatus  stm32f4xx_can.o
    0x08002668   0x08002668   0x00000012   Code   RO          668    i.CheckITStatus     stm32f4xx_can.o
    0x0800267a   0x0800267a   0x0000002c   Code   RO         7714    i.Check_CodeValue   rmmotor.o
    0x080026a6   0x080026a6   0x00000002   PAD
    0x080026a8   0x080026a8   0x000000b8   Code   RO         8562    i.DETECT_Task       task_detect.o
    0x08002760   0x08002760   0x00000064   Code   RO         8199    i.DMA2_Stream5_IRQHandler  remotecontrol.o
    0x080027c4   0x080027c4   0x00000034   Code   RO         1423    i.DMA_ClearFlag     stm32f4xx_dma.o
    0x080027f8   0x080027f8   0x00000034   Code   RO         1424    i.DMA_ClearITPendingBit  stm32f4xx_dma.o
    0x0800282c   0x0800282c   0x00000016   Code   RO         1425    i.DMA_Cmd           stm32f4xx_dma.o
    0x08002842   0x08002842   0x00000002   PAD
    0x08002844   0x08002844   0x00000158   Code   RO         1426    i.DMA_DeInit        stm32f4xx_dma.o
    0x0800299c   0x0800299c   0x00000014   Code   RO         1430    i.DMA_GetCmdStatus  stm32f4xx_dma.o
    0x080029b0   0x080029b0   0x00000008   Code   RO         1431    i.DMA_GetCurrDataCounter  stm32f4xx_dma.o
    0x080029b8   0x080029b8   0x00000044   Code   RO         1434    i.DMA_GetFlagStatus  stm32f4xx_dma.o
    0x080029fc   0x080029fc   0x0000003a   Code   RO         1436    i.DMA_ITConfig      stm32f4xx_dma.o
    0x08002a36   0x08002a36   0x00000002   PAD
    0x08002a38   0x08002a38   0x00000058   Code   RO         1437    i.DMA_Init          stm32f4xx_dma.o
    0x08002a90   0x08002a90   0x00000004   Code   RO         1440    i.DMA_SetCurrDataCounter  stm32f4xx_dma.o
    0x08002a94   0x08002a94   0x00000002   Code   RO          227    i.DebugMon_Handler  stm32f4xx_it.o
    0x08002a96   0x08002a96   0x00000002   PAD
    0x08002a98   0x08002a98   0x0000007c   Code   RO         8498    i.FIRE_Task         task_fire.o
    0x08002b14   0x08002b14   0x000002b0   Code   RO         8499    i.Fire_Control      task_fire.o
    0x08002dc4   0x08002dc4   0x00000080   Code   RO         8500    i.Fire_param_init   task_fire.o
    0x08002e44   0x08002e44   0x00000020   Code   RO         6753    i.Friction_Init     pwm.o
    0x08002e64   0x08002e64   0x0000008c   Code   RO         8416    i.GIMBAL_Task       task_gimbal.o
    0x08002ef0   0x08002ef0   0x00000090   Code   RO         2225    i.GPIO_Init         stm32f4xx_gpio.o
    0x08002f80   0x08002f80   0x00000046   Code   RO         2226    i.GPIO_PinAFConfig  stm32f4xx_gpio.o
    0x08002fc6   0x08002fc6   0x00000004   Code   RO         2232    i.GPIO_ResetBits    stm32f4xx_gpio.o
    0x08002fca   0x08002fca   0x00000004   Code   RO         2233    i.GPIO_SetBits      stm32f4xx_gpio.o
    0x08002fce   0x08002fce   0x00000002   PAD
    0x08002fd0   0x08002fd0   0x00000008   Code   RO         8278    i.Get_Auto_Control_Point  automatic_strike.o
    0x08002fd8   0x08002fd8   0x00000034   Code   RO         7217    i.Get_CRC16_Check_Sum  crc.o
    0x0800300c   0x0800300c   0x00000024   Code   RO         7218    i.Get_CRC8_Check_Sum  crc.o
    0x08003030   0x08003030   0x00000008   Code   RO         7950    i.Get_Fire_MotorA_Measure_Point  can_1_receive.o
    0x08003038   0x08003038   0x00000008   Code   RO         7951    i.Get_Fire_MotorB_Measure_Point  can_1_receive.o
    0x08003040   0x08003040   0x00000008   Code   RO         7952    i.Get_Pitch_Gimbal_Motor_Measure_Point  can_1_receive.o
    0x08003048   0x08003048   0x00000008   Code   RO         8200    i.Get_Remote_Control_Point  remotecontrol.o
    0x08003050   0x08003050   0x00000008   Code   RO         8016    i.Get_Yaw_Gimbal_Motor_Measure_Point  can_2_receive.o
    0x08003058   0x08003058   0x000000b0   Code   RO         8417    i.Gimba_jscope_print_curve  task_gimbal.o
    0x08003108   0x08003108   0x000000a0   Code   RO         8098    i.Gimbal_Auto       gimbal_behaviour.o
    0x080031a8   0x080031a8   0x0000004c   Code   RO         8099    i.Gimbal_AutoControl  gimbal_behaviour.o
    0x080031f4   0x080031f4   0x0000008a   Code   RO         8418    i.Gimbal_Automatic_Work  task_gimbal.o
    0x0800327e   0x0800327e   0x0000001a   Code   RO         8100    i.Gimbal_Location_Init  gimbal_behaviour.o
    0x08003298   0x08003298   0x00000108   Code   RO         8419    i.Gimbal_Manual_Work  task_gimbal.o
    0x080033a0   0x080033a0   0x00000120   Code   RO         8101    i.Gimbal_Mode_Choose  gimbal_behaviour.o
    0x080034c0   0x080034c0   0x000000c8   Code   RO         8102    i.Gimbal_Patrol     gimbal_behaviour.o
    0x08003588   0x08003588   0x000000fc   Code   RO         8103    i.Gimbal_RemoteControl  gimbal_behaviour.o
    0x08003684   0x08003684   0x00000050   Code   RO         8104    i.Gimbal_Stop       gimbal_behaviour.o
    0x080036d4   0x080036d4   0x0000003c   Code   RO         8420    i.Gimbal_Task_Control  task_gimbal.o
    0x08003710   0x08003710   0x00000070   Code   RO         8105    i.Gimbal_behaviour_mode_set  gimbal_behaviour.o
    0x08003780   0x08003780   0x000001b0   Code   RO         8421    i.Gimbal_data_init  task_gimbal.o
    0x08003930   0x08003930   0x0000000c   Code   RO         8422    i.Gimbal_remote_mode_choose  task_gimbal.o
    0x0800393c   0x0800393c   0x00000004   Code   RO          228    i.HardFault_Handler  stm32f4xx_it.o
    0x08003940   0x08003940   0x00000010   Code   RO         2740    i.IWDG_Enable       stm32f4xx_iwdg.o
    0x08003950   0x08003950   0x00000008   Code   RO         6474    i.IWDG_Feed         iwdg.o
    0x08003958   0x08003958   0x00000024   Code   RO         6475    i.IWDG_Init         iwdg.o
    0x0800397c   0x0800397c   0x00000010   Code   RO         2742    i.IWDG_ReloadCounter  stm32f4xx_iwdg.o
    0x0800398c   0x0800398c   0x0000000c   Code   RO         2743    i.IWDG_SetPrescaler  stm32f4xx_iwdg.o
    0x08003998   0x08003998   0x0000000c   Code   RO         2744    i.IWDG_SetReload    stm32f4xx_iwdg.o
    0x080039a4   0x080039a4   0x0000000c   Code   RO         2745    i.IWDG_WriteAccessCmd  stm32f4xx_iwdg.o
    0x080039b0   0x080039b0   0x00000124   Code   RO         6541    i.LED_Init          led.o
    0x08003ad4   0x08003ad4   0x00000038   Code   RO         6542    i.Laser_Init        led.o
    0x08003b0c   0x08003b0c   0x00000014   Code   RO         6543    i.Laser_OFF         led.o
    0x08003b20   0x08003b20   0x00000014   Code   RO         6544    i.Laser_ON          led.o
    0x08003b34   0x08003b34   0x000000e0   Code   RO         7600    i.Location_Pid_Int32  pid.o
    0x08003c14   0x08003c14   0x00000004   Code   RO          229    i.MemManage_Handler  stm32f4xx_it.o
    0x08003c18   0x08003c18   0x0000009c   Code   RO         8279    i.MiniPC_Data_Deal  automatic_strike.o
    0x08003cb4   0x08003cb4   0x00000060   Code   RO         8281    i.MiniPC_Send_Data  automatic_strike.o
    0x08003d14   0x08003d14   0x0000003e   Code   RO         7718    i.Motor_Actual_Position  rmmotor.o
    0x08003d52   0x08003d52   0x00000064   Code   RO         7719    i.Motor_Position_Speed_Control  rmmotor.o
    0x08003db6   0x08003db6   0x00000002   Code   RO          230    i.NMI_Handler       stm32f4xx_it.o
    0x08003db8   0x08003db8   0x00000078   Code   RO          324    i.NVIC_Init         misc.o
    0x08003e30   0x08003e30   0x00000014   Code   RO          325    i.NVIC_PriorityGroupConfig  misc.o
    0x08003e44   0x08003e44   0x0000010c   Code   RO         6754    i.PWM_Init          pwm.o
    0x08003f50   0x08003f50   0x00000020   Code   RO         3151    i.RCC_AHB1PeriphClockCmd  stm32f4xx_rcc.o
    0x08003f70   0x08003f70   0x00000020   Code   RO         3160    i.RCC_APB1PeriphClockCmd  stm32f4xx_rcc.o
    0x08003f90   0x08003f90   0x00000020   Code   RO         3162    i.RCC_APB1PeriphResetCmd  stm32f4xx_rcc.o
    0x08003fb0   0x08003fb0   0x00000020   Code   RO         3163    i.RCC_APB2PeriphClockCmd  stm32f4xx_rcc.o
    0x08003fd0   0x08003fd0   0x00000020   Code   RO         3165    i.RCC_APB2PeriphResetCmd  stm32f4xx_rcc.o
    0x08003ff0   0x08003ff0   0x000000e8   Code   RO         3172    i.RCC_GetClocksFreq  stm32f4xx_rcc.o
    0x080040d8   0x080040d8   0x0000014c   Code   RO         8201    i.RC_Deal           remotecontrol.o
    0x08004224   0x08004224   0x00000088   Code   RO         8202    i.RC_data_is_error  remotecontrol.o
    0x080042ac   0x080042ac   0x00000114   Code   RO         7267    i.Referee_Read_Data  refereedeal.o
    0x080043c0   0x080043c0   0x00000028   Code   RO         8204    i.Remote_reload     remotecontrol.o
    0x080043e8   0x080043e8   0x00000030   Code   RO         8106    i.Return_Fire_Mode  gimbal_behaviour.o
    0x08004418   0x08004418   0x00000028   Code   RO         8107    i.Return_Friction_Wheel_Mode  gimbal_behaviour.o
    0x08004440   0x08004440   0x00000004   Code   RO         8423    i.Return_Gimbal_Mode  task_gimbal.o
    0x08004444   0x08004444   0x0000000c   Code   RO         8424    i.Return_Pitch_angle  task_gimbal.o
    0x08004450   0x08004450   0x0000000c   Code   RO         8206    i.Return_RC_S2num   remotecontrol.o
    0x0800445c   0x0800445c   0x00000048   Code   RO         7720    i.Rmmotor_Speed_control  rmmotor.o
    0x080044a4   0x080044a4   0x0000001c   Code   RO         8595    i.SAFECHECK_Task    task_safecheck.o
    0x080044c0   0x080044c0   0x000000c0   Code   RO         8380    i.START_Task        task_start.o
    0x08004580   0x08004580   0x000000ec   Code   RO          283    i.SetSysClock       system_stm32f4xx.o
    0x0800466c   0x0800466c   0x00000090   Code   RO         7807    i.Sliding_Mean_Filter  maths.o
    0x080046fc   0x080046fc   0x0000004c   Code   RO         7808    i.Sliding_Mean_Filter_Init  maths.o
    0x08004748   0x08004748   0x0000002c   Code   RO         8381    i.StartTask         task_start.o
    0x08004774   0x08004774   0x00000010   Code   RO         6382    i.SysTick_Handler   delay.o
    0x08004784   0x08004784   0x00000068   Code   RO          285    i.SystemInit        system_stm32f4xx.o
    0x080047ec   0x080047ec   0x0000005e   Code   RO         6291    i.System_Init       sysinit.o
    0x0800484a   0x0800484a   0x00000014   Code   RO         6652    i.TIM2_IRQHandler   time.o
    0x0800485e   0x0800485e   0x00000002   PAD
    0x08004860   0x08004860   0x00000040   Code   RO         6655    i.TIM6_DAC_IRQHandler  time.o
    0x080048a0   0x080048a0   0x00000018   Code   RO         4535    i.TIM_ARRPreloadConfig  stm32f4xx_tim.o
    0x080048b8   0x080048b8   0x00000006   Code   RO         4541    i.TIM_ClearFlag     stm32f4xx_tim.o
    0x080048be   0x080048be   0x00000006   Code   RO         4542    i.TIM_ClearITPendingBit  stm32f4xx_tim.o
    0x080048c4   0x080048c4   0x00000018   Code   RO         4547    i.TIM_Cmd           stm32f4xx_tim.o
    0x080048dc   0x080048dc   0x00000022   Code   RO         4568    i.TIM_GetITStatus   stm32f4xx_tim.o
    0x080048fe   0x080048fe   0x00000002   PAD
    0x08004900   0x08004900   0x0000007c   Code   RO         4576    i.TIM_OC1Init       stm32f4xx_tim.o
    0x0800497c   0x0800497c   0x00000012   Code   RO         4579    i.TIM_OC1PreloadConfig  stm32f4xx_tim.o
    0x0800498e   0x0800498e   0x00000002   PAD
    0x08004990   0x08004990   0x000000a4   Code   RO         4581    i.TIM_OC2Init       stm32f4xx_tim.o
    0x08004a34   0x08004a34   0x0000001a   Code   RO         4584    i.TIM_OC2PreloadConfig  stm32f4xx_tim.o
    0x08004a4e   0x08004a4e   0x00000002   PAD
    0x08004a50   0x08004a50   0x000000a0   Code   RO         4586    i.TIM_OC3Init       stm32f4xx_tim.o
    0x08004af0   0x08004af0   0x00000012   Code   RO         4589    i.TIM_OC3PreloadConfig  stm32f4xx_tim.o
    0x08004b02   0x08004b02   0x00000002   PAD
    0x08004b04   0x08004b04   0x00000078   Code   RO         4591    i.TIM_OC4Init       stm32f4xx_tim.o
    0x08004b7c   0x08004b7c   0x0000001a   Code   RO         4593    i.TIM_OC4PreloadConfig  stm32f4xx_tim.o
    0x08004b96   0x08004b96   0x00000002   PAD
    0x08004b98   0x08004b98   0x00000084   Code   RO         4619    i.TIM_TimeBaseInit  stm32f4xx_tim.o
    0x08004c1c   0x08004c1c   0x00000048   Code   RO         6949    i.USART2_IRQHandler  usart2.o
    0x08004c64   0x08004c64   0x00000088   Code   RO         8282    i.USART3_IRQHandler  automatic_strike.o
    0x08004cec   0x08004cec   0x00000098   Code   RO         7270    i.USART6_IRQHandler  refereedeal.o
    0x08004d84   0x08004d84   0x00000018   Code   RO         5101    i.USART_Cmd         stm32f4xx_usart.o
    0x08004d9c   0x08004d9c   0x00000012   Code   RO         5102    i.USART_DMACmd      stm32f4xx_usart.o
    0x08004dae   0x08004dae   0x00000002   PAD
    0x08004db0   0x08004db0   0x000000f0   Code   RO         5103    i.USART_DeInit      stm32f4xx_usart.o
    0x08004ea0   0x08004ea0   0x0000001a   Code   RO         5104    i.USART_GetFlagStatus  stm32f4xx_usart.o
    0x08004eba   0x08004eba   0x00000054   Code   RO         5105    i.USART_GetITStatus  stm32f4xx_usart.o
    0x08004f0e   0x08004f0e   0x0000004a   Code   RO         5107    i.USART_ITConfig    stm32f4xx_usart.o
    0x08004f58   0x08004f58   0x000000d4   Code   RO         5108    i.USART_Init        stm32f4xx_usart.o
    0x0800502c   0x0800502c   0x00000008   Code   RO         5118    i.USART_SendData    stm32f4xx_usart.o
    0x08005034   0x08005034   0x00000004   Code   RO          231    i.UsageFault_Handler  stm32f4xx_it.o
    0x08005038   0x08005038   0x0000012c   Code   RO         6706    i.Usart1_Init       usart.o
    0x08005164   0x08005164   0x0000018c   Code   RO         6707    i.Usart3_Init       usart.o
    0x080052f0   0x080052f0   0x00000040   Code   RO         7219    i.Verify_CRC16_Check_Sum  crc.o
    0x08005330   0x08005330   0x0000002e   Code   RO         7220    i.Verify_CRC8_Check_Sum  crc.o
    0x0800535e   0x0800535e   0x00000002   PAD
    0x08005360   0x08005360   0x00000030   Code   RO         6599    i.Yaw_Two_Zero_GPIO_Init  photoelectric.o
    0x08005390   0x08005390   0x0000002c   Code   RO         6600    i.Yaw_Zero_GPIO_Init  photoelectric.o
    0x080053bc   0x080053bc   0x00000004   PAD
    0x080053c0   0x080053c0   0x000000f8   Code   RO         9009    i.__hardfp___mathlib_tofloat  m_wm.l(narrow.o)
    0x080054b8   0x080054b8   0x00000038   Code   RO         8748    i.__hardfp_atof     m_wm.l(atof.o)
    0x080054f0   0x080054f0   0x00000014   Code   RO         8754    i.__hardfp_fabs     m_wm.l(fabs.o)
    0x08005504   0x08005504   0x00000004   PAD
    0x08005508   0x08005508   0x000000d0   Code   RO         9063    i.__hardfp_ldexp    m_wm.l(ldexp.o)
    0x080055d8   0x080055d8   0x00000020   Code   RO         9085    i.__mathlib_dbl_overflow  m_wm.l(dunder.o)
    0x080055f8   0x080055f8   0x00000020   Code   RO         9087    i.__mathlib_dbl_underflow  m_wm.l(dunder.o)
    0x08005618   0x08005618   0x00000012   Code   RO         9010    i.__mathlib_narrow  m_wm.l(narrow.o)
    0x0800562a   0x0800562a   0x00000014   Code   RO         9065    i.__support_ldexp   m_wm.l(ldexp.o)
    0x0800563e   0x0800563e   0x0000000e   Code   RO         8916    i._is_digit         c_w.l(scanf_fp.o)
    0x0800564c   0x0800564c   0x00000004   Code   RO         6950    i._sys_exit         usart2.o
    0x08005650   0x08005650   0x00000008   Code   RO         8283    i.automatic_aiming_init  automatic_strike.o
    0x08005658   0x08005658   0x00000014   Code   RO         6383    i.delay_ms          delay.o
    0x0800566c   0x0800566c   0x0000009e   Code   RO         6384    i.delay_us          delay.o
    0x0800570a   0x0800570a   0x00000020   Code   RO         6795    i.fifo_init         fifo_buff.o
    0x0800572a   0x0800572a   0x00000056   Code   RO         6798    i.fifo_read_buff    fifo_buff.o
    0x08005780   0x08005780   0x00000042   Code   RO         7810    i.first_order_filter  maths.o
    0x080057c2   0x080057c2   0x00000002   PAD
    0x080057c4   0x080057c4   0x00000030   Code   RO         7811    i.first_order_filter_init  maths.o
    0x080057f4   0x080057f4   0x00000020   Code   RO         7813    i.float_limit       maths.o
    0x08005814   0x08005814   0x00000004   PAD
    0x08005818   0x08005818   0x0000008c   Code   RO         9036    i.frexp             m_wm.l(frexp.o)
    0x080058a4   0x080058a4   0x0000000c   Code   RO         8017    i.get_Enemy_status  can_2_receive.o
    0x080058b0   0x080058b0   0x00000008   Code   RO         8501    i.get_Fire_control_point  task_fire.o
    0x080058b8   0x080058b8   0x0000000c   Code   RO         8018    i.get_bullet_speed_from_chassis  can_2_receive.o
    0x080058c4   0x080058c4   0x0000000c   Code   RO         8020    i.get_shooter_cooling_heat  can_2_receive.o
    0x080058d0   0x080058d0   0x0000000c   Code   RO         8021    i.get_shooter_cooling_limit  can_2_receive.o
    0x080058dc   0x080058dc   0x00000060   Code   RO         8425    i.gimbal_pitch_init  task_gimbal.o
    0x0800593c   0x0800593c   0x00000050   Code   RO         8284    i.hex2Float         automatic_strike.o
    0x0800598c   0x0800598c   0x0000000a   Code   RO         7815    i.int16_t_abs       maths.o
    0x08005996   0x08005996   0x00000010   Code   RO         7816    i.int32_limit       maths.o
    0x080059a6   0x080059a6   0x00000060   Code   RO         7820    i.loop_fp32_constrain  maths.o
    0x08005a06   0x08005a06   0x00000010   Code   RO           13    i.main              main.o
    0x08005a16   0x08005a16   0x0000000e   Code   RO         6800    i.min_fifo          fifo_buff.o
    0x08005a24   0x08005a24   0x00000066   Code   RO         7722    i.motor_position_Stepping  rmmotor.o
    0x08005a8a   0x08005a8a   0x00000002   PAD
    0x08005a8c   0x08005a8c   0x00000074   Code   RO         7603    i.pid_init          pid.o
    0x08005b00   0x08005b00   0x000002c4   Code   RO         6893    i.pid_parameter_receive  upper_machine.o
    0x08005dc4   0x08005dc4   0x00000136   Code   RO         7604    i.pid_regulator     pid.o
    0x08005efa   0x08005efa   0x00000002   PAD
    0x08005efc   0x08005efc   0x00000098   Code   RO         5695    i.prvAddCurrentTaskToDelayedList  tasks.o
    0x08005f94   0x08005f94   0x000000b8   Code   RO         5696    i.prvAddNewTaskToReadyList  tasks.o
    0x0800604c   0x0800604c   0x00000064   Code   RO         6032    i.prvCheckForValidListAndQueue  timers.o
    0x080060b0   0x080060b0   0x00000064   Code   RO         5697    i.prvCheckTasksWaitingTermination  tasks.o
    0x08006114   0x08006114   0x0000002a   Code   RO         5497    i.prvCopyDataFromQueue  queue.o
    0x0800613e   0x0800613e   0x0000007c   Code   RO         5498    i.prvCopyDataToQueue  queue.o
    0x080061ba   0x080061ba   0x00000012   Code   RO         5698    i.prvDeleteTCB      tasks.o
    0x080061cc   0x080061cc   0x00000028   Code   RO         6033    i.prvGetNextExpireTime  timers.o
    0x080061f4   0x080061f4   0x0000007c   Code   RO         6162    i.prvHeapInit       heap_4.o
    0x08006270   0x08006270   0x00000028   Code   RO         5699    i.prvIdleTask       tasks.o
    0x08006298   0x08006298   0x0000002a   Code   RO         5500    i.prvInitialiseNewQueue  queue.o
    0x080062c2   0x080062c2   0x000000b4   Code   RO         5700    i.prvInitialiseNewTask  tasks.o
    0x08006376   0x08006376   0x00000002   PAD
    0x08006378   0x08006378   0x00000068   Code   RO         5701    i.prvInitialiseTaskLists  tasks.o
    0x080063e0   0x080063e0   0x00000068   Code   RO         6163    i.prvInsertBlockIntoFreeList  heap_4.o
    0x08006448   0x08006448   0x00000058   Code   RO         6035    i.prvInsertTimerInActiveList  timers.o
    0x080064a0   0x080064a0   0x0000001a   Code   RO         5501    i.prvIsQueueEmpty   queue.o
    0x080064ba   0x080064ba   0x0000001e   Code   RO         5502    i.prvIsQueueFull    queue.o
    0x080064d8   0x080064d8   0x00000064   Code   RO         6036    i.prvProcessExpiredTimer  timers.o
    0x0800653c   0x0800653c   0x000000f8   Code   RO         6037    i.prvProcessReceivedCommands  timers.o
    0x08006634   0x08006634   0x00000074   Code   RO         6038    i.prvProcessTimerOrBlockTask  timers.o
    0x080066a8   0x080066a8   0x00000034   Code   RO         5703    i.prvResetNextTaskUnblockTime  tasks.o
    0x080066dc   0x080066dc   0x0000002c   Code   RO         6039    i.prvSampleTimeNow  timers.o
    0x08006708   0x08006708   0x000000a0   Code   RO         6040    i.prvSwitchTimerLists  timers.o
    0x080067a8   0x080067a8   0x00000040   Code   RO         6212    i.prvTaskExitError  port.o
    0x080067e8   0x080067e8   0x0000001a   Code   RO         6041    i.prvTimerTask      timers.o
    0x08006802   0x08006802   0x0000007e   Code   RO         5503    i.prvUnlockQueue    queue.o
    0x08006880   0x08006880   0x0000013c   Code   RO         6164    i.pvPortMalloc      heap_4.o
    0x080069bc   0x080069bc   0x00000020   Code   RO         5706    i.pvTaskIncrementMutexHeldCount  tasks.o
    0x080069dc   0x080069dc   0x0000002c   Code   RO         6213    i.pxPortInitialiseStack  port.o
    0x08006a08   0x08006a08   0x00000010   Code   RO         8207    i.remote_control_init  remotecontrol.o
    0x08006a18   0x08006a18   0x0000005c   Code   RO         8502    i.shoot_hot_limit   task_fire.o
    0x08006a74   0x08006a74   0x00000028   Code   RO         8503    i.snail_motor_pwm   task_fire.o
    0x08006a9c   0x08006a9c   0x000000c0   Code   RO         7605    i.step_in_processing  pid.o
    0x08006b5c   0x08006b5c   0x0000000a   Code   RO         6894    i.upper_machine_communication  upper_machine.o
    0x08006b66   0x08006b66   0x00000002   PAD
    0x08006b68   0x08006b68   0x00000078   Code   RO         6895    i.upper_machine_usart2_callback  upper_machine.o
    0x08006be0   0x08006be0   0x000001a8   Code   RO         6952    i.usart2_init       usart2.o
    0x08006d88   0x08006d88   0x00000028   Code   RO         5460    i.uxListRemove      list.o
    0x08006db0   0x08006db0   0x0000001a   Code   RO         5461    i.vListInitialise   list.o
    0x08006dca   0x08006dca   0x00000006   Code   RO         5462    i.vListInitialiseItem  list.o
    0x08006dd0   0x08006dd0   0x00000034   Code   RO         5463    i.vListInsert       list.o
    0x08006e04   0x08006e04   0x00000018   Code   RO         5464    i.vListInsertEnd    list.o
    0x08006e1c   0x08006e1c   0x00000054   Code   RO         6215    i.vPortEnterCritical  port.o
    0x08006e70   0x08006e70   0x0000003c   Code   RO         6216    i.vPortExitCritical  port.o
    0x08006eac   0x08006eac   0x00000094   Code   RO         6165    i.vPortFree         heap_4.o
    0x08006f40   0x08006f40   0x00000020   Code   RO         6217    i.vPortSetupTimerInterrupt  port.o
    0x08006f60   0x08006f60   0x00000078   Code   RO         6218    i.vPortValidateInterruptPriority  port.o
    0x08006fd8   0x08006fd8   0x0000002c   Code   RO         5509    i.vQueueAddToRegistry  queue.o
    0x08007004   0x08007004   0x0000004a   Code   RO         5513    i.vQueueWaitForMessageRestricted  queue.o
    0x0800704e   0x0800704e   0x00000002   PAD
    0x08007050   0x08007050   0x0000005c   Code   RO         5714    i.vTaskDelay        tasks.o
    0x080070ac   0x080070ac   0x000000f4   Code   RO         5716    i.vTaskDelete       tasks.o
    0x080071a0   0x080071a0   0x0000000c   Code   RO         5719    i.vTaskMissedYield  tasks.o
    0x080071ac   0x080071ac   0x00000038   Code   RO         5721    i.vTaskPlaceOnEventList  tasks.o
    0x080071e4   0x080071e4   0x00000040   Code   RO         5722    i.vTaskPlaceOnEventListRestricted  tasks.o
    0x08007224   0x08007224   0x000000b0   Code   RO         5724    i.vTaskPriorityInherit  tasks.o
    0x080072d4   0x080072d4   0x00000030   Code   RO         5728    i.vTaskSetTimeOutState  tasks.o
    0x08007304   0x08007304   0x00000094   Code   RO         5729    i.vTaskStartScheduler  tasks.o
    0x08007398   0x08007398   0x00000010   Code   RO         5731    i.vTaskSuspendAll   tasks.o
    0x080073a8   0x080073a8   0x0000008c   Code   RO         5732    i.vTaskSwitchContext  tasks.o
    0x08007434   0x08007434   0x0000013c   Code   RO         6219    i.xPortStartScheduler  port.o
    0x08007570   0x08007570   0x00000034   Code   RO         6220    i.xPortSysTickHandler  port.o
    0x080075a4   0x080075a4   0x00000058   Code   RO         5516    i.xQueueGenericCreate  queue.o
    0x080075fc   0x080075fc   0x000001c4   Code   RO         5517    i.xQueueGenericReceive  queue.o
    0x080077c0   0x080077c0   0x00000098   Code   RO         5518    i.xQueueGenericReset  queue.o
    0x08007858   0x08007858   0x000001a8   Code   RO         5519    i.xQueueGenericSend  queue.o
    0x08007a00   0x08007a00   0x000000f8   Code   RO         5520    i.xQueueGenericSendFromISR  queue.o
    0x08007af8   0x08007af8   0x0000008c   Code   RO         5733    i.xTaskCheckForTimeOut  tasks.o
    0x08007b84   0x08007b84   0x00000060   Code   RO         5734    i.xTaskCreate       tasks.o
    0x08007be4   0x08007be4   0x00000020   Code   RO         5738    i.xTaskGetSchedulerState  tasks.o
    0x08007c04   0x08007c04   0x0000000c   Code   RO         5739    i.xTaskGetTickCount  tasks.o
    0x08007c10   0x08007c10   0x00000148   Code   RO         5741    i.xTaskIncrementTick  tasks.o
    0x08007d58   0x08007d58   0x000000c8   Code   RO         5744    i.xTaskPriorityDisinherit  tasks.o
    0x08007e20   0x08007e20   0x00000098   Code   RO         5745    i.xTaskRemoveFromEventList  tasks.o
    0x08007eb8   0x08007eb8   0x00000104   Code   RO         5747    i.xTaskResumeAll    tasks.o
    0x08007fbc   0x08007fbc   0x00000058   Code   RO         6045    i.xTimerCreateTimerTask  timers.o
    0x08008014   0x08008014   0x00000084   Code   RO         6046    i.xTimerGenericCommand  timers.o
    0x08008098   0x08008098   0x0000002c   Code   RO         8890    locale$$code        c_w.l(lc_numeric_c.o)
    0x080080c4   0x080080c4   0x0000002c   Code   RO         8973    locale$$code        c_w.l(lc_ctype_c.o)
    0x080080f0   0x080080f0   0x00000062   Code   RO         8718    x$fpl$d2f           fz_wm.l(d2f.o)
    0x08008152   0x08008152   0x00000002   PAD
    0x08008154   0x08008154   0x00000150   Code   RO         8720    x$fpl$dadd          fz_wm.l(daddsub_clz.o)
    0x080082a4   0x080082a4   0x00000010   Code   RO         9096    x$fpl$dcheck1       fz_wm.l(dcheck1.o)
    0x080082b4   0x080082b4   0x00000018   Code   RO         8841    x$fpl$dcmpinf       fz_wm.l(dcmpi.o)
    0x080082cc   0x080082cc   0x000002b0   Code   RO         8727    x$fpl$ddiv          fz_wm.l(ddiv.o)
    0x0800857c   0x0800857c   0x00000078   Code   RO         8730    x$fpl$deqf          fz_wm.l(deqf.o)
    0x080085f4   0x080085f4   0x0000005e   Code   RO         8732    x$fpl$dfix          fz_wm.l(dfix.o)
    0x08008652   0x08008652   0x0000002e   Code   RO         8737    x$fpl$dflt          fz_wm.l(dflt_clz.o)
    0x08008680   0x08008680   0x00000078   Code   RO         8742    x$fpl$dleqf         fz_wm.l(dleqf.o)
    0x080086f8   0x080086f8   0x00000154   Code   RO         8744    x$fpl$dmul          fz_wm.l(dmul.o)
    0x0800884c   0x0800884c   0x0000009c   Code   RO         8843    x$fpl$dnaninf       fz_wm.l(dnaninf.o)
    0x080088e8   0x080088e8   0x0000000c   Code   RO         8845    x$fpl$dretinf       fz_wm.l(dretinf.o)
    0x080088f4   0x080088f4   0x0000006c   Code   RO         9032    x$fpl$drleqf        fz_wm.l(drleqf.o)
    0x08008960   0x08008960   0x000001d4   Code   RO         8722    x$fpl$dsub          fz_wm.l(daddsub_clz.o)
    0x08008b34   0x08008b34   0x00000056   Code   RO         8746    x$fpl$f2d           fz_wm.l(f2d.o)
    0x08008b8a   0x08008b8a   0x0000008c   Code   RO         8847    x$fpl$fnaninf       fz_wm.l(fnaninf.o)
    0x08008c16   0x08008c16   0x0000000a   Code   RO         8901    x$fpl$fpinit        fz_wm.l(fpinit.o)
    0x08008c20   0x08008c20   0x0000000a   Code   RO         8849    x$fpl$fretinf       fz_wm.l(fretinf.o)
    0x08008c2a   0x08008c2a   0x00000006   Code   RO         9001    x$fpl$ieeestatus    fz_wm.l(istatus.o)
    0x08008c30   0x08008c30   0x00000064   Code   RO         9098    x$fpl$retnan        fz_wm.l(retnan.o)
    0x08008c94   0x08008c94   0x0000005c   Code   RO         9079    x$fpl$scalbn        fz_wm.l(scalbn.o)
    0x08008cf0   0x08008cf0   0x00000004   Code   RO         8903    x$fpl$scanf1        fz_wm.l(scanf1.o)
    0x08008cf4   0x08008cf4   0x00000008   Code   RO         9003    x$fpl$scanf2        fz_wm.l(scanf2.o)
    0x08008cfc   0x08008cfc   0x00000030   Code   RO         9100    x$fpl$trapveneer    fz_wm.l(trapv.o)
    0x08008d2c   0x08008d2c   0x00000000   Code   RO         8851    x$fpl$usenofp       fz_wm.l(usenofp.o)
    0x08008d2c   0x08008d2c   0x00000302   Data   RO         7221    .constdata          crc.o
    0x0800902e   0x0800902e   0x00000002   PAD
    0x08009030   0x08009030   0x00000094   Data   RO         8948    .constdata          c_w.l(bigflt0.o)
    0x080090c4   0x080090c4   0x00000020   Data   RO         9102    Region$$Table       anon$$obj.o
    0x080090e4   0x080090e4   0x00000008   Data   RO         8997    c$$dinf             fz_wm.l(fpconst.o)
    0x080090ec   0x080090ec   0x00000008   Data   RO         9000    c$$dmax             fz_wm.l(fpconst.o)
    0x080090f4   0x080090f4   0x0000001c   Data   RO         8889    locale$$data        c_w.l(lc_numeric_c.o)
    0x08009110   0x08009110   0x00000110   Data   RO         8972    locale$$data        c_w.l(lc_ctype_c.o)


    Execution Region RW_IRAM1 (Exec base: 0x20000000, Load base: 0x08009220, Size: 0x00014ca0, Max: 0x00020000, ABSOLUTE, COMPRESSED[0x00000030])

    Exec Addr    Load Addr    Size         Type   Attr      Idx    E Section Name        Object

    0x20000000   COMPRESSED   0x00000014   Data   RW          286    .data               system_stm32f4xx.o
    0x20000014   COMPRESSED   0x00000010   Data   RW         3204    .data               stm32f4xx_rcc.o
    0x20000024   COMPRESSED   0x0000003c   Data   RW         5750    .data               tasks.o
    0x20000060   COMPRESSED   0x00000014   Data   RW         6052    .data               timers.o
    0x20000074   COMPRESSED   0x00000018   Data   RW         6170    .data               heap_4.o
    0x2000008c   COMPRESSED   0x0000000c   Data   RW         6221    .data               port.o
    0x20000098   COMPRESSED   0x00000018   Data   RW         6656    .data               time.o
    0x200000b0   COMPRESSED   0x00000008   Data   RW         6898    .data               upper_machine.o
    0x200000b8   COMPRESSED   0x00000008   Data   RW         6954    .data               usart2.o
    0x200000c0   COMPRESSED   0x00000002   Data   RW         7222    .data               crc.o
    0x200000c2   COMPRESSED   0x00000006   Data   RW         7307    .data               refereedeal.o
    0x200000c8   COMPRESSED   0x00000009   Data   RW         8023    .data               can_2_receive.o
    0x200000d1   COMPRESSED   0x00000003   PAD
    0x200000d4   COMPRESSED   0x00000024   Data   RW         8108    .data               gimbal_behaviour.o
    0x200000f8   COMPRESSED   0x00000004   Data   RW         8209    .data               remotecontrol.o
    0x200000fc   COMPRESSED   0x0000000a   Data   RW         8286    .data               automatic_strike.o
    0x20000106   COMPRESSED   0x00000002   PAD
    0x20000108   COMPRESSED   0x00000014   Data   RW         8382    .data               task_start.o
    0x2000011c   COMPRESSED   0x00000042   Data   RW         8427    .data               task_gimbal.o
    0x2000015e   COMPRESSED   0x00000002   PAD
    0x20000160   COMPRESSED   0x00000010   Data   RW         8505    .data               task_fire.o
    0x20000170   COMPRESSED   0x00000004   Data   RW         8563    .data               task_detect.o
    0x20000174   COMPRESSED   0x0000000c   Data   RW         8596    .data               task_safecheck.o
    0x20000180        -       0x00000040   Zero   RW         5528    .bss                queue.o
    0x200001c0        -       0x000000c8   Zero   RW         5749    .bss                tasks.o
    0x20000288        -       0x00000028   Zero   RW         6051    .bss                timers.o
    0x200002b0        -       0x00012c00   Zero   RW         6169    .bss                heap_4.o
    0x20012eb0        -       0x00000400   Zero   RW         6709    .bss                usart.o
    0x200132b0        -       0x00000030   Zero   RW         6897    .bss                upper_machine.o
    0x200132e0        -       0x00000214   Zero   RW         6953    .bss                usart2.o
    0x200134f4        -       0x000001c2   Zero   RW         7306    .bss                refereedeal.o
    0x200136b6   COMPRESSED   0x00000002   PAD
    0x200136b8        -       0x000000c4   Zero   RW         7953    .bss                can_1_receive.o
    0x2001377c        -       0x00000030   Zero   RW         8022    .bss                can_2_receive.o
    0x200137ac        -       0x00000028   Zero   RW         8208    .bss                remotecontrol.o
    0x200137d4        -       0x00000130   Zero   RW         8285    .bss                automatic_strike.o
    0x20013904        -       0x00000c5c   Zero   RW         8426    .bss                task_gimbal.o
    0x20014560        -       0x000000e0   Zero   RW         8504    .bss                task_fire.o
    0x20014640        -       0x00000060   Zero   RW         8855    .bss                c_w.l(libspace.o)
    0x200146a0        -       0x00000200   Zero   RW            2    HEAP                startup_stm32f40_41xxx.o
    0x200148a0        -       0x00000400   Zero   RW            1    STACK               startup_stm32f40_41xxx.o


==============================================================================

Image component sizes


      Code (inc. data)   RO Data    RW Data    ZI Data      Debug   Object Name

       484         74          0         10        304       5427   automatic_strike.o
       520         18          0          0          0       2210   can.o
       484         64          0          0        196       5470   can_1_receive.o
       460         72          0          9         48       6327   can_2_receive.o
       198         16        770          2          0       4145   crc.o
       194          0          0          0          0       1964   delay.o
         0          0          0          0          0      10616   event_groups.o
       132          0          0          0          0       3469   fifo_buff.o
      1282        138          0         36          0       8893   gimbal_behaviour.o
       692         62          0         24      76800       4895   heap_4.o
        44          0          0          0          0       1196   iwdg.o
       388         28          0          0          0       2395   led.o
       148          0          0          0          0       3686   list.o
        16          0          0          0          0      80871   main.o
       488         16          0          0          0       6384   maths.o
       140         24          0          0          0     248619   misc.o
        92         10          0          0          0       1294   photoelectric.o
       842         14          0          0          0       3729   pid.o
       954         92          0         12          0      12209   port.o
       300         20          0          0          0       1427   pwm.o
      1872         22          0          0         64      17029   queue.o
       428         24          0          6        450       7904   refereedeal.o
       644         48          0          4         40       5614   remotecontrol.o
       416          0          0          0          0       5486   rmmotor.o
        64         26        392          0       1536        952   startup_stm32f40_41xxx.o
      1870         48          0          0          0       9777   stm32f4xx_can.o
       716         68          0          0          0       8258   stm32f4xx_dma.o
       222          0          0          0          0       3279   stm32f4xx_gpio.o
        20          0          0          0          0       3065   stm32f4xx_it.o
        68         30          0          0          0       2850   stm32f4xx_iwdg.o
       392         48          0         16          0       6425   stm32f4xx_rcc.o
       882         66          0          0          0      10522   stm32f4xx_tim.o
       686         42          0          0          0       6819   stm32f4xx_usart.o
        94          0          0          0          0      10962   sysinit.o
       340         32          0         20          0       2101   system_stm32f4xx.o
       184         10          0          4          0       1580   task_detect.o
      1080        102          0         16        224       6627   task_fire.o
      1334        166          0         66       3164       8596   task_gimbal.o
        28         10          0         12          0       1505   task_safecheck.o
       236        110          0         20          0       1605   task_start.o
      3078        410          0         60        200      24971   tasks.o
        84         10          0         24          0       2008   time.o
      1142        118          0         20         40      18383   timers.o
       838         84          0          8         48       3850   upper_machine.o
       696         46          0          0       1024       2818   usart.o
       500         48          0          8        532       4444   usart2.o

    ----------------------------------------------------------------------
     25820       2220       1196        384      84672     592656   Object Totals
         0          0         32          0          0          0   (incl. Generated)
        48          4          2          7          2          0   (incl. Padding)

    ----------------------------------------------------------------------

      Code (inc. data)   RO Data    RW Data    ZI Data      Debug   Library Member Name

        90          0          0          0          0          0   __dczerorl2.o
         8          0          0          0          0         68   __main.o
         0          0          0          0          0          0   __rtentry.o
        12          0          0          0          0          0   __rtentry2.o
         6          0          0          0          0          0   __rtentry4.o
        52          8          0          0          0          0   __scatter.o
        28          0          0          0          0          0   __scatter_zi.o
        28          0          0          0          0         68   _chval.o
        22          0          0          0          0        100   _rserrno.o
        64          0          0          0          0         84   _sgetc.o
        16          0          0          0          0         68   aeabi_memset.o
       228          4        148          0          0         96   bigflt0.o
      1924        136          0          0          0        756   btod.o
        18          0          0          0          0         80   exit.o
         6          0          0          0          0        152   heapauxi.o
        18          0          0          0          0         76   isspace.o
        44         10        272          0          0         76   lc_ctype_c.o
        44         10         28          0          0         76   lc_numeric_c.o
         2          0          0          0          0          0   libinit.o
        34          0          0          0          0          0   libinit2.o
         2          0          0          0          0          0   libshutdown.o
         2          0          0          0          0          0   libshutdown2.o
         8          4          0          0         96         68   libspace.o
        38          0          0          0          0         68   llshl.o
        16          4          0          0          0         76   rt_ctype_table.o
         8          4          0          0          0         68   rt_errno_addr_intlibspace.o
         8          4          0          0          0         68   rt_locale_intlibspace.o
        68          0          0          0          0         68   rt_memclr.o
        78          0          0          0          0         80   rt_memclr_w.o
       138          0          0          0          0         68   rt_memcpy_v6.o
       100          0          0          0          0         80   rt_memcpy_w.o
         2          0          0          0          0          0   rtexit.o
        10          0          0          0          0          0   rtexit2.o
      1286         16          0          0          0        236   scanf_fp.o
       800         14          0          0          0        100   scanf_hexfp.o
       308         16          0          0          0        100   scanf_infnan.o
       128          0          0          0          0         68   strcmpv7m.o
        86          0          0          0          0         76   strncpy.o
        36          0          0          0          0         80   strstr.o
       164         14          0          0          0        120   strtod.o
        74          0          0          0          0         80   sys_stackheap_outer.o
         2          0          0          0          0         68   use_no_semi.o
         2          0          0          0          0         68   use_no_semi_2.o
        98          4          0          0          0        140   d2f.o
       804         16          0          0          0        368   daddsub_clz.o
        16          4          0          0          0        116   dcheck1.o
        24          0          0          0          0        116   dcmpi.o
       688        140          0          0          0        256   ddiv.o
       120          4          0          0          0        140   deqf.o
        94          4          0          0          0        140   dfix.o
        46          0          0          0          0        116   dflt_clz.o
       120          4          0          0          0        140   dleqf.o
       340         12          0          0          0        152   dmul.o
       156          4          0          0          0        140   dnaninf.o
        12          0          0          0          0        116   dretinf.o
       108          0          0          0          0        128   drleqf.o
        86          4          0          0          0        132   f2d.o
       140          4          0          0          0        132   fnaninf.o
         0          0         16          0          0          0   fpconst.o
        10          0          0          0          0        116   fpinit.o
        10          0          0          0          0        116   fretinf.o
         6          0          0          0          0        116   istatus.o
       100          0          0          0          0        116   retnan.o
        92          0          0          0          0        116   scalbn.o
         4          0          0          0          0        116   scanf1.o
         8          0          0          0          0        132   scanf2.o
        48          0          0          0          0        116   trapv.o
         0          0          0          0          0          0   usenofp.o
        56         12          0          0          0        132   atof.o
        64         16          0          0          0        248   dunder.o
        20          0          0          0          0        124   fabs.o
       140         22          0          0          0        132   frexp.o
       228          8          0          0          0        308   ldexp.o
       266         16          0          0          0        308   narrow.o

    ----------------------------------------------------------------------
      9928        520        464          0         96       7868   Library Totals
        16          2          0          0          0          0   (incl. Padding)

    ----------------------------------------------------------------------

      Code (inc. data)   RO Data    RW Data    ZI Data      Debug   Library Name

      6008        244        448          0         96       3340   c_w.l
      3130        200         16          0          0       3276   fz_wm.l
       774         74          0          0          0       1252   m_wm.l

    ----------------------------------------------------------------------
      9928        520        464          0         96       7868   Library Totals

    ----------------------------------------------------------------------

==============================================================================


      Code (inc. data)   RO Data    RW Data    ZI Data      Debug   

     35748       2740       1660        384      84768     572104   Grand Totals
     35748       2740       1660         48      84768     572104   ELF Image Totals (compressed)
     35748       2740       1660         48          0          0   ROM Totals

==============================================================================

    Total RO  Size (Code + RO Data)                37408 (  36.53kB)
    Total RW  Size (RW Data + ZI Data)             85152 (  83.16kB)
    Total ROM Size (Code + RO Data + RW Data)      37456 (  36.58kB)

==============================================================================

