<html>
<body>
<pre>
<h1>礦ision Build Log</h1>
<h2>Tool Versions:</h2>
IDE-Version: μVision V5.32.0.0
Copyright (C) 2020 ARM Ltd and ARM Germany GmbH. All rights reserved.
License Information: 。。 admin, 。。, LIC=YA39H-WNEL1-HL8CL-0GD28-GT95M-DX39W
 
Tool Versions:
Toolchain:       MDK-ARM Plus  Version: 5.32.0.0
Toolchain Path:  D:\uv5\ARM\ARMCC\Bin
C Compiler:      Armcc.exe V5.06 update 7 (build 960)
Assembler:       Armasm.exe V5.06 update 7 (build 960)
Linker/Locator:  ArmLink.exe V5.06 update 7 (build 960)
Library Manager: ArmAr.exe V5.06 update 7 (build 960)
Hex Converter:   FromElf.exe V5.06 update 7 (build 960)
CPU DLL:         SARMCM3.DLL V5.32.0.0
Dialog DLL:      DCM.DLL V1.17.3.0
Target DLL:      CMSIS_AGDI.dll V1.32.12.0
Dialog DLL:      TCM.DLL V1.46.0.0
 
<h2>Project:</h2>
C:\Users\admin\Desktop\SENTRY_407-MatchCode v-1.9.25\SENTRY_407-MatchCode1.1\SentryChassis_F407 -MatchCode\USER\Project_F407.uvprojx
Project File Date:  07/31/2021

<h2>Output:</h2>
*** Using Compiler 'V5.06 update 7 (build 960)', folder: 'D:\uv5\ARM\ARMCC\Bin'
Build target 'Sentry_Chassis'
compiling time.c...
compiling iwdg.c...
compiling can.c...
compiling main.c...
compiling led.c...
compiling photoelectric.c...
compiling usart.c...
..\HARDWARE\USART\usart.c(575): warning:  #1-D: last line of file ends without a newline
  }
..\HARDWARE\USART\usart.c: 1 warning, 0 errors
compiling SysInit.c...
compiling CRC.c...
compiling rng.c...
compiling adc.c...
compiling pid.c...
compiling sensor.c...
compiling RefereeDeal.c...
compiling pwm.c...
compiling UserReferee.c...
compiling Double_Gimbal.c...
compiling CAN_1_receive.c...
compiling RemoteControl.c...
compiling rmmotor.c...
compiling CAN_2_receive.c...
compiling Task_Start.c...
compiling Capacitor_control.c...
compiling chassis_behaviour.c...
..\CONTROL\chassis_behaviour\chassis_behaviour.c(553): warning:  #177-D: function "Yaw_Angle_Limit"  was declared but never referenced
  int16_t Yaw_Angle_Limit(int16_t Err_data)
..\CONTROL\chassis_behaviour\chassis_behaviour.c(212): warning:  #550-D: variable "speed_status_count2"  was set but never used
  static u16 		  speed_status_count2 = 0;						// 变向时间计时
..\CONTROL\chassis_behaviour\chassis_behaviour.c(214): warning:  #177-D: variable "chassis_register2"  was declared but never referenced
  static int32_t 	chassis_register2 = 0;							//速度记录值
..\CONTROL\chassis_behaviour\chassis_behaviour.c(216): warning:  #177-D: variable "forward_flag"  was declared but never referenced
  static u16 			forward_flag ,back_flag = 0;					// 随机模式1 强制转向标志位
..\CONTROL\chassis_behaviour\chassis_behaviour.c(216): warning:  #177-D: variable "back_flag"  was declared but never referenced
  static u16 			forward_flag ,back_flag = 0;					// 随机模式1 强制转向标志位
..\CONTROL\chassis_behaviour\chassis_behaviour.c(445): warning:  #177-D: function "Chassis_Fixation"  was declared but never referenced
  static void Chassis_Fixation(chassis_control_t * Chassis_Fixation_f)
..\CONTROL\chassis_behaviour\chassis_behaviour.c: 6 warnings, 0 errors
compiling Task_Detect.c...
compiling Task_Test.c...
compiling Task_Remote.c...
compiling Task_Safecheck.c...
compiling Task_Fire.c...
compiling Task_Chassis.c...
..\TASK\Task_Chassis\Task_Chassis.c(555): warning:  #940-D: missing return statement at end of non-void function "automatic_Enemy_color" 
  }
..\TASK\Task_Chassis\Task_Chassis.c: 1 warning, 0 errors
linking...
Program Size: Code=20538 RO-data=1194 RW-data=332 ZI-data=81580  
FromELF: creating hex file...
"..\OBJ\Project_F407.axf" - 0 Error(s), 8 Warning(s).

<h2>Software Packages used:</h2>

Package Vendor: Keil
                http://www.keil.com/pack/Keil.STM32F4xx_DFP.2.15.0.pack
                Keil.STM32F4xx_DFP.2.15.0
                STMicroelectronics STM32F4 Series Device Support, Drivers and Examples

<h2>Collection of Component include folders:</h2>
  C:\Users\admin\AppData\Local\Arm\Packs\Keil\STM32F4xx_DFP\2.15.0\Drivers\CMSIS\Device\ST\STM32F4xx\Include

<h2>Collection of Component Files used:</h2>
Build Time Elapsed:  00:00:07
</pre>
</body>
</html>
